../Core/Src/main.c:104:6:test1	8	static
../Core/Src/main.c:117:7:test2	24	static
../Core/Src/main.c:132:6:test3	16	static
../Core/Src/main.c:151:6:test4	48	static
../Core/Src/main.c:257:6:enableTSREF	16	static
../Core/Src/main.c:264:6:configureGPIO8_ADC	16	static
../Core/Src/main.c:275:7:readGPIO1Voltage	32	static
../Core/Src/main.c:292:7:readTSREFVoltage	24	static
../Core/Src/main.c:310:7:readGPIO8Voltage	32	static
../Core/Src/main.c:336:5:main	16	static
../Core/Src/main.c:431:6:SystemClock_Config	72	static
../Core/Src/main.c:471:13:MX_TIM2_Init	32	static
../Core/Src/main.c:516:13:MX_USART1_UART_Init	8	static
../Core/Src/main.c:549:13:MX_USART2_UART_Init	8	static
../Core/Src/main.c:582:13:MX_GPIO_Init	40	static
../Core/Src/main.c:609:6:StartDefaultTask	16	static
../Core/Src/main.c:633:6:Error_Handler	4	static,ignoring_inline_asm
