../Core/Src/main.c:107:6:TIM2_Delay_ms	3
../Core/Src/main.c:121:6:test1	1
../Core/Src/main.c:134:7:test2	1
../Core/Src/main.c:149:6:test3	1
../Core/Src/main.c:168:6:test4	7
../Core/Src/main.c:274:6:enableTSREF	1
../Core/Src/main.c:281:6:configureGPIO8_ADC	1
../Core/Src/main.c:292:7:readGPIO1Voltage	1
../Core/Src/main.c:309:7:readTSREFVoltage	1
../Core/Src/main.c:327:7:readGPIO8Voltage	1
../Core/Src/main.c:353:5:main	1
../Core/Src/main.c:424:6:SystemClock_Config	3
../Core/Src/main.c:464:13:MX_TIM2_Init	4
../Core/Src/main.c:509:13:MX_USART1_UART_Init	2
../Core/Src/main.c:542:13:MX_USART2_UART_Init	2
../Core/Src/main.c:575:13:MX_GPIO_Init	1
../Core/Src/main.c:602:6:StartDefaultTask	1
../Core/Src/main.c:618:6:BMS_Init	1
../Core/Src/main.c:653:6:Error_Handler	1
