../Core/Src/main.c:155:6:enableTSREF	16	static
../Core/Src/main.c:162:6:configureGPIO8_ADC	16	static
../Core/Src/main.c:173:7:readGPIO1Voltage	32	static
../Core/Src/main.c:190:7:readTSREFVoltage	24	static
../Core/Src/main.c:208:7:readGPIO8Voltage	32	static
../Core/Src/main.c:234:5:main	16	static
../Core/Src/main.c:329:6:SystemClock_Config	72	static
../Core/Src/main.c:369:13:MX_TIM2_Init	32	static
../Core/Src/main.c:414:13:MX_USART1_UART_Init	8	static
../Core/Src/main.c:447:13:MX_USART2_UART_Init	8	static
../Core/Src/main.c:480:13:MX_GPIO_Init	40	static
../Core/Src/main.c:507:6:StartDefaultTask	16	static
../Core/Src/main.c:531:6:Error_Handler	4	static,ignoring_inline_asm
