../Core/Src/main.c:104:6:test1	1
../Core/Src/main.c:117:7:test2	1
../Core/Src/main.c:132:6:test3	1
../Core/Src/main.c:151:6:test4	7
../Core/Src/main.c:257:6:enableTSREF	1
../Core/Src/main.c:264:6:configureGPIO8_ADC	1
../Core/Src/main.c:275:7:readGPIO1Voltage	1
../Core/Src/main.c:292:7:readTSREFVoltage	1
../Core/Src/main.c:310:7:readGPIO8Voltage	1
../Core/Src/main.c:336:5:main	1
../Core/Src/main.c:431:6:SystemClock_Config	3
../Core/Src/main.c:471:13:MX_TIM2_Init	4
../Core/Src/main.c:516:13:MX_USART1_UART_Init	2
../Core/Src/main.c:549:13:MX_USART2_UART_Init	2
../Core/Src/main.c:582:13:MX_GPIO_Init	1
../Core/Src/main.c:609:6:StartDefaultTask	1
../Core/Src/main.c:633:6:Error_Handler	1
