Archive member included to satisfy reference by file (symbol)

D:/Mina/Program_Files/ST/STM32CubeIDE_1.17.0/STM32CubeIDE/plugins/com.st.stm32cube.ide.mcu.externaltools.gnu-tools-for-stm32.12.3.rel1.win32_1.1.0.202410251130/tools/bin/../lib/gcc/arm-none-eabi/12.3.1/../../../../arm-none-eabi/lib/thumb/v7-m/nofp\libc_nano.a(libc_a-exit.o)
                              D:/Mina/Program_Files/ST/STM32CubeIDE_1.17.0/STM32CubeIDE/plugins/com.st.stm32cube.ide.mcu.externaltools.gnu-tools-for-stm32.12.3.rel1.win32_1.1.0.202410251130/tools/bin/../lib/gcc/arm-none-eabi/12.3.1/../../../../arm-none-eabi/lib/thumb/v7-m/nofp/crt0.o (exit)
D:/Mina/Program_Files/ST/STM32CubeIDE_1.17.0/STM32CubeIDE/plugins/com.st.stm32cube.ide.mcu.externaltools.gnu-tools-for-stm32.12.3.rel1.win32_1.1.0.202410251130/tools/bin/../lib/gcc/arm-none-eabi/12.3.1/../../../../arm-none-eabi/lib/thumb/v7-m/nofp\libc_nano.a(libc_a-findfp.o)
                              D:/Mina/Program_Files/ST/STM32CubeIDE_1.17.0/STM32CubeIDE/plugins/com.st.stm32cube.ide.mcu.externaltools.gnu-tools-for-stm32.12.3.rel1.win32_1.1.0.202410251130/tools/bin/../lib/gcc/arm-none-eabi/12.3.1/../../../../arm-none-eabi/lib/thumb/v7-m/nofp\libc_nano.a(libc_a-exit.o) (__stdio_exit_handler)
D:/Mina/Program_Files/ST/STM32CubeIDE_1.17.0/STM32CubeIDE/plugins/com.st.stm32cube.ide.mcu.externaltools.gnu-tools-for-stm32.12.3.rel1.win32_1.1.0.202410251130/tools/bin/../lib/gcc/arm-none-eabi/12.3.1/../../../../arm-none-eabi/lib/thumb/v7-m/nofp\libc_nano.a(libc_a-fwalk.o)
                              D:/Mina/Program_Files/ST/STM32CubeIDE_1.17.0/STM32CubeIDE/plugins/com.st.stm32cube.ide.mcu.externaltools.gnu-tools-for-stm32.12.3.rel1.win32_1.1.0.202410251130/tools/bin/../lib/gcc/arm-none-eabi/12.3.1/../../../../arm-none-eabi/lib/thumb/v7-m/nofp\libc_nano.a(libc_a-findfp.o) (_fwalk_sglue)
D:/Mina/Program_Files/ST/STM32CubeIDE_1.17.0/STM32CubeIDE/plugins/com.st.stm32cube.ide.mcu.externaltools.gnu-tools-for-stm32.12.3.rel1.win32_1.1.0.202410251130/tools/bin/../lib/gcc/arm-none-eabi/12.3.1/../../../../arm-none-eabi/lib/thumb/v7-m/nofp\libc_nano.a(libc_a-stdio.o)
                              D:/Mina/Program_Files/ST/STM32CubeIDE_1.17.0/STM32CubeIDE/plugins/com.st.stm32cube.ide.mcu.externaltools.gnu-tools-for-stm32.12.3.rel1.win32_1.1.0.202410251130/tools/bin/../lib/gcc/arm-none-eabi/12.3.1/../../../../arm-none-eabi/lib/thumb/v7-m/nofp\libc_nano.a(libc_a-findfp.o) (__sread)
D:/Mina/Program_Files/ST/STM32CubeIDE_1.17.0/STM32CubeIDE/plugins/com.st.stm32cube.ide.mcu.externaltools.gnu-tools-for-stm32.12.3.rel1.win32_1.1.0.202410251130/tools/bin/../lib/gcc/arm-none-eabi/12.3.1/../../../../arm-none-eabi/lib/thumb/v7-m/nofp\libc_nano.a(libc_a-memset.o)
                              D:/Mina/Program_Files/ST/STM32CubeIDE_1.17.0/STM32CubeIDE/plugins/com.st.stm32cube.ide.mcu.externaltools.gnu-tools-for-stm32.12.3.rel1.win32_1.1.0.202410251130/tools/bin/../lib/gcc/arm-none-eabi/12.3.1/../../../../arm-none-eabi/lib/thumb/v7-m/nofp/crt0.o (memset)
D:/Mina/Program_Files/ST/STM32CubeIDE_1.17.0/STM32CubeIDE/plugins/com.st.stm32cube.ide.mcu.externaltools.gnu-tools-for-stm32.12.3.rel1.win32_1.1.0.202410251130/tools/bin/../lib/gcc/arm-none-eabi/12.3.1/../../../../arm-none-eabi/lib/thumb/v7-m/nofp\libc_nano.a(libc_a-closer.o)
                              D:/Mina/Program_Files/ST/STM32CubeIDE_1.17.0/STM32CubeIDE/plugins/com.st.stm32cube.ide.mcu.externaltools.gnu-tools-for-stm32.12.3.rel1.win32_1.1.0.202410251130/tools/bin/../lib/gcc/arm-none-eabi/12.3.1/../../../../arm-none-eabi/lib/thumb/v7-m/nofp\libc_nano.a(libc_a-stdio.o) (_close_r)
D:/Mina/Program_Files/ST/STM32CubeIDE_1.17.0/STM32CubeIDE/plugins/com.st.stm32cube.ide.mcu.externaltools.gnu-tools-for-stm32.12.3.rel1.win32_1.1.0.202410251130/tools/bin/../lib/gcc/arm-none-eabi/12.3.1/../../../../arm-none-eabi/lib/thumb/v7-m/nofp\libc_nano.a(libc_a-reent.o)
                              D:/Mina/Program_Files/ST/STM32CubeIDE_1.17.0/STM32CubeIDE/plugins/com.st.stm32cube.ide.mcu.externaltools.gnu-tools-for-stm32.12.3.rel1.win32_1.1.0.202410251130/tools/bin/../lib/gcc/arm-none-eabi/12.3.1/../../../../arm-none-eabi/lib/thumb/v7-m/nofp\libc_nano.a(libc_a-closer.o) (errno)
D:/Mina/Program_Files/ST/STM32CubeIDE_1.17.0/STM32CubeIDE/plugins/com.st.stm32cube.ide.mcu.externaltools.gnu-tools-for-stm32.12.3.rel1.win32_1.1.0.202410251130/tools/bin/../lib/gcc/arm-none-eabi/12.3.1/../../../../arm-none-eabi/lib/thumb/v7-m/nofp\libc_nano.a(libc_a-impure.o)
                              D:/Mina/Program_Files/ST/STM32CubeIDE_1.17.0/STM32CubeIDE/plugins/com.st.stm32cube.ide.mcu.externaltools.gnu-tools-for-stm32.12.3.rel1.win32_1.1.0.202410251130/tools/bin/../lib/gcc/arm-none-eabi/12.3.1/../../../../arm-none-eabi/lib/thumb/v7-m/nofp\libc_nano.a(libc_a-reent.o) (_impure_ptr)
[...]
Memory Configuration

Name             Origin             Length             Attributes
RAM              0x20000000         0x00005000         xrw
FLASH            0x08000000         0x00010000         xr
*default*        0x00000000         0xffffffff

Linker script and memory map

LOAD D:/Mina/Program_Files/ST/STM32CubeIDE_1.17.0/STM32CubeIDE/plugins/com.st.stm32cube.ide.mcu.externaltools.gnu-tools-for-stm32.12.3.rel1.win32_1.1.0.202410251130/tools/bin/../lib/gcc/arm-none-eabi/12.3.1/thumb/v7-m/nofp/crti.o
LOAD D:/Mina/Program_Files/ST/STM32CubeIDE_1.17.0/STM32CubeIDE/plugins/com.st.stm32cube.ide.mcu.externaltools.gnu-tools-for-stm32.12.3.rel1.win32_1.1.0.202410251130/tools/bin/../lib/gcc/arm-none-eabi/12.3.1/thumb/v7-m/nofp/crtbegin.o
LOAD D:/Mina/Program_Files/ST/STM32CubeIDE_1.17.0/STM32CubeIDE/plugins/com.st.stm32cube.ide.mcu.externaltools.gnu-tools-for-stm32.12.3.rel1.win32_1.1.0.202410251130/tools/bin/../lib/gcc/arm-none-eabi/12.3.1/../../../../arm-none-eabi/lib/thumb/v7-m/nofp/crt0.o
LOAD ./BMS_Tests/BMS_tests.o
LOAD ./Core/Src/bq79616_V2.o
LOAD ./Core/Src/main.o
LOAD ./Core/Src/stm32f1xx_hal_msp.o
LOAD ./Core/Src/stm32f1xx_it.o
LOAD ./Core/Src/syscalls.o
LOAD ./Core/Src/sysmem.o
LOAD ./Core/Src/system_stm32f1xx.o
LOAD ./Core/Startup/startup_stm32f103c8tx.o
LOAD ./Drivers/STM32F1xx_HAL_Driver/Src/stm32f1xx_hal.o
LOAD ./Drivers/STM32F1xx_HAL_Driver/Src/stm32f1xx_hal_cortex.o
LOAD ./Drivers/STM32F1xx_HAL_Driver/Src/stm32f1xx_hal_dma.o
LOAD ./Drivers/STM32F1xx_HAL_Driver/Src/stm32f1xx_hal_exti.o
LOAD ./Drivers/STM32F1xx_HAL_Driver/Src/stm32f1xx_hal_flash.o
LOAD ./Drivers/STM32F1xx_HAL_Driver/Src/stm32f1xx_hal_flash_ex.o
LOAD ./Drivers/STM32F1xx_HAL_Driver/Src/stm32f1xx_hal_gpio.o
LOAD ./Drivers/STM32F1xx_HAL_Driver/Src/stm32f1xx_hal_gpio_ex.o
LOAD ./Drivers/STM32F1xx_HAL_Driver/Src/stm32f1xx_hal_pwr.o
LOAD ./Drivers/STM32F1xx_HAL_Driver/Src/stm32f1xx_hal_rcc.o
LOAD ./Drivers/STM32F1xx_HAL_Driver/Src/stm32f1xx_hal_rcc_ex.o
LOAD ./Drivers/STM32F1xx_HAL_Driver/Src/stm32f1xx_hal_tim.o
LOAD ./Drivers/STM32F1xx_HAL_Driver/Src/stm32f1xx_hal_tim_ex.o
LOAD ./Drivers/STM32F1xx_HAL_Driver/Src/stm32f1xx_hal_uart.o
LOAD ./FreeRTOS/FreeRTOS/Source/croutine.o
LOAD ./FreeRTOS/FreeRTOS/Source/event_groups.o
LOAD ./FreeRTOS/FreeRTOS/Source/list.o
LOAD ./FreeRTOS/FreeRTOS/Source/queue.o
LOAD ./FreeRTOS/FreeRTOS/Source/stream_buffer.o
LOAD ./FreeRTOS/FreeRTOS/Source/tasks.o
LOAD ./FreeRTOS/FreeRTOS/Source/timers.o
LOAD ./FreeRTOS/FreeRTOS/Source/portable/GCC/ARM_CM3/port.o
LOAD ./FreeRTOS/FreeRTOS/Source/portable/MemMang/heap_1.o
START GROUP
LOAD D:/Mina/Program_Files/ST/STM32CubeIDE_1.17.0/STM32CubeIDE/plugins/com.st.stm32cube.ide.mcu.externaltools.gnu-tools-for-stm32.12.3.rel1.win32_1.1.0.202410251130/tools/bin/../lib/gcc/arm-none-eabi/12.3.1/../../../../arm-none-eabi/lib/thumb/v7-m/nofp\libc_nano.a
LOAD D:/Mina/Program_Files/ST/STM32CubeIDE_1.17.0/STM32CubeIDE/plugins/com.st.stm32cube.ide.mcu.externaltools.gnu-tools-for-stm32.12.3.rel1.win32_1.1.0.202410251130/tools/bin/../lib/gcc/arm-none-eabi/12.3.1/../../../../arm-none-eabi/lib/thumb/v7-m/nofp\libm.a
END GROUP
START GROUP
LOAD D:/Mina/Program_Files/ST/STM32CubeIDE_1.17.0/STM32CubeIDE/plugins/com.st.stm32cube.ide.mcu.externaltools.gnu-tools-for-stm32.12.3.rel1.win32_1.1.0.202410251130/tools/bin/../lib/gcc/arm-none-eabi/12.3.1/thumb/v7-m/nofp\libgcc.a
LOAD D:/Mina/Program_Files/ST/STM32CubeIDE_1.17.0/STM32CubeIDE/plugins/com.st.stm32cube.ide.mcu.externaltools.gnu-tools-for-stm32.12.3.rel1.win32_1.1.0.202410251130/tools/bin/../lib/gcc/arm-none-eabi/12.3.1/../../../../arm-none-eabi/lib/thumb/v7-m/nofp\libc_nano.a
END GROUP
START GROUP
LOAD D:/Mina/Program_Files/ST/STM32CubeIDE_1.17.0/STM32CubeIDE/plugins/com.st.stm32cube.ide.mcu.externaltools.gnu-tools-for-stm32.12.3.rel1.win32_1.1.0.202410251130/tools/bin/../lib/gcc/arm-none-eabi/12.3.1/thumb/v7-m/nofp\libgcc.a
LOAD D:/Mina/Program_Files/ST/STM32CubeIDE_1.17.0/STM32CubeIDE/plugins/com.st.stm32cube.ide.mcu.externaltools.gnu-tools-for-stm32.12.3.rel1.win32_1.1.0.202410251130/tools/bin/../lib/gcc/arm-none-eabi/12.3.1/../../../../arm-none-eabi/lib/thumb/v7-m/nofp\libc_nano.a
LOAD D:/Mina/Program_Files/ST/STM32CubeIDE_1.17.0/STM32CubeIDE/plugins/com.st.stm32cube.ide.mcu.externaltools.gnu-tools-for-stm32.12.3.rel1.win32_1.1.0.202410251130/tools/bin/../lib/gcc/arm-none-eabi/12.3.1/../../../../arm-none-eabi/lib/thumb/v7-m/nofp\libnosys.a
END GROUP
START GROUP
LOAD D:/Mina/Program_Files/ST/STM32CubeIDE_1.17.0/STM32CubeIDE/plugins/com.st.stm32cube.ide.mcu.externaltools.gnu-tools-for-stm32.12.3.rel1.win32_1.1.0.202410251130/tools/bin/../lib/gcc/arm-none-eabi/12.3.1/thumb/v7-m/nofp\libgcc.a
LOAD D:/Mina/Program_Files/ST/STM32CubeIDE_1.17.0/STM32CubeIDE/plugins/com.st.stm32cube.ide.mcu.externaltools.gnu-tools-for-stm32.12.3.rel1.win32_1.1.0.202410251130/tools/bin/../lib/gcc/arm-none-eabi/12.3.1/../../../../arm-none-eabi/lib/thumb/v7-m/nofp\libc_nano.a
LOAD D:/Mina/Program_Files/ST/STM32CubeIDE_1.17.0/STM32CubeIDE/plugins/com.st.stm32cube.ide.mcu.externaltools.gnu-tools-for-stm32.12.3.rel1.win32_1.1.0.202410251130/tools/bin/../lib/gcc/arm-none-eabi/12.3.1/../../../../arm-none-eabi/lib/thumb/v7-m/nofp\libnosys.a
END GROUP
LOAD D:/Mina/Program_Files/ST/STM32CubeIDE_1.17.0/STM32CubeIDE/plugins/com.st.stm32cube.ide.mcu.externaltools.gnu-tools-for-stm32.12.3.rel1.win32_1.1.0.202410251130/tools/bin/../lib/gcc/arm-none-eabi/12.3.1/thumb/v7-m/nofp/crtend.o
LOAD D:/Mina/Program_Files/ST/STM32CubeIDE_1.17.0/STM32CubeIDE/plugins/com.st.stm32cube.ide.mcu.externaltools.gnu-tools-for-stm32.12.3.rel1.win32_1.1.0.202410251130/tools/bin/../lib/gcc/arm-none-eabi/12.3.1/thumb/v7-m/nofp/crtn.o
                0x20005000                        _estack = (ORIGIN (RAM) + LENGTH (RAM))
                0x00000200                        _Min_Heap_Size = 0x200
                0x00000400                        _Min_Stack_Size = 0x400

.isr_vector     0x08000000      0x10c
                0x08000000                        . = ALIGN (0x4)
 *(.isr_vector)
 .isr_vector    0x08000000      0x10c ./Core/Startup/startup_stm32f103c8tx.o
                0x08000000                g_pfnVectors
                0x0800010c                        . = ALIGN (0x4)

.text           0x08000110     0x5f64
                0x08000110                        . = ALIGN (0x4)
 *(.text)
 .text          0x08000110       0x40 D:/Mina/Program_Files/ST/STM32CubeIDE_1.17.0/STM32CubeIDE/plugins/com.st.stm32cube.ide.mcu.externaltools.gnu-tools-for-stm32.12.3.rel1.win32_1.1.0.202410251130/tools/bin/../lib/gcc/arm-none-eabi/12.3.1/thumb/v7-m/nofp/crtbegin.o
 .text          0x08000150      0x378 D:/Mina/Program_Files/ST/STM32CubeIDE_1.17.0/STM32CubeIDE/plugins/com.st.stm32cube.ide.mcu.externaltools.gnu-tools-for-stm32.12.3.rel1.win32_1.1.0.202410251130/tools/bin/../lib/gcc/arm-none-eabi/12.3.1/thumb/v7-m/nofp\libgcc.a(_arm_addsubdf3.o)
                0x08000150                __aeabi_drsub
                0x08000158                __aeabi_dsub
                0x08000158                __subdf3
                0x0800015c                __aeabi_dadd
                0x0800015c                __adddf3
                0x080003d4                __floatunsidf
                0x080003d4                __aeabi_ui2d
                0x080003f4                __floatsidf
                0x080003f4                __aeabi_i2d
                0x08000418                __aeabi_f2d
                0x08000418                __extendsfdf2
                0x0800045c                __floatundidf
                0x0800045c                __aeabi_ul2d
                0x0800046c                __floatdidf
                0x0800046c                __aeabi_l2d
 .text          0x080004c8      0x424 D:/Mina/Program_Files/ST/STM32CubeIDE_1.17.0/STM32CubeIDE/plugins/com.st.stm32cube.ide.mcu.externaltools.gnu-tools-for-stm32.12.3.rel1.win32_1.1.0.202410251130/tools/bin/../lib/gcc/arm-none-eabi/12.3.1/thumb/v7-m/nofp\libgcc.a(_arm_muldivdf3.o)
                0x080004c8                __aeabi_dmul
                0x080004c8                __muldf3
                0x0800071c                __divdf3
                0x0800071c                __aeabi_ddiv
 .text          0x080008ec       0xa0 D:/Mina/Program_Files/ST/STM32CubeIDE_1.17.0/STM32CubeIDE/plugins/com.st.stm32cube.ide.mcu.externaltools.gnu-tools-for-stm32.12.3.rel1.win32_1.1.0.202410251130/tools/bin/../lib/gcc/arm-none-eabi/12.3.1/thumb/v7-m/nofp\libgcc.a(_arm_truncdfsf2.o)
                0x080008ec                __truncdfsf2
                0x080008ec                __aeabi_d2f
 *(.text*)
 *fill*         0x0800098c        0x4 
 .text.test2    0x08000990       0x7c ./BMS_Tests/BMS_tests.o
                0x08000990                test2
 .text.Wake79600_RTOS
                0x08000a0c       0x8c ./Core/Src/bq79616_V2.o
                0x08000a0c                Wake79600_RTOS
 .text.Bridge_AutoAddress
                0x08000a98      0x26c ./Core/Src/bq79616_V2.o
                0x08000a98                Bridge_AutoAddress
 .text.writeReg
                0x08000d04      0x414 ./Core/Src/bq79616_V2.o
                0x08000d04                writeReg
 .text.writeFrame
                0x08001118      0x110 ./Core/Src/bq79616_V2.o
                0x08001118                writeFrame
 .text.HAL_UART_RxCpltCallback
                0x08001228       0x40 ./Core/Src/bq79616_V2.o
                0x08001228                HAL_UART_RxCpltCallback
 .text.HAL_TIM_PeriodElapsedCallback
                0x08001268       0x2c ./Core/Src/bq79616_V2.o
                0x08001268                HAL_TIM_PeriodElapsedCallback
 .text.readReg  0x08001294      0x114 ./Core/Src/bq79616_V2.o
                0x08001294                readReg
 .text.readFrameReq
                0x080013a8       0x54 ./Core/Src/bq79616_V2.o
                0x080013a8                readFrameReq
 .text.CRC16    0x080013fc       0x58 ./Core/Src/bq79616_V2.o
                0x080013fc                CRC16
 .text.readBoardVoltages
                0x08001454       0xa8 ./Core/Src/bq79616_V2.o
                0x08001454                readBoardVoltages
 .text.enableTSREF
                0x080014fc       0x46 ./Core/Src/main.o
                0x080014fc                enableTSREF
 .text.configureGPIO8_ADC
                0x08001542       0x3c ./Core/Src/main.o
                0x08001542                configureGPIO8_ADC
 *fill*         0x0800157e        0x2 
 .text.readGPIOVoltage
                0x08001580       0xd8 ./Core/Src/main.o
                0x08001580                readGPIOVoltage
 .text.main     0x08001658       0x7c ./Core/Src/main.o
                0x08001658                main
 .text.SystemClock_Config
                0x080016d4       0x8a ./Core/Src/main.o
                0x080016d4                SystemClock_Config
 *fill*         0x0800175e        0x2 
 .text.MX_TIM2_Init
                0x08001760       0x98 ./Core/Src/main.o
 .text.MX_USART1_UART_Init
                0x080017f8       0x54 ./Core/Src/main.o
 .text.MX_USART2_UART_Init
                0x0800184c       0x54 ./Core/Src/main.o
 .text.MX_GPIO_Init
                0x080018a0       0x98 ./Core/Src/main.o
 .text.BMS_Diagnostic
                0x08001938       0x80 ./Core/Src/main.o
                0x08001938                BMS_Diagnostic
 .text.BMS_Init
                0x080019b8       0xac ./Core/Src/main.o
                0x080019b8                BMS_Init
 .text.Error_Handler
                0x08001a64        0xc ./Core/Src/main.o
                0x08001a64                Error_Handler
 .text.HAL_MspInit
                0x08001a70       0x64 ./Core/Src/stm32f1xx_hal_msp.o
                0x08001a70                HAL_MspInit
 .text.HAL_TIM_Base_MspInit
                0x08001ad4       0x48 ./Core/Src/stm32f1xx_hal_msp.o
                0x08001ad4                HAL_TIM_Base_MspInit
 .text.HAL_UART_MspInit
                0x08001b1c      0x118 ./Core/Src/stm32f1xx_hal_msp.o
                0x08001b1c                HAL_UART_MspInit
 .text.HAL_UART_MspDeInit
                0x08001c34       0x68 ./Core/Src/stm32f1xx_hal_msp.o
                0x08001c34                HAL_UART_MspDeInit
 .text.NMI_Handler
                0x08001c9c        0x8 ./Core/Src/stm32f1xx_it.o
                0x08001c9c                NMI_Handler
 .text.HardFault_Handler
                0x08001ca4        0x8 ./Core/Src/stm32f1xx_it.o
                0x08001ca4                HardFault_Handler
 .text.MemManage_Handler
                0x08001cac        0x8 ./Core/Src/stm32f1xx_it.o
                0x08001cac                MemManage_Handler
 .text.BusFault_Handler
                0x08001cb4        0x8 ./Core/Src/stm32f1xx_it.o
                0x08001cb4                BusFault_Handler
 .text.UsageFault_Handler
                0x08001cbc        0x8 ./Core/Src/stm32f1xx_it.o
                0x08001cbc                UsageFault_Handler
 .text.DebugMon_Handler
                0x08001cc4        0xc ./Core/Src/stm32f1xx_it.o
                0x08001cc4                DebugMon_Handler
 .text.TIM2_IRQHandler
                0x08001cd0       0x14 ./Core/Src/stm32f1xx_it.o
                0x08001cd0                TIM2_IRQHandler
 .text.USART1_IRQHandler
                0x08001ce4       0x14 ./Core/Src/stm32f1xx_it.o
                0x08001ce4                USART1_IRQHandler
 .text.SystemInit
                0x08001cf8        0xc ./Core/Src/system_stm32f1xx.o
                0x08001cf8                SystemInit
 .text.Reset_Handler
                0x08001d04       0x48 ./Core/Startup/startup_stm32f103c8tx.o
                0x08001d04                Reset_Handler
 .text.Default_Handler
                0x08001d4c        0x2 ./Core/Startup/startup_stm32f103c8tx.o
                0x08001d4c                RTC_Alarm_IRQHandler
                0x08001d4c                EXTI2_IRQHandler
                0x08001d4c                TIM1_CC_IRQHandler
                0x08001d4c                PVD_IRQHandler
                0x08001d4c                EXTI3_IRQHandler
                0x08001d4c                EXTI0_IRQHandler
                0x08001d4c                I2C2_EV_IRQHandler
                0x08001d4c                ADC1_2_IRQHandler
                0x08001d4c                SPI1_IRQHandler
                0x08001d4c                TAMPER_IRQHandler
                0x08001d4c                DMA1_Channel4_IRQHandler
                0x08001d4c                USART3_IRQHandler
                0x08001d4c                RTC_IRQHandler
                0x08001d4c                DMA1_Channel7_IRQHandler
                0x08001d4c                CAN1_RX1_IRQHandler
                0x08001d4c                TIM4_IRQHandler
                0x08001d4c                I2C1_EV_IRQHandler
                0x08001d4c                DMA1_Channel6_IRQHandler
                0x08001d4c                TIM3_IRQHandler
                0x08001d4c                RCC_IRQHandler
                0x08001d4c                TIM1_TRG_COM_IRQHandler
                0x08001d4c                DMA1_Channel1_IRQHandler
                0x08001d4c                Default_Handler
                0x08001d4c                EXTI15_10_IRQHandler
                0x08001d4c                EXTI9_5_IRQHandler
                0x08001d4c                SPI2_IRQHandler
                0x08001d4c                DMA1_Channel5_IRQHandler
                0x08001d4c                EXTI4_IRQHandler
                0x08001d4c                USB_LP_CAN1_RX0_IRQHandler
                0x08001d4c                USB_HP_CAN1_TX_IRQHandler
                0x08001d4c                DMA1_Channel3_IRQHandler
                0x08001d4c                TIM1_UP_IRQHandler
                0x08001d4c                WWDG_IRQHandler
                0x08001d4c                TIM1_BRK_IRQHandler
                0x08001d4c                EXTI1_IRQHandler
                0x08001d4c                USART2_IRQHandler
                0x08001d4c                I2C2_ER_IRQHandler
                0x08001d4c                DMA1_Channel2_IRQHandler
                0x08001d4c                CAN1_SCE_IRQHandler
                0x08001d4c                FLASH_IRQHandler
                0x08001d4c                I2C1_ER_IRQHandler
                0x08001d4c                USBWakeUp_IRQHandler
 *fill*         0x08001d4e        0x2 
 .text.HAL_Init
                0x08001d50       0x2c ./Drivers/STM32F1xx_HAL_Driver/Src/stm32f1xx_hal.o
                0x08001d50                HAL_Init
 .text.HAL_InitTick
                0x08001d7c       0x60 ./Drivers/STM32F1xx_HAL_Driver/Src/stm32f1xx_hal.o
                0x08001d7c                HAL_InitTick
 .text.HAL_GetTick
                0x08001ddc       0x14 ./Drivers/STM32F1xx_HAL_Driver/Src/stm32f1xx_hal.o
                0x08001ddc                HAL_GetTick
 .text.__NVIC_SetPriorityGrouping
                0x08001df0       0x48 ./Drivers/STM32F1xx_HAL_Driver/Src/stm32f1xx_hal_cortex.o
 .text.__NVIC_GetPriorityGrouping
                0x08001e38       0x1c ./Drivers/STM32F1xx_HAL_Driver/Src/stm32f1xx_hal_cortex.o
 .text.__NVIC_EnableIRQ
                0x08001e54       0x38 ./Drivers/STM32F1xx_HAL_Driver/Src/stm32f1xx_hal_cortex.o
 .text.__NVIC_DisableIRQ
                0x08001e8c       0x48 ./Drivers/STM32F1xx_HAL_Driver/Src/stm32f1xx_hal_cortex.o
 .text.__NVIC_SetPriority
                0x08001ed4       0x54 ./Drivers/STM32F1xx_HAL_Driver/Src/stm32f1xx_hal_cortex.o
 .text.NVIC_EncodePriority
                0x08001f28       0x64 ./Drivers/STM32F1xx_HAL_Driver/Src/stm32f1xx_hal_cortex.o
 .text.SysTick_Config
                0x08001f8c       0x44 ./Drivers/STM32F1xx_HAL_Driver/Src/stm32f1xx_hal_cortex.o
 .text.HAL_NVIC_SetPriorityGrouping
                0x08001fd0       0x16 ./Drivers/STM32F1xx_HAL_Driver/Src/stm32f1xx_hal_cortex.o
                0x08001fd0                HAL_NVIC_SetPriorityGrouping
 .text.HAL_NVIC_SetPriority
                0x08001fe6       0x38 ./Drivers/STM32F1xx_HAL_Driver/Src/stm32f1xx_hal_cortex.o
                0x08001fe6                HAL_NVIC_SetPriority
 .text.HAL_NVIC_EnableIRQ
                0x0800201e       0x1c ./Drivers/STM32F1xx_HAL_Driver/Src/stm32f1xx_hal_cortex.o
                0x0800201e                HAL_NVIC_EnableIRQ
 .text.HAL_NVIC_DisableIRQ
                0x0800203a       0x1c ./Drivers/STM32F1xx_HAL_Driver/Src/stm32f1xx_hal_cortex.o
                0x0800203a                HAL_NVIC_DisableIRQ
 .text.HAL_SYSTICK_Config
                0x08002056       0x18 ./Drivers/STM32F1xx_HAL_Driver/Src/stm32f1xx_hal_cortex.o
                0x08002056                HAL_SYSTICK_Config
 .text.HAL_DMA_Abort
                0x0800206e       0x76 ./Drivers/STM32F1xx_HAL_Driver/Src/stm32f1xx_hal_dma.o
                0x0800206e                HAL_DMA_Abort
 .text.HAL_DMA_Abort_IT
                0x080020e4       0xf0 ./Drivers/STM32F1xx_HAL_Driver/Src/stm32f1xx_hal_dma.o
                0x080020e4                HAL_DMA_Abort_IT
 .text.HAL_GPIO_Init
                0x080021d4      0x308 ./Drivers/STM32F1xx_HAL_Driver/Src/stm32f1xx_hal_gpio.o
                0x080021d4                HAL_GPIO_Init
 .text.HAL_GPIO_DeInit
                0x080024dc      0x178 ./Drivers/STM32F1xx_HAL_Driver/Src/stm32f1xx_hal_gpio.o
                0x080024dc                HAL_GPIO_DeInit
 .text.HAL_GPIO_WritePin
                0x08002654       0x30 ./Drivers/STM32F1xx_HAL_Driver/Src/stm32f1xx_hal_gpio.o
                0x08002654                HAL_GPIO_WritePin
 .text.HAL_RCC_OscConfig
                0x08002684      0x504 ./Drivers/STM32F1xx_HAL_Driver/Src/stm32f1xx_hal_rcc.o
                0x08002684                HAL_RCC_OscConfig
 .text.HAL_RCC_ClockConfig
                0x08002b88      0x1d4 ./Drivers/STM32F1xx_HAL_Driver/Src/stm32f1xx_hal_rcc.o
                0x08002b88                HAL_RCC_ClockConfig
 .text.HAL_RCC_GetSysClockFreq
                0x08002d5c       0xa8 ./Drivers/STM32F1xx_HAL_Driver/Src/stm32f1xx_hal_rcc.o
                0x08002d5c                HAL_RCC_GetSysClockFreq
 .text.HAL_RCC_GetHCLKFreq
                0x08002e04       0x14 ./Drivers/STM32F1xx_HAL_Driver/Src/stm32f1xx_hal_rcc.o
                0x08002e04                HAL_RCC_GetHCLKFreq
 .text.HAL_RCC_GetPCLK1Freq
                0x08002e18       0x28 ./Drivers/STM32F1xx_HAL_Driver/Src/stm32f1xx_hal_rcc.o
                0x08002e18                HAL_RCC_GetPCLK1Freq
 .text.HAL_RCC_GetPCLK2Freq
                0x08002e40       0x28 ./Drivers/STM32F1xx_HAL_Driver/Src/stm32f1xx_hal_rcc.o
                0x08002e40                HAL_RCC_GetPCLK2Freq
 .text.RCC_Delay
                0x08002e68       0x3c ./Drivers/STM32F1xx_HAL_Driver/Src/stm32f1xx_hal_rcc.o
 .text.HAL_TIM_Base_Init
                0x08002ea4       0x9e ./Drivers/STM32F1xx_HAL_Driver/Src/stm32f1xx_hal_tim.o
                0x08002ea4                HAL_TIM_Base_Init
 *fill*         0x08002f42        0x2 
 .text.HAL_TIM_Base_Start
                0x08002f44       0x94 ./Drivers/STM32F1xx_HAL_Driver/Src/stm32f1xx_hal_tim.o
                0x08002f44                HAL_TIM_Base_Start
 .text.HAL_TIM_IRQHandler
                0x08002fd8      0x1e0 ./Drivers/STM32F1xx_HAL_Driver/Src/stm32f1xx_hal_tim.o
                0x08002fd8                HAL_TIM_IRQHandler
 .text.HAL_TIM_ConfigClockSource
                0x080031b8      0x18e ./Drivers/STM32F1xx_HAL_Driver/Src/stm32f1xx_hal_tim.o
                0x080031b8                HAL_TIM_ConfigClockSource
 .text.HAL_TIM_OC_DelayElapsedCallback
                0x08003346       0x12 ./Drivers/STM32F1xx_HAL_Driver/Src/stm32f1xx_hal_tim.o
                0x08003346                HAL_TIM_OC_DelayElapsedCallback
 .text.HAL_TIM_IC_CaptureCallback
                0x08003358       0x12 ./Drivers/STM32F1xx_HAL_Driver/Src/stm32f1xx_hal_tim.o
                0x08003358                HAL_TIM_IC_CaptureCallback
 .text.HAL_TIM_PWM_PulseFinishedCallback
                0x0800336a       0x12 ./Drivers/STM32F1xx_HAL_Driver/Src/stm32f1xx_hal_tim.o
                0x0800336a                HAL_TIM_PWM_PulseFinishedCallback
 .text.HAL_TIM_TriggerCallback
                0x0800337c       0x12 ./Drivers/STM32F1xx_HAL_Driver/Src/stm32f1xx_hal_tim.o
                0x0800337c                HAL_TIM_TriggerCallback
 *fill*         0x0800338e        0x2 
 .text.TIM_Base_SetConfig
                0x08003390       0xdc ./Drivers/STM32F1xx_HAL_Driver/Src/stm32f1xx_hal_tim.o
                0x08003390                TIM_Base_SetConfig
 .text.TIM_TI1_ConfigInputStage
                0x0800346c       0x5c ./Drivers/STM32F1xx_HAL_Driver/Src/stm32f1xx_hal_tim.o
 .text.TIM_TI2_ConfigInputStage
                0x080034c8       0x5e ./Drivers/STM32F1xx_HAL_Driver/Src/stm32f1xx_hal_tim.o
 .text.TIM_ITRx_SetConfig
                0x08003526       0x34 ./Drivers/STM32F1xx_HAL_Driver/Src/stm32f1xx_hal_tim.o
 .text.TIM_ETR_SetConfig
                0x0800355a       0x3e ./Drivers/STM32F1xx_HAL_Driver/Src/stm32f1xx_hal_tim.o
                0x0800355a                TIM_ETR_SetConfig
 .text.HAL_TIMEx_MasterConfigSynchronization
                0x08003598       0xbc ./Drivers/STM32F1xx_HAL_Driver/Src/stm32f1xx_hal_tim_ex.o
                0x08003598                HAL_TIMEx_MasterConfigSynchronization
 .text.HAL_TIMEx_CommutCallback
                0x08003654       0x12 ./Drivers/STM32F1xx_HAL_Driver/Src/stm32f1xx_hal_tim_ex.o
                0x08003654                HAL_TIMEx_CommutCallback
 .text.HAL_TIMEx_BreakCallback
                0x08003666       0x12 ./Drivers/STM32F1xx_HAL_Driver/Src/stm32f1xx_hal_tim_ex.o
                0x08003666                HAL_TIMEx_BreakCallback
 .text.HAL_UART_Init
                0x08003678       0xa0 ./Drivers/STM32F1xx_HAL_Driver/Src/stm32f1xx_hal_uart.o
                0x08003678                HAL_UART_Init
 .text.HAL_UART_DeInit
                0x08003718       0x64 ./Drivers/STM32F1xx_HAL_Driver/Src/stm32f1xx_hal_uart.o
                0x08003718                HAL_UART_DeInit
 .text.HAL_UART_Transmit
                0x0800377c      0x116 ./Drivers/STM32F1xx_HAL_Driver/Src/stm32f1xx_hal_uart.o
                0x0800377c                HAL_UART_Transmit
 .text.HAL_UART_Receive_IT
                0x08003892       0x4a ./Drivers/STM32F1xx_HAL_Driver/Src/stm32f1xx_hal_uart.o
                0x08003892                HAL_UART_Receive_IT
 .text.HAL_UART_IRQHandler
                0x080038dc      0x524 ./Drivers/STM32F1xx_HAL_Driver/Src/stm32f1xx_hal_uart.o
                0x080038dc                HAL_UART_IRQHandler
 .text.HAL_UART_TxCpltCallback
                0x08003e00       0x12 ./Drivers/STM32F1xx_HAL_Driver/Src/stm32f1xx_hal_uart.o
                0x08003e00                HAL_UART_TxCpltCallback
 .text.HAL_UART_ErrorCallback
                0x08003e12       0x12 ./Drivers/STM32F1xx_HAL_Driver/Src/stm32f1xx_hal_uart.o
                0x08003e12                HAL_UART_ErrorCallback
 .text.HAL_UARTEx_RxEventCallback
                0x08003e24       0x16 ./Drivers/STM32F1xx_HAL_Driver/Src/stm32f1xx_hal_uart.o
                0x08003e24                HAL_UARTEx_RxEventCallback
 .text.UART_WaitOnFlagUntilTimeout
                0x08003e3a       0xb2 ./Drivers/STM32F1xx_HAL_Driver/Src/stm32f1xx_hal_uart.o
 .text.UART_Start_Receive_IT
                0x08003eec       0x72 ./Drivers/STM32F1xx_HAL_Driver/Src/stm32f1xx_hal_uart.o
                0x08003eec                UART_Start_Receive_IT
 .text.UART_EndRxTransfer
                0x08003f5e       0xc4 ./Drivers/STM32F1xx_HAL_Driver/Src/stm32f1xx_hal_uart.o
 .text.UART_DMAAbortOnError
                0x08004022       0x28 ./Drivers/STM32F1xx_HAL_Driver/Src/stm32f1xx_hal_uart.o
 .text.UART_Transmit_IT
                0x0800404a       0x9e ./Drivers/STM32F1xx_HAL_Driver/Src/stm32f1xx_hal_uart.o
 .text.UART_EndTransmit_IT
                0x080040e8       0x30 ./Drivers/STM32F1xx_HAL_Driver/Src/stm32f1xx_hal_uart.o
 .text.UART_Receive_IT
                0x08004118      0x17c ./Drivers/STM32F1xx_HAL_Driver/Src/stm32f1xx_hal_uart.o
 .text.UART_SetConfig
                0x08004294      0x11c ./Drivers/STM32F1xx_HAL_Driver/Src/stm32f1xx_hal_uart.o
 .text.vListInitialise
                0x080043b0       0x3e ./FreeRTOS/FreeRTOS/Source/list.o
                0x080043b0                vListInitialise
 .text.vListInitialiseItem
                0x080043ee       0x18 ./FreeRTOS/FreeRTOS/Source/list.o
                0x080043ee                vListInitialiseItem
 .text.vListInsertEnd
                0x08004406       0x46 ./FreeRTOS/FreeRTOS/Source/list.o
                0x08004406                vListInsertEnd
 .text.vListInsert
                0x0800444c       0x70 ./FreeRTOS/FreeRTOS/Source/list.o
                0x0800444c                vListInsert
 .text.uxListRemove
                0x080044bc       0x52 ./FreeRTOS/FreeRTOS/Source/list.o
                0x080044bc                uxListRemove
 *fill*         0x0800450e        0x2 
 .text.xQueueGenericReset
                0x08004510       0xe8 ./FreeRTOS/FreeRTOS/Source/queue.o
                0x08004510                xQueueGenericReset
 .text.xQueueGenericCreate
                0x080045f8       0x7e ./FreeRTOS/FreeRTOS/Source/queue.o
                0x080045f8                xQueueGenericCreate
 .text.prvInitialiseNewQueue
                0x08004676       0x46 ./FreeRTOS/FreeRTOS/Source/queue.o
 .text.xQueueReceive
                0x080046bc      0x144 ./FreeRTOS/FreeRTOS/Source/queue.o
                0x080046bc                xQueueReceive
 .text.prvCopyDataFromQueue
                0x08004800       0x4c ./FreeRTOS/FreeRTOS/Source/queue.o
 .text.prvUnlockQueue
                0x0800484c       0xa4 ./FreeRTOS/FreeRTOS/Source/queue.o
 .text.prvIsQueueEmpty
                0x080048f0       0x2c ./FreeRTOS/FreeRTOS/Source/queue.o
 .text.vQueueWaitForMessageRestricted
                0x0800491c       0x68 ./FreeRTOS/FreeRTOS/Source/queue.o
                0x0800491c                vQueueWaitForMessageRestricted
 .text.xTaskCreate
                0x08004984       0x8c ./FreeRTOS/FreeRTOS/Source/tasks.o
                0x08004984                xTaskCreate
 .text.prvInitialiseNewTask
                0x08004a10       0xda ./FreeRTOS/FreeRTOS/Source/tasks.o
 *fill*         0x08004aea        0x2 
 .text.prvAddNewTaskToReadyList
                0x08004aec      0x12c ./FreeRTOS/FreeRTOS/Source/tasks.o
 .text.vTaskDelete
                0x08004c18      0x108 ./FreeRTOS/FreeRTOS/Source/tasks.o
                0x08004c18                vTaskDelete
 .text.vTaskDelay
                0x08004d20       0x48 ./FreeRTOS/FreeRTOS/Source/tasks.o
                0x08004d20                vTaskDelay
 .text.vTaskStartScheduler
                0x08004d68       0x84 ./FreeRTOS/FreeRTOS/Source/tasks.o
                0x08004d68                vTaskStartScheduler
 .text.vTaskSuspendAll
                0x08004dec       0x1c ./FreeRTOS/FreeRTOS/Source/tasks.o
                0x08004dec                vTaskSuspendAll
 .text.xTaskResumeAll
                0x08004e08      0x1d8 ./FreeRTOS/FreeRTOS/Source/tasks.o
                0x08004e08                xTaskResumeAll
 .text.xTaskGetTickCount
                0x08004fe0       0x1c ./FreeRTOS/FreeRTOS/Source/tasks.o
                0x08004fe0                xTaskGetTickCount
 .text.xTaskIncrementTick
                0x08004ffc      0x20c ./FreeRTOS/FreeRTOS/Source/tasks.o
                0x08004ffc                xTaskIncrementTick
 .text.vTaskSwitchContext
                0x08005208       0x8c ./FreeRTOS/FreeRTOS/Source/tasks.o
                0x08005208                vTaskSwitchContext
 .text.vTaskPlaceOnEventList
                0x08005294       0x2c ./FreeRTOS/FreeRTOS/Source/tasks.o
                0x08005294                vTaskPlaceOnEventList
 .text.vTaskPlaceOnEventListRestricted
                0x080052c0       0x70 ./FreeRTOS/FreeRTOS/Source/tasks.o
                0x080052c0                vTaskPlaceOnEventListRestricted
 .text.xTaskRemoveFromEventList
                0x08005330      0x190 ./FreeRTOS/FreeRTOS/Source/tasks.o
                0x08005330                xTaskRemoveFromEventList
 .text.vTaskInternalSetTimeOutState
                0x080054c0       0x2c ./FreeRTOS/FreeRTOS/Source/tasks.o
                0x080054c0                vTaskInternalSetTimeOutState
 .text.xTaskCheckForTimeOut
                0x080054ec       0x94 ./FreeRTOS/FreeRTOS/Source/tasks.o
                0x080054ec                xTaskCheckForTimeOut
 .text.vTaskMissedYield
                0x08005580       0x18 ./FreeRTOS/FreeRTOS/Source/tasks.o
                0x08005580                vTaskMissedYield
 .text.prvIdleTask
                0x08005598       0x30 ./FreeRTOS/FreeRTOS/Source/tasks.o
 .text.prvInitialiseTaskLists
                0x080055c8       0x80 ./FreeRTOS/FreeRTOS/Source/tasks.o
 .text.prvCheckTasksWaitingTermination
                0x08005648       0x5c ./FreeRTOS/FreeRTOS/Source/tasks.o
 .text.prvDeleteTCB
                0x080056a4       0x20 ./FreeRTOS/FreeRTOS/Source/tasks.o
 .text.prvResetNextTaskUnblockTime
                0x080056c4       0x34 ./FreeRTOS/FreeRTOS/Source/tasks.o
 .text.prvAddCurrentTaskToDelayedList
                0x080056f8      0x100 ./FreeRTOS/FreeRTOS/Source/tasks.o
 .text.xTimerCreateTimerTask
                0x080057f8       0x48 ./FreeRTOS/FreeRTOS/Source/timers.o
                0x080057f8                xTimerCreateTimerTask
 .text.prvReloadTimer
                0x08005840       0x42 ./FreeRTOS/FreeRTOS/Source/timers.o
 *fill*         0x08005882        0x2 
 .text.prvProcessExpiredTimer
                0x08005884       0x60 ./FreeRTOS/FreeRTOS/Source/timers.o
 .text.prvTimerTask
                0x080058e4       0x26 ./FreeRTOS/FreeRTOS/Source/timers.o
 *fill*         0x0800590a        0x2 
 .text.prvProcessTimerOrBlockTask
                0x0800590c       0x9c ./FreeRTOS/FreeRTOS/Source/timers.o
 .text.prvGetNextExpireTime
                0x080059a8       0x44 ./FreeRTOS/FreeRTOS/Source/timers.o
 .text.prvSampleTimeNow
                0x080059ec       0x40 ./FreeRTOS/FreeRTOS/Source/timers.o
 .text.prvInsertTimerInActiveList
                0x08005a2c       0x84 ./FreeRTOS/FreeRTOS/Source/timers.o
 .text.prvProcessReceivedCommands
                0x08005ab0      0x17c ./FreeRTOS/FreeRTOS/Source/timers.o
 .text.prvSwitchTimerLists
                0x08005c2c       0x4c ./FreeRTOS/FreeRTOS/Source/timers.o
 .text.prvCheckForValidListAndQueue
                0x08005c78       0x54 ./FreeRTOS/FreeRTOS/Source/timers.o
 .text.pxPortInitialiseStack
                0x08005ccc       0x58 ./FreeRTOS/FreeRTOS/Source/portable/GCC/ARM_CM3/port.o
                0x08005ccc                pxPortInitialiseStack
 .text.prvTaskExitError
                0x08005d24       0x40 ./FreeRTOS/FreeRTOS/Source/portable/GCC/ARM_CM3/port.o
 *fill*         0x08005d64        0xc 
 .text.SVC_Handler
                0x08005d70       0x28 ./FreeRTOS/FreeRTOS/Source/portable/GCC/ARM_CM3/port.o
                0x08005d70                SVC_Handler
 .text.prvPortStartFirstTask
                0x08005d98       0x24 ./FreeRTOS/FreeRTOS/Source/portable/GCC/ARM_CM3/port.o
 .text.xPortStartScheduler
                0x08005dbc       0x40 ./FreeRTOS/FreeRTOS/Source/portable/GCC/ARM_CM3/port.o
                0x08005dbc                xPortStartScheduler
 .text.vPortEnterCritical
                0x08005dfc       0x34 ./FreeRTOS/FreeRTOS/Source/portable/GCC/ARM_CM3/port.o
                0x08005dfc                vPortEnterCritical
 .text.vPortExitCritical
                0x08005e30       0x34 ./FreeRTOS/FreeRTOS/Source/portable/GCC/ARM_CM3/port.o
                0x08005e30                vPortExitCritical
 *fill*         0x08005e64        0xc 
 .text.PendSV_Handler
                0x08005e70       0x48 ./FreeRTOS/FreeRTOS/Source/portable/GCC/ARM_CM3/port.o
                0x08005e70                PendSV_Handler
 .text.SysTick_Handler
                0x08005eb8       0x44 ./FreeRTOS/FreeRTOS/Source/portable/GCC/ARM_CM3/port.o
                0x08005eb8                SysTick_Handler
 .text.vPortSetupTimerInterrupt
                0x08005efc       0x34 ./FreeRTOS/FreeRTOS/Source/portable/GCC/ARM_CM3/port.o
                0x08005efc                vPortSetupTimerInterrupt
 .text.pvPortMalloc
                0x08005f30       0xa4 ./FreeRTOS/FreeRTOS/Source/portable/MemMang/heap_1.o
                0x08005f30                pvPortMalloc
 .text.vPortFree
                0x08005fd4       0x12 ./FreeRTOS/FreeRTOS/Source/portable/MemMang/heap_1.o
                0x08005fd4                vPortFree
 .text.memset   0x08005fe6       0x10 D:/Mina/Program_Files/ST/STM32CubeIDE_1.17.0/STM32CubeIDE/plugins/com.st.stm32cube.ide.mcu.externaltools.gnu-tools-for-stm32.12.3.rel1.win32_1.1.0.202410251130/tools/bin/../lib/gcc/arm-none-eabi/12.3.1/../../../../arm-none-eabi/lib/thumb/v7-m/nofp\libc_nano.a(libc_a-memset.o)
                0x08005fe6                memset
 *fill*         0x08005ff6        0x2 
 .text.__libc_init_array
                0x08005ff8       0x48 D:/Mina/Program_Files/ST/STM32CubeIDE_1.17.0/STM32CubeIDE/plugins/com.st.stm32cube.ide.mcu.externaltools.gnu-tools-for-stm32.12.3.rel1.win32_1.1.0.202410251130/tools/bin/../lib/gcc/arm-none-eabi/12.3.1/../../../../arm-none-eabi/lib/thumb/v7-m/nofp\libc_nano.a(libc_a-init.o)
                0x08005ff8                __libc_init_array
 .text.memcpy   0x08006040       0x1c D:/Mina/Program_Files/ST/STM32CubeIDE_1.17.0/STM32CubeIDE/plugins/com.st.stm32cube.ide.mcu.externaltools.gnu-tools-for-stm32.12.3.rel1.win32_1.1.0.202410251130/tools/bin/../lib/gcc/arm-none-eabi/12.3.1/../../../../arm-none-eabi/lib/thumb/v7-m/nofp\libc_nano.a(libc_a-memcpy-stub.o)
                0x08006040                memcpy
 *(.glue_7)
 .glue_7        0x0800605c        0x0 linker stubs
 *(.glue_7t)
 .glue_7t       0x0800605c        0x0 linker stubs
 *(.eh_frame)
 .eh_frame      0x0800605c        0x0 D:/Mina/Program_Files/ST/STM32CubeIDE_1.17.0/STM32CubeIDE/plugins/com.st.stm32cube.ide.mcu.externaltools.gnu-tools-for-stm32.12.3.rel1.win32_1.1.0.202410251130/tools/bin/../lib/gcc/arm-none-eabi/12.3.1/thumb/v7-m/nofp/crtbegin.o
 *(.init)
 .init          0x0800605c        0x4 D:/Mina/Program_Files/ST/STM32CubeIDE_1.17.0/STM32CubeIDE/plugins/com.st.stm32cube.ide.mcu.externaltools.gnu-tools-for-stm32.12.3.rel1.win32_1.1.0.202410251130/tools/bin/../lib/gcc/arm-none-eabi/12.3.1/thumb/v7-m/nofp/crti.o
                0x0800605c                _init
 .init          0x08006060        0x8 D:/Mina/Program_Files/ST/STM32CubeIDE_1.17.0/STM32CubeIDE/plugins/com.st.stm32cube.ide.mcu.externaltools.gnu-tools-for-stm32.12.3.rel1.win32_1.1.0.202410251130/tools/bin/../lib/gcc/arm-none-eabi/12.3.1/thumb/v7-m/nofp/crtn.o
 *(.fini)
 .fini          0x08006068        0x4 D:/Mina/Program_Files/ST/STM32CubeIDE_1.17.0/STM32CubeIDE/plugins/com.st.stm32cube.ide.mcu.externaltools.gnu-tools-for-stm32.12.3.rel1.win32_1.1.0.202410251130/tools/bin/../lib/gcc/arm-none-eabi/12.3.1/thumb/v7-m/nofp/crti.o
                0x08006068                _fini
 .fini          0x0800606c        0x8 D:/Mina/Program_Files/ST/STM32CubeIDE_1.17.0/STM32CubeIDE/plugins/com.st.stm32cube.ide.mcu.externaltools.gnu-tools-for-stm32.12.3.rel1.win32_1.1.0.202410251130/tools/bin/../lib/gcc/arm-none-eabi/12.3.1/thumb/v7-m/nofp/crtn.o
                0x08006074                        . = ALIGN (0x4)
                0x08006074                        _etext = .

.vfp11_veneer   0x08006074        0x0
 .vfp11_veneer  0x08006074        0x0 linker stubs

.v4_bx          0x08006074        0x0
 .v4_bx         0x08006074        0x0 linker stubs

.iplt           0x08006074        0x0
 .iplt          0x08006074        0x0 D:/Mina/Program_Files/ST/STM32CubeIDE_1.17.0/STM32CubeIDE/plugins/com.st.stm32cube.ide.mcu.externaltools.gnu-tools-for-stm32.12.3.rel1.win32_1.1.0.202410251130/tools/bin/../lib/gcc/arm-none-eabi/12.3.1/thumb/v7-m/nofp/crtbegin.o

.rodata         0x08006074      0x258
                0x08006074                        . = ALIGN (0x4)
 *(.rodata)
 .rodata        0x08006074       0x1b ./Core/Src/main.o
 *fill*         0x0800608f        0x1 
 .rodata        0x08006090        0x5 ./FreeRTOS/FreeRTOS/Source/tasks.o
 *fill*         0x08006095        0x3 
 .rodata        0x08006098        0x8 ./FreeRTOS/FreeRTOS/Source/timers.o
 *(.rodata*)
 .rodata.crc16_table
                0x080060a0      0x200 ./Core/Src/bq79616_V2.o
                0x080060a0                crc16_table
 .rodata.AHBPrescTable
                0x080062a0       0x10 ./Core/Src/system_stm32f1xx.o
                0x080062a0                AHBPrescTable
 .rodata.APBPrescTable
                0x080062b0        0x8 ./Core/Src/system_stm32f1xx.o
                0x080062b0                APBPrescTable
 .rodata.aPLLMULFactorTable.1
                0x080062b8       0x10 ./Drivers/STM32F1xx_HAL_Driver/Src/stm32f1xx_hal_rcc.o
 .rodata.aPredivFactorTable.0
                0x080062c8        0x2 ./Drivers/STM32F1xx_HAL_Driver/Src/stm32f1xx_hal_rcc.o
                0x080062cc                        . = ALIGN (0x4)
 *fill*         0x080062ca        0x2 

.ARM.extab      0x080062cc        0x0
                0x080062cc                        . = ALIGN (0x4)
 *(.ARM.extab* .gnu.linkonce.armextab.*)
                0x080062cc                        . = ALIGN (0x4)

.ARM            0x080062cc        0x0
                0x080062cc                        . = ALIGN (0x4)
                0x080062cc                        __exidx_start = .
 *(.ARM.exidx*)
                0x080062cc                        __exidx_end = .
                0x080062cc                        . = ALIGN (0x4)

.preinit_array  0x080062cc        0x0
                0x080062cc                        . = ALIGN (0x4)
                0x080062cc                        PROVIDE (__preinit_array_start = .)
 *(.preinit_array*)
                0x080062cc                        PROVIDE (__preinit_array_end = .)
                0x080062cc                        . = ALIGN (0x4)

.init_array     0x080062cc        0x4
                0x080062cc                        . = ALIGN (0x4)
                0x080062cc                        PROVIDE (__init_array_start = .)
 *(SORT_BY_NAME(.init_array.*))
 *(.init_array*)
 .init_array    0x080062cc        0x4 D:/Mina/Program_Files/ST/STM32CubeIDE_1.17.0/STM32CubeIDE/plugins/com.st.stm32cube.ide.mcu.externaltools.gnu-tools-for-stm32.12.3.rel1.win32_1.1.0.202410251130/tools/bin/../lib/gcc/arm-none-eabi/12.3.1/thumb/v7-m/nofp/crtbegin.o
                0x080062d0                        PROVIDE (__init_array_end = .)
                0x080062d0                        . = ALIGN (0x4)

.fini_array     0x080062d0        0x4
                0x080062d0                        . = ALIGN (0x4)
                [!provide]                        PROVIDE (__fini_array_start = .)
 *(SORT_BY_NAME(.fini_array.*))
 *(.fini_array*)
 .fini_array    0x080062d0        0x4 D:/Mina/Program_Files/ST/STM32CubeIDE_1.17.0/STM32CubeIDE/plugins/com.st.stm32cube.ide.mcu.externaltools.gnu-tools-for-stm32.12.3.rel1.win32_1.1.0.202410251130/tools/bin/../lib/gcc/arm-none-eabi/12.3.1/thumb/v7-m/nofp/crtbegin.o
                [!provide]                        PROVIDE (__fini_array_end = .)
                0x080062d4                        . = ALIGN (0x4)
                0x080062d4                        _sidata = LOADADDR (.data)

.rel.dyn        0x080062d4        0x0
 .rel.iplt      0x080062d4        0x0 D:/Mina/Program_Files/ST/STM32CubeIDE_1.17.0/STM32CubeIDE/plugins/com.st.stm32cube.ide.mcu.externaltools.gnu-tools-for-stm32.12.3.rel1.win32_1.1.0.202410251130/tools/bin/../lib/gcc/arm-none-eabi/12.3.1/thumb/v7-m/nofp/crtbegin.o

.data           0x20000000       0x18 load address 0x080062d4
                0x20000000                        . = ALIGN (0x4)
                0x20000000                        _sdata = .
 *(.data)
 *(.data*)
 .data.gpio8_voltage
                0x20000000        0x4 ./Core/Src/main.o
                0x20000000                gpio8_voltage
 .data.SystemCoreClock
                0x20000004        0x4 ./Core/Src/system_stm32f1xx.o
                0x20000004                SystemCoreClock
 .data.uwTickPrio
                0x20000008        0x4 ./Drivers/STM32F1xx_HAL_Driver/Src/stm32f1xx_hal.o
                0x20000008                uwTickPrio
 .data.uwTickFreq
                0x2000000c        0x1 ./Drivers/STM32F1xx_HAL_Driver/Src/stm32f1xx_hal.o
                0x2000000c                uwTickFreq
 *fill*         0x2000000d        0x3 
 .data.uxTopUsedPriority
                0x20000010        0x4 ./FreeRTOS/FreeRTOS/Source/tasks.o
                0x20000010                uxTopUsedPriority
 .data.uxCriticalNesting
                0x20000014        0x4 ./FreeRTOS/FreeRTOS/Source/portable/GCC/ARM_CM3/port.o
 *(.RamFunc)
 *(.RamFunc*)
                0x20000018                        . = ALIGN (0x4)
                0x20000018                        _edata = .

.igot.plt       0x20000018        0x0 load address 0x080062ec
 .igot.plt      0x20000018        0x0 D:/Mina/Program_Files/ST/STM32CubeIDE_1.17.0/STM32CubeIDE/plugins/com.st.stm32cube.ide.mcu.externaltools.gnu-tools-for-stm32.12.3.rel1.win32_1.1.0.202410251130/tools/bin/../lib/gcc/arm-none-eabi/12.3.1/thumb/v7-m/nofp/crtbegin.o
                0x20000018                        . = ALIGN (0x4)

.bss            0x20000018     0x48fc load address 0x080062ec
                0x20000018                        _sbss = .
                0x20000018                        __bss_start__ = _sbss
 *(.bss)
 .bss           0x20000018       0x1c D:/Mina/Program_Files/ST/STM32CubeIDE_1.17.0/STM32CubeIDE/plugins/com.st.stm32cube.ide.mcu.externaltools.gnu-tools-for-stm32.12.3.rel1.win32_1.1.0.202410251130/tools/bin/../lib/gcc/arm-none-eabi/12.3.1/thumb/v7-m/nofp/crtbegin.o
 *(.bss*)
 .bss.response_frame2
                0x20000034       0x72 ./Core/Src/bq79616_V2.o
                0x20000034                response_frame2
 *fill*         0x200000a6        0x2 
 .bss.autoaddr_response_frame
                0x200000a8       0x15 ./Core/Src/bq79616_V2.o
                0x200000a8                autoaddr_response_frame
 *fill*         0x200000bd        0x3 
 .bss.fullBuffer
                0x200000c0       0x72 ./Core/Src/bq79616_V2.o
                0x200000c0                fullBuffer
 *fill*         0x20000132        0x2 
 .bss.currentBoard
                0x20000134        0x4 ./Core/Src/bq79616_V2.o
                0x20000134                currentBoard
 .bss.bReturn   0x20000138        0x1 ./Core/Src/bq79616_V2.o
                0x20000138                bReturn
 *fill*         0x20000139        0x3 
 .bss.bRes      0x2000013c        0x4 ./Core/Src/bq79616_V2.o
                0x2000013c                bRes
 .bss.bBuf      0x20000140        0x8 ./Core/Src/bq79616_V2.o
                0x20000140                bBuf
 .bss.pFrame    0x20000148       0x40 ./Core/Src/bq79616_V2.o
                0x20000148                pFrame
 .bss.wCRC      0x20000188        0x2 ./Core/Src/bq79616_V2.o
                0x20000188                wCRC
 .bss.int_ack   0x2000018a        0x1 ./Core/Src/bq79616_V2.o
                0x2000018a                int_ack
 *fill*         0x2000018b        0x1 
 .bss.ms_counter
                0x2000018c        0x4 ./Core/Src/bq79616_V2.o
                0x2000018c                ms_counter
 .bss.htim2     0x20000190       0x48 ./Core/Src/main.o
                0x20000190                htim2
 .bss.huart1    0x200001d8       0x48 ./Core/Src/main.o
                0x200001d8                huart1
 .bss.huart2    0x20000220       0x48 ./Core/Src/main.o
                0x20000220                huart2
 .bss.BMS_DiagnosticHandle
                0x20000268        0x4 ./Core/Src/main.o
                0x20000268                BMS_DiagnosticHandle
 .bss.BmsTaskHandle
                0x2000026c        0x4 ./Core/Src/main.o
                0x2000026c                BmsTaskHandle
 .bss.BMS_Init_Done
                0x20000270        0x1 ./Core/Src/main.o
                0x20000270                BMS_Init_Done
 .bss.received_data1
                0x20000271        0x1 ./Core/Src/main.o
                0x20000271                received_data1
 .bss.received_data2
                0x20000272        0x1 ./Core/Src/main.o
                0x20000272                received_data2
 *fill*         0x20000273        0x1 
 .bss.totalV    0x20000274        0x4 ./Core/Src/main.o
                0x20000274                totalV
 .bss.final_value
                0x20000278        0x4 ./Core/Src/main.o
                0x20000278                final_value
 .bss.cellVoltages_board0
                0x2000027c       0x40 ./Core/Src/main.o
                0x2000027c                cellVoltages_board0
 .bss.cellVoltages_board1
                0x200002bc       0x40 ./Core/Src/main.o
                0x200002bc                cellVoltages_board1
 .bss.raw_value
                0x200002fc        0x2 ./Core/Src/main.o
                0x200002fc                raw_value
 *fill*         0x200002fe        0x2 
 .bss.uwTick    0x20000300        0x4 ./Drivers/STM32F1xx_HAL_Driver/Src/stm32f1xx_hal.o
                0x20000300                uwTick
 .bss.pxCurrentTCB
                0x20000304        0x4 ./FreeRTOS/FreeRTOS/Source/tasks.o
                0x20000304                pxCurrentTCB
 .bss.pxReadyTasksLists
                0x20000308      0x12c ./FreeRTOS/FreeRTOS/Source/tasks.o
 .bss.xDelayedTaskList1
                0x20000434       0x14 ./FreeRTOS/FreeRTOS/Source/tasks.o
 .bss.xDelayedTaskList2
                0x20000448       0x14 ./FreeRTOS/FreeRTOS/Source/tasks.o
 .bss.pxDelayedTaskList
                0x2000045c        0x4 ./FreeRTOS/FreeRTOS/Source/tasks.o
 .bss.pxOverflowDelayedTaskList
                0x20000460        0x4 ./FreeRTOS/FreeRTOS/Source/tasks.o
 .bss.xPendingReadyList
                0x20000464       0x14 ./FreeRTOS/FreeRTOS/Source/tasks.o
 .bss.xTasksWaitingTermination
                0x20000478       0x14 ./FreeRTOS/FreeRTOS/Source/tasks.o
 .bss.uxDeletedTasksWaitingCleanUp
                0x2000048c        0x4 ./FreeRTOS/FreeRTOS/Source/tasks.o
 .bss.xSuspendedTaskList
                0x20000490       0x14 ./FreeRTOS/FreeRTOS/Source/tasks.o
 .bss.uxCurrentNumberOfTasks
                0x200004a4        0x4 ./FreeRTOS/FreeRTOS/Source/tasks.o
 .bss.xTickCount
                0x200004a8        0x4 ./FreeRTOS/FreeRTOS/Source/tasks.o
 .bss.uxTopReadyPriority
                0x200004ac        0x4 ./FreeRTOS/FreeRTOS/Source/tasks.o
 .bss.xSchedulerRunning
                0x200004b0        0x4 ./FreeRTOS/FreeRTOS/Source/tasks.o
 .bss.xPendedTicks
                0x200004b4        0x4 ./FreeRTOS/FreeRTOS/Source/tasks.o
 .bss.xYieldPending
                0x200004b8        0x4 ./FreeRTOS/FreeRTOS/Source/tasks.o
 .bss.xNumOfOverflows
                0x200004bc        0x4 ./FreeRTOS/FreeRTOS/Source/tasks.o
 .bss.uxTaskNumber
                0x200004c0        0x4 ./FreeRTOS/FreeRTOS/Source/tasks.o
 .bss.xNextTaskUnblockTime
                0x200004c4        0x4 ./FreeRTOS/FreeRTOS/Source/tasks.o
 .bss.xIdleTaskHandle
                0x200004c8        0x4 ./FreeRTOS/FreeRTOS/Source/tasks.o
 .bss.uxSchedulerSuspended
                0x200004cc        0x4 ./FreeRTOS/FreeRTOS/Source/tasks.o
 .bss.xActiveTimerList1
                0x200004d0       0x14 ./FreeRTOS/FreeRTOS/Source/timers.o
 .bss.xActiveTimerList2
                0x200004e4       0x14 ./FreeRTOS/FreeRTOS/Source/timers.o
 .bss.pxCurrentTimerList
                0x200004f8        0x4 ./FreeRTOS/FreeRTOS/Source/timers.o
 .bss.pxOverflowTimerList
                0x200004fc        0x4 ./FreeRTOS/FreeRTOS/Source/timers.o
 .bss.xTimerQueue
                0x20000500        0x4 ./FreeRTOS/FreeRTOS/Source/timers.o
 .bss.xTimerTaskHandle
                0x20000504        0x4 ./FreeRTOS/FreeRTOS/Source/timers.o
 .bss.xLastTime.0
                0x20000508        0x4 ./FreeRTOS/FreeRTOS/Source/timers.o
 .bss.ucHeap    0x2000050c     0x4400 ./FreeRTOS/FreeRTOS/Source/portable/MemMang/heap_1.o
 .bss.xNextFreeByte
                0x2000490c        0x4 ./FreeRTOS/FreeRTOS/Source/portable/MemMang/heap_1.o
 .bss.pucAlignedHeap.0
                0x20004910        0x4 ./FreeRTOS/FreeRTOS/Source/portable/MemMang/heap_1.o
 *(COMMON)
                0x20004914                        . = ALIGN (0x4)
                0x20004914                        _ebss = .
                0x20004914                        __bss_end__ = _ebss

._user_heap_stack
                0x20004914      0x604 load address 0x080062ec
                0x20004918                        . = ALIGN (0x8)
 *fill*         0x20004914        0x4 
                [!provide]                        PROVIDE (end = .)
                0x20004918                        PROVIDE (_end = .)
                0x20004b18                        . = (. + _Min_Heap_Size)
 *fill*         0x20004918      0x200 
                0x20004f18                        . = (. + _Min_Stack_Size)
 *fill*         0x20004b18      0x400 
                0x20004f18                        . = ALIGN (0x8)

/DISCARD/
 libc.a(*)
 libm.a(*)
 libgcc.a(*)

.ARM.attributes
                0x00000000       0x29
 *(.ARM.attributes)
 .ARM.attributes
                0x00000000       0x1d D:/Mina/Program_Files/ST/STM32CubeIDE_1.17.0/STM32CubeIDE/plugins/com.st.stm32cube.ide.mcu.externaltools.gnu-tools-for-stm32.12.3.rel1.win32_1.1.0.202410251130/tools/bin/../lib/gcc/arm-none-eabi/12.3.1/thumb/v7-m/nofp/crti.o
 .ARM.attributes
                0x0000001d       0x2d D:/Mina/Program_Files/ST/STM32CubeIDE_1.17.0/STM32CubeIDE/plugins/com.st.stm32cube.ide.mcu.externaltools.gnu-tools-for-stm32.12.3.rel1.win32_1.1.0.202410251130/tools/bin/../lib/gcc/arm-none-eabi/12.3.1/thumb/v7-m/nofp/crtbegin.o
 .ARM.attributes
                0x0000004a       0x2d ./BMS_Tests/BMS_tests.o
 .ARM.attributes
                0x00000077       0x2d ./Core/Src/bq79616_V2.o
 .ARM.attributes
                0x000000a4       0x2d ./Core/Src/main.o
 .ARM.attributes
                0x000000d1       0x2d ./Core/Src/stm32f1xx_hal_msp.o
 .ARM.attributes
                0x000000fe       0x2d ./Core/Src/stm32f1xx_it.o
 .ARM.attributes
                0x0000012b       0x2d ./Core/Src/system_stm32f1xx.o
 .ARM.attributes
                0x00000158       0x21 ./Core/Startup/startup_stm32f103c8tx.o
 .ARM.attributes
                0x00000179       0x2d ./Drivers/STM32F1xx_HAL_Driver/Src/stm32f1xx_hal.o
 .ARM.attributes
                0x000001a6       0x2d ./Drivers/STM32F1xx_HAL_Driver/Src/stm32f1xx_hal_cortex.o
 .ARM.attributes
                0x000001d3       0x2d ./Drivers/STM32F1xx_HAL_Driver/Src/stm32f1xx_hal_dma.o
 .ARM.attributes
                0x00000200       0x2d ./Drivers/STM32F1xx_HAL_Driver/Src/stm32f1xx_hal_gpio.o
 .ARM.attributes
                0x0000022d       0x2d ./Drivers/STM32F1xx_HAL_Driver/Src/stm32f1xx_hal_rcc.o
 .ARM.attributes
                0x0000025a       0x2d ./Drivers/STM32F1xx_HAL_Driver/Src/stm32f1xx_hal_tim.o
 .ARM.attributes
                0x00000287       0x2d ./Drivers/STM32F1xx_HAL_Driver/Src/stm32f1xx_hal_tim_ex.o
 .ARM.attributes
                0x000002b4       0x2d ./Drivers/STM32F1xx_HAL_Driver/Src/stm32f1xx_hal_uart.o
 .ARM.attributes
                0x000002e1       0x2d ./FreeRTOS/FreeRTOS/Source/list.o
 .ARM.attributes
                0x0000030e       0x2d ./FreeRTOS/FreeRTOS/Source/queue.o
 .ARM.attributes
                0x0000033b       0x2d ./FreeRTOS/FreeRTOS/Source/tasks.o
 .ARM.attributes
                0x00000368       0x2d ./FreeRTOS/FreeRTOS/Source/timers.o
 .ARM.attributes
                0x00000395       0x2d ./FreeRTOS/FreeRTOS/Source/portable/GCC/ARM_CM3/port.o
 .ARM.attributes
                0x000003c2       0x2d ./FreeRTOS/FreeRTOS/Source/portable/MemMang/heap_1.o
 .ARM.attributes
                0x000003ef       0x2d D:/Mina/Program_Files/ST/STM32CubeIDE_1.17.0/STM32CubeIDE/plugins/com.st.stm32cube.ide.mcu.externaltools.gnu-tools-for-stm32.12.3.rel1.win32_1.1.0.202410251130/tools/bin/../lib/gcc/arm-none-eabi/12.3.1/../../../../arm-none-eabi/lib/thumb/v7-m/nofp\libc_nano.a(libc_a-memset.o)
 .ARM.attributes
                0x0000041c       0x2d D:/Mina/Program_Files/ST/STM32CubeIDE_1.17.0/STM32CubeIDE/plugins/com.st.stm32cube.ide.mcu.externaltools.gnu-tools-for-stm32.12.3.rel1.win32_1.1.0.202410251130/tools/bin/../lib/gcc/arm-none-eabi/12.3.1/../../../../arm-none-eabi/lib/thumb/v7-m/nofp\libc_nano.a(libc_a-init.o)
 .ARM.attributes
                0x00000449       0x2d D:/Mina/Program_Files/ST/STM32CubeIDE_1.17.0/STM32CubeIDE/plugins/com.st.stm32cube.ide.mcu.externaltools.gnu-tools-for-stm32.12.3.rel1.win32_1.1.0.202410251130/tools/bin/../lib/gcc/arm-none-eabi/12.3.1/../../../../arm-none-eabi/lib/thumb/v7-m/nofp\libc_nano.a(libc_a-memcpy-stub.o)
 .ARM.attributes
                0x00000476       0x1d D:/Mina/Program_Files/ST/STM32CubeIDE_1.17.0/STM32CubeIDE/plugins/com.st.stm32cube.ide.mcu.externaltools.gnu-tools-for-stm32.12.3.rel1.win32_1.1.0.202410251130/tools/bin/../lib/gcc/arm-none-eabi/12.3.1/thumb/v7-m/nofp\libgcc.a(_arm_addsubdf3.o)
 .ARM.attributes
                0x00000493       0x1d D:/Mina/Program_Files/ST/STM32CubeIDE_1.17.0/STM32CubeIDE/plugins/com.st.stm32cube.ide.mcu.externaltools.gnu-tools-for-stm32.12.3.rel1.win32_1.1.0.202410251130/tools/bin/../lib/gcc/arm-none-eabi/12.3.1/thumb/v7-m/nofp\libgcc.a(_arm_muldivdf3.o)
 .ARM.attributes
                0x000004b0       0x1d D:/Mina/Program_Files/ST/STM32CubeIDE_1.17.0/STM32CubeIDE/plugins/com.st.stm32cube.ide.mcu.externaltools.gnu-tools-for-stm32.12.3.rel1.win32_1.1.0.202410251130/tools/bin/../lib/gcc/arm-none-eabi/12.3.1/thumb/v7-m/nofp\libgcc.a(_arm_truncdfsf2.o)
 .ARM.attributes
                0x000004cd       0x1d D:/Mina/Program_Files/ST/STM32CubeIDE_1.17.0/STM32CubeIDE/plugins/com.st.stm32cube.ide.mcu.externaltools.gnu-tools-for-stm32.12.3.rel1.win32_1.1.0.202410251130/tools/bin/../lib/gcc/arm-none-eabi/12.3.1/thumb/v7-m/nofp/crtn.o
OUTPUT(qb79616.elf elf32-littlearm)
LOAD linker stubs
LOAD D:/Mina/Program_Files/ST/STM32CubeIDE_1.17.0/STM32CubeIDE/plugins/com.st.stm32cube.ide.mcu.externaltools.gnu-tools-for-stm32.12.3.rel1.win32_1.1.0.202410251130/tools/bin/../lib/gcc/arm-none-eabi/12.3.1/../../../../arm-none-eabi/lib/thumb/v7-m/nofp\libc.a
LOAD D:/Mina/Program_Files/ST/STM32CubeIDE_1.17.0/STM32CubeIDE/plugins/com.st.stm32cube.ide.mcu.externaltools.gnu-tools-for-stm32.12.3.rel1.win32_1.1.0.202410251130/tools/bin/../lib/gcc/arm-none-eabi/12.3.1/../../../../arm-none-eabi/lib/thumb/v7-m/nofp\libm.a
LOAD D:/Mina/Program_Files/ST/STM32CubeIDE_1.17.0/STM32CubeIDE/plugins/com.st.stm32cube.ide.mcu.externaltools.gnu-tools-for-stm32.12.3.rel1.win32_1.1.0.202410251130/tools/bin/../lib/gcc/arm-none-eabi/12.3.1/thumb/v7-m/nofp\libgcc.a

.debug_info     0x00000000    0x120c8
 .debug_info    0x00000000      0x7ff ./BMS_Tests/BMS_tests.o
 .debug_info    0x000007ff     0x1755 ./Core/Src/bq79616_V2.o
 .debug_info    0x00001f54     0x123a ./Core/Src/main.o
 .debug_info    0x0000318e      0xd65 ./Core/Src/stm32f1xx_hal_msp.o
 .debug_info    0x00003ef3      0x913 ./Core/Src/stm32f1xx_it.o
 .debug_info    0x00004806      0x222 ./Core/Src/system_stm32f1xx.o
 .debug_info    0x00004a28       0x30 ./Core/Startup/startup_stm32f103c8tx.o
 .debug_info    0x00004a58      0x704 ./Drivers/STM32F1xx_HAL_Driver/Src/stm32f1xx_hal.o
 .debug_info    0x0000515c      0xa87 ./Drivers/STM32F1xx_HAL_Driver/Src/stm32f1xx_hal_cortex.o
 .debug_info    0x00005be3      0x6d2 ./Drivers/STM32F1xx_HAL_Driver/Src/stm32f1xx_hal_dma.o
 .debug_info    0x000062b5      0x5ab ./Drivers/STM32F1xx_HAL_Driver/Src/stm32f1xx_hal_gpio.o
 .debug_info    0x00006860      0x7d5 ./Drivers/STM32F1xx_HAL_Driver/Src/stm32f1xx_hal_rcc.o
 .debug_info    0x00007035     0x2959 ./Drivers/STM32F1xx_HAL_Driver/Src/stm32f1xx_hal_tim.o
 .debug_info    0x0000998e     0x149b ./Drivers/STM32F1xx_HAL_Driver/Src/stm32f1xx_hal_tim_ex.o
 .debug_info    0x0000ae29     0x2eed ./Drivers/STM32F1xx_HAL_Driver/Src/stm32f1xx_hal_uart.o
 .debug_info    0x0000dd16      0x2af ./FreeRTOS/FreeRTOS/Source/list.o
 .debug_info    0x0000dfc5     0x1031 ./FreeRTOS/FreeRTOS/Source/queue.o
 .debug_info    0x0000eff6     0x1d56 ./FreeRTOS/FreeRTOS/Source/tasks.o
 .debug_info    0x00010d4c      0xe1f ./FreeRTOS/FreeRTOS/Source/timers.o
 .debug_info    0x00011b6b      0x3b3 ./FreeRTOS/FreeRTOS/Source/portable/GCC/ARM_CM3/port.o
 .debug_info    0x00011f1e      0x1aa ./FreeRTOS/FreeRTOS/Source/portable/MemMang/heap_1.o

.debug_abbrev   0x00000000     0x2f57
 .debug_abbrev  0x00000000      0x250 ./BMS_Tests/BMS_tests.o
 .debug_abbrev  0x00000250      0x3c9 ./Core/Src/bq79616_V2.o
 .debug_abbrev  0x00000619      0x37b ./Core/Src/main.o
 .debug_abbrev  0x00000994      0x1dd ./Core/Src/stm32f1xx_hal_msp.o
 .debug_abbrev  0x00000b71      0x188 ./Core/Src/stm32f1xx_it.o
 .debug_abbrev  0x00000cf9      0x13f ./Core/Src/system_stm32f1xx.o
 .debug_abbrev  0x00000e38       0x24 ./Core/Startup/startup_stm32f103c8tx.o
 .debug_abbrev  0x00000e5c      0x201 ./Drivers/STM32F1xx_HAL_Driver/Src/stm32f1xx_hal.o
 .debug_abbrev  0x0000105d      0x2f8 ./Drivers/STM32F1xx_HAL_Driver/Src/stm32f1xx_hal_cortex.o
 .debug_abbrev  0x00001355      0x20b ./Drivers/STM32F1xx_HAL_Driver/Src/stm32f1xx_hal_dma.o
 .debug_abbrev  0x00001560      0x1ca ./Drivers/STM32F1xx_HAL_Driver/Src/stm32f1xx_hal_gpio.o
 .debug_abbrev  0x0000172a      0x2b3 ./Drivers/STM32F1xx_HAL_Driver/Src/stm32f1xx_hal_rcc.o
 .debug_abbrev  0x000019dd      0x277 ./Drivers/STM32F1xx_HAL_Driver/Src/stm32f1xx_hal_tim.o
 .debug_abbrev  0x00001c54      0x282 ./Drivers/STM32F1xx_HAL_Driver/Src/stm32f1xx_hal_tim_ex.o
 .debug_abbrev  0x00001ed6      0x2f8 ./Drivers/STM32F1xx_HAL_Driver/Src/stm32f1xx_hal_uart.o
 .debug_abbrev  0x000021ce       0xf5 ./FreeRTOS/FreeRTOS/Source/list.o
 .debug_abbrev  0x000022c3      0x2bf ./FreeRTOS/FreeRTOS/Source/queue.o
 .debug_abbrev  0x00002582      0x37d ./FreeRTOS/FreeRTOS/Source/tasks.o
 .debug_abbrev  0x000028ff      0x2b4 ./FreeRTOS/FreeRTOS/Source/timers.o
 .debug_abbrev  0x00002bb3      0x281 ./FreeRTOS/FreeRTOS/Source/portable/GCC/ARM_CM3/port.o
 .debug_abbrev  0x00002e34      0x123 ./FreeRTOS/FreeRTOS/Source/portable/MemMang/heap_1.o

.debug_aranges  0x00000000     0x11d8
 .debug_aranges
                0x00000000       0x38 ./BMS_Tests/BMS_tests.o
 .debug_aranges
                0x00000038      0x108 ./Core/Src/bq79616_V2.o
 .debug_aranges
                0x00000140       0x88 ./Core/Src/main.o
 .debug_aranges
                0x000001c8       0x40 ./Core/Src/stm32f1xx_hal_msp.o
 .debug_aranges
                0x00000208       0x58 ./Core/Src/stm32f1xx_it.o
 .debug_aranges
                0x00000260       0x28 ./Core/Src/system_stm32f1xx.o
 .debug_aranges
                0x00000288       0x28 ./Core/Startup/startup_stm32f103c8tx.o
 .debug_aranges
                0x000002b0       0xe0 ./Drivers/STM32F1xx_HAL_Driver/Src/stm32f1xx_hal.o
 .debug_aranges
                0x00000390      0x100 ./Drivers/STM32F1xx_HAL_Driver/Src/stm32f1xx_hal_cortex.o
 .debug_aranges
                0x00000490       0x80 ./Drivers/STM32F1xx_HAL_Driver/Src/stm32f1xx_hal_dma.o
 .debug_aranges
                0x00000510       0x58 ./Drivers/STM32F1xx_HAL_Driver/Src/stm32f1xx_hal_gpio.o
 .debug_aranges
                0x00000568       0x90 ./Drivers/STM32F1xx_HAL_Driver/Src/stm32f1xx_hal_rcc.o
 .debug_aranges
                0x000005f8      0x3d0 ./Drivers/STM32F1xx_HAL_Driver/Src/stm32f1xx_hal_tim.o
 .debug_aranges
                0x000009c8      0x168 ./Drivers/STM32F1xx_HAL_Driver/Src/stm32f1xx_hal_tim_ex.o
 .debug_aranges
                0x00000b30      0x208 ./Drivers/STM32F1xx_HAL_Driver/Src/stm32f1xx_hal_uart.o
 .debug_aranges
                0x00000d38       0x40 ./FreeRTOS/FreeRTOS/Source/list.o
 .debug_aranges
                0x00000d78       0xe8 ./FreeRTOS/FreeRTOS/Source/queue.o
 .debug_aranges
                0x00000e60      0x1d8 ./FreeRTOS/FreeRTOS/Source/tasks.o
 .debug_aranges
                0x00001038       0xf8 ./FreeRTOS/FreeRTOS/Source/timers.o
 .debug_aranges
                0x00001130       0x70 ./FreeRTOS/FreeRTOS/Source/portable/GCC/ARM_CM3/port.o
 .debug_aranges
                0x000011a0       0x38 ./FreeRTOS/FreeRTOS/Source/portable/MemMang/heap_1.o

.debug_rnglists
                0x00000000      0xe00
 .debug_rnglists
                0x00000000       0x26 ./BMS_Tests/BMS_tests.o
 .debug_rnglists
                0x00000026       0xea ./Core/Src/bq79616_V2.o
 .debug_rnglists
                0x00000110       0x68 ./Core/Src/main.o
 .debug_rnglists
                0x00000178       0x2c ./Core/Src/stm32f1xx_hal_msp.o
 .debug_rnglists
                0x000001a4       0x3d ./Core/Src/stm32f1xx_it.o
 .debug_rnglists
                0x000001e1       0x1a ./Core/Src/system_stm32f1xx.o
 .debug_rnglists
                0x000001fb       0x19 ./Core/Startup/startup_stm32f103c8tx.o
 .debug_rnglists
                0x00000214       0xa3 ./Drivers/STM32F1xx_HAL_Driver/Src/stm32f1xx_hal.o
 .debug_rnglists
                0x000002b7       0xbb ./Drivers/STM32F1xx_HAL_Driver/Src/stm32f1xx_hal_cortex.o
 .debug_rnglists
                0x00000372       0x64 ./Drivers/STM32F1xx_HAL_Driver/Src/stm32f1xx_hal_dma.o
 .debug_rnglists
                0x000003d6       0x3f ./Drivers/STM32F1xx_HAL_Driver/Src/stm32f1xx_hal_gpio.o
 .debug_rnglists
                0x00000415       0x6c ./Drivers/STM32F1xx_HAL_Driver/Src/stm32f1xx_hal_rcc.o
 .debug_rnglists
                0x00000481      0x31a ./Drivers/STM32F1xx_HAL_Driver/Src/stm32f1xx_hal_tim.o
 .debug_rnglists
                0x0000079b      0x125 ./Drivers/STM32F1xx_HAL_Driver/Src/stm32f1xx_hal_tim_ex.o
 .debug_rnglists
                0x000008c0      0x1bc ./Drivers/STM32F1xx_HAL_Driver/Src/stm32f1xx_hal_uart.o
 .debug_rnglists
                0x00000a7c       0x2b ./FreeRTOS/FreeRTOS/Source/list.o
 .debug_rnglists
                0x00000aa7       0xb3 ./FreeRTOS/FreeRTOS/Source/queue.o
 .debug_rnglists
                0x00000b5a      0x178 ./FreeRTOS/FreeRTOS/Source/tasks.o
 .debug_rnglists
                0x00000cd2       0xb9 ./FreeRTOS/FreeRTOS/Source/timers.o
 .debug_rnglists
                0x00000d8b       0x4f ./FreeRTOS/FreeRTOS/Source/portable/GCC/ARM_CM3/port.o
 .debug_rnglists
                0x00000dda       0x26 ./FreeRTOS/FreeRTOS/Source/portable/MemMang/heap_1.o

.debug_macro    0x00000000    0x1a505
 .debug_macro   0x00000000      0x1c9 ./BMS_Tests/BMS_tests.o
 .debug_macro   0x000001c9      0xaa8 ./BMS_Tests/BMS_tests.o
 .debug_macro   0x00000c71      0x21b ./BMS_Tests/BMS_tests.o
 .debug_macro   0x00000e8c       0x2e ./BMS_Tests/BMS_tests.o
 .debug_macro   0x00000eba       0x22 ./BMS_Tests/BMS_tests.o
 .debug_macro   0x00000edc       0x22 ./BMS_Tests/BMS_tests.o
 .debug_macro   0x00000efe       0x8e ./BMS_Tests/BMS_tests.o
 .debug_macro   0x00000f8c       0x51 ./BMS_Tests/BMS_tests.o
 .debug_macro   0x00000fdd      0x103 ./BMS_Tests/BMS_tests.o
 .debug_macro   0x000010e0       0x6a ./BMS_Tests/BMS_tests.o
 .debug_macro   0x0000114a      0x1df ./BMS_Tests/BMS_tests.o
 .debug_macro   0x00001329       0x1c ./BMS_Tests/BMS_tests.o
 .debug_macro   0x00001345       0x22 ./BMS_Tests/BMS_tests.o
 .debug_macro   0x00001367       0xbd ./BMS_Tests/BMS_tests.o
 .debug_macro   0x00001424      0xd23 ./BMS_Tests/BMS_tests.o
 .debug_macro   0x00002147     0xe09e ./BMS_Tests/BMS_tests.o
 .debug_macro   0x000101e5       0x6d ./BMS_Tests/BMS_tests.o
 .debug_macro   0x00010252     0x34a2 ./BMS_Tests/BMS_tests.o
 .debug_macro   0x000136f4      0x189 ./BMS_Tests/BMS_tests.o
 .debug_macro   0x0001387d       0x5c ./BMS_Tests/BMS_tests.o
 .debug_macro   0x000138d9      0x5bc ./BMS_Tests/BMS_tests.o
 .debug_macro   0x00013e95      0x289 ./BMS_Tests/BMS_tests.o
 .debug_macro   0x0001411e      0x1cb ./BMS_Tests/BMS_tests.o
 .debug_macro   0x000142e9      0x114 ./BMS_Tests/BMS_tests.o
 .debug_macro   0x000143fd      0x1b2 ./BMS_Tests/BMS_tests.o
 .debug_macro   0x000145af       0x27 ./BMS_Tests/BMS_tests.o
 .debug_macro   0x000145d6      0x136 ./BMS_Tests/BMS_tests.o
 .debug_macro   0x0001470c      0x1bc ./BMS_Tests/BMS_tests.o
 .debug_macro   0x000148c8       0x34 ./BMS_Tests/BMS_tests.o
 .debug_macro   0x000148fc       0x3c ./BMS_Tests/BMS_tests.o
 .debug_macro   0x00014938       0x57 ./BMS_Tests/BMS_tests.o
 .debug_macro   0x0001498f       0x87 ./BMS_Tests/BMS_tests.o
 .debug_macro   0x00014a16      0x240 ./BMS_Tests/BMS_tests.o
 .debug_macro   0x00014c56      0x140 ./BMS_Tests/BMS_tests.o
 .debug_macro   0x00014d96      0x8ed ./BMS_Tests/BMS_tests.o
 .debug_macro   0x00015683      0x28e ./BMS_Tests/BMS_tests.o
 .debug_macro   0x00015911       0x83 ./BMS_Tests/BMS_tests.o
 .debug_macro   0x00015994      0x816 ./BMS_Tests/BMS_tests.o
 .debug_macro   0x000161aa       0xe2 ./BMS_Tests/BMS_tests.o
 .debug_macro   0x0001628c      0x300 ./Core/Src/bq79616_V2.o
 .debug_macro   0x0001658c       0x61 ./Core/Src/bq79616_V2.o
 .debug_macro   0x000165ed       0x24 ./Core/Src/bq79616_V2.o
 .debug_macro   0x00016611       0x43 ./Core/Src/bq79616_V2.o
 .debug_macro   0x00016654       0x34 ./Core/Src/bq79616_V2.o
 .debug_macro   0x00016688       0x16 ./Core/Src/bq79616_V2.o
 .debug_macro   0x0001669e       0x43 ./Core/Src/bq79616_V2.o
 .debug_macro   0x000166e1       0x34 ./Core/Src/bq79616_V2.o
 .debug_macro   0x00016715       0x10 ./Core/Src/bq79616_V2.o
 .debug_macro   0x00016725       0x58 ./Core/Src/bq79616_V2.o
 .debug_macro   0x0001677d       0x8e ./Core/Src/bq79616_V2.o
 .debug_macro   0x0001680b       0x1c ./Core/Src/bq79616_V2.o
 .debug_macro   0x00016827      0x177 ./Core/Src/bq79616_V2.o
 .debug_macro   0x0001699e      0x369 ./Core/Src/bq79616_V2.o
 .debug_macro   0x00016d07       0x10 ./Core/Src/bq79616_V2.o
 .debug_macro   0x00016d17       0x35 ./Core/Src/bq79616_V2.o
 .debug_macro   0x00016d4c       0x20 ./Core/Src/bq79616_V2.o
 .debug_macro   0x00016d6c       0xc4 ./Core/Src/bq79616_V2.o
 .debug_macro   0x00016e30      0x15a ./Core/Src/bq79616_V2.o
 .debug_macro   0x00016f8a       0xe3 ./Core/Src/bq79616_V2.o
 .debug_macro   0x0001706d       0x28 ./Core/Src/bq79616_V2.o
 .debug_macro   0x00017095       0x1f ./Core/Src/bq79616_V2.o
 .debug_macro   0x000170b4       0x12 ./Core/Src/bq79616_V2.o
 .debug_macro   0x000170c6      0x57a ./Core/Src/bq79616_V2.o
 .debug_macro   0x00017640       0xc3 ./Core/Src/bq79616_V2.o
 .debug_macro   0x00017703      0x120 ./Core/Src/bq79616_V2.o
 .debug_macro   0x00017823      0x35c ./Core/Src/main.o
 .debug_macro   0x00017b7f       0x16 ./Core/Src/main.o
 .debug_macro   0x00017b95       0x10 ./Core/Src/main.o
 .debug_macro   0x00017ba5       0x16 ./Core/Src/main.o
 .debug_macro   0x00017bbb       0x16 ./Core/Src/main.o
 .debug_macro   0x00017bd1      0x146 ./Core/Src/main.o
 .debug_macro   0x00017d17       0xca ./Core/Src/main.o
 .debug_macro   0x00017de1      0x1ad ./Core/Src/stm32f1xx_hal_msp.o
 .debug_macro   0x00017f8e      0x1b7 ./Core/Src/stm32f1xx_it.o
 .debug_macro   0x00018145      0x1a3 ./Core/Src/system_stm32f1xx.o
 .debug_macro   0x000182e8      0x1c7 ./Drivers/STM32F1xx_HAL_Driver/Src/stm32f1xx_hal.o
 .debug_macro   0x000184af      0x1a3 ./Drivers/STM32F1xx_HAL_Driver/Src/stm32f1xx_hal_cortex.o
 .debug_macro   0x00018652      0x1a3 ./Drivers/STM32F1xx_HAL_Driver/Src/stm32f1xx_hal_dma.o
 .debug_macro   0x000187f5      0x20e ./Drivers/STM32F1xx_HAL_Driver/Src/stm32f1xx_hal_gpio.o
 .debug_macro   0x00018a03      0x1b5 ./Drivers/STM32F1xx_HAL_Driver/Src/stm32f1xx_hal_rcc.o
 .debug_macro   0x00018bb8      0x1a4 ./Drivers/STM32F1xx_HAL_Driver/Src/stm32f1xx_hal_tim.o
 .debug_macro   0x00018d5c      0x1a3 ./Drivers/STM32F1xx_HAL_Driver/Src/stm32f1xx_hal_tim_ex.o
 .debug_macro   0x00018eff      0x1a4 ./Drivers/STM32F1xx_HAL_Driver/Src/stm32f1xx_hal_uart.o
 .debug_macro   0x000190a3      0x2e3 ./FreeRTOS/FreeRTOS/Source/list.o
 .debug_macro   0x00019386      0x37a ./FreeRTOS/FreeRTOS/Source/queue.o
 .debug_macro   0x00019700       0x16 ./FreeRTOS/FreeRTOS/Source/queue.o
 .debug_macro   0x00019716       0x80 ./FreeRTOS/FreeRTOS/Source/queue.o
 .debug_macro   0x00019796      0x3c9 ./FreeRTOS/FreeRTOS/Source/tasks.o
 .debug_macro   0x00019b5f       0x17 ./FreeRTOS/FreeRTOS/Source/tasks.o
 .debug_macro   0x00019b76      0x332 ./FreeRTOS/FreeRTOS/Source/timers.o
 .debug_macro   0x00019ea8       0x97 ./FreeRTOS/FreeRTOS/Source/timers.o
 .debug_macro   0x00019f3f      0x2ce ./FreeRTOS/FreeRTOS/Source/portable/GCC/ARM_CM3/port.o
 .debug_macro   0x0001a20d      0x2f8 ./FreeRTOS/FreeRTOS/Source/portable/MemMang/heap_1.o

.debug_line     0x00000000    0x163ad
 .debug_line    0x00000000      0x8a7 ./BMS_Tests/BMS_tests.o
 .debug_line    0x000008a7     0x149b ./Core/Src/bq79616_V2.o
 .debug_line    0x00001d42      0xef6 ./Core/Src/main.o
 .debug_line    0x00002c38      0x86f ./Core/Src/stm32f1xx_hal_msp.o
 .debug_line    0x000034a7      0x859 ./Core/Src/stm32f1xx_it.o
 .debug_line    0x00003d00      0x823 ./Core/Src/system_stm32f1xx.o
 .debug_line    0x00004523       0x78 ./Core/Startup/startup_stm32f103c8tx.o
 .debug_line    0x0000459b      0xa50 ./Drivers/STM32F1xx_HAL_Driver/Src/stm32f1xx_hal.o
 .debug_line    0x00004feb      0xc3c ./Drivers/STM32F1xx_HAL_Driver/Src/stm32f1xx_hal_cortex.o
 .debug_line    0x00005c27      0xea9 ./Drivers/STM32F1xx_HAL_Driver/Src/stm32f1xx_hal_dma.o
 .debug_line    0x00006ad0      0xae9 ./Drivers/STM32F1xx_HAL_Driver/Src/stm32f1xx_hal_gpio.o
 .debug_line    0x000075b9      0xe59 ./Drivers/STM32F1xx_HAL_Driver/Src/stm32f1xx_hal_rcc.o
 .debug_line    0x00008412     0x3575 ./Drivers/STM32F1xx_HAL_Driver/Src/stm32f1xx_hal_tim.o
 .debug_line    0x0000b987     0x199f ./Drivers/STM32F1xx_HAL_Driver/Src/stm32f1xx_hal_tim_ex.o
 .debug_line    0x0000d326     0x292f ./Drivers/STM32F1xx_HAL_Driver/Src/stm32f1xx_hal_uart.o
 .debug_line    0x0000fc55      0xcb2 ./FreeRTOS/FreeRTOS/Source/list.o
 .debug_line    0x00010907     0x148c ./FreeRTOS/FreeRTOS/Source/queue.o
 .debug_line    0x00011d93     0x1d70 ./FreeRTOS/FreeRTOS/Source/tasks.o
 .debug_line    0x00013b03     0x1125 ./FreeRTOS/FreeRTOS/Source/timers.o
 .debug_line    0x00014c28      0xb28 ./FreeRTOS/FreeRTOS/Source/portable/GCC/ARM_CM3/port.o
 .debug_line    0x00015750      0xc5d ./FreeRTOS/FreeRTOS/Source/portable/MemMang/heap_1.o

.debug_str      0x00000000    0x94d0d
 .debug_str     0x00000000    0x85449 ./BMS_Tests/BMS_tests.o
                              0x857f9 (size before relaxing)
 .debug_str     0x00085449     0x87d5 ./Core/Src/bq79616_V2.o
                              0x8dfd1 (size before relaxing)
 .debug_str     0x0008dc1e      0xb81 ./Core/Src/main.o
                              0x8e696 (size before relaxing)
 .debug_str     0x0008e79f      0x36e ./Core/Src/stm32f1xx_hal_msp.o
                              0x841b0 (size before relaxing)
 .debug_str     0x0008eb0d       0xdb ./Core/Src/stm32f1xx_it.o
                              0x83e1c (size before relaxing)
 .debug_str     0x0008ebe8       0x7e ./Core/Src/system_stm32f1xx.o
                              0x83728 (size before relaxing)
 .debug_str     0x0008ec66       0x44 ./Core/Startup/startup_stm32f103c8tx.o
                                 0x91 (size before relaxing)
 .debug_str     0x0008ecaa      0x378 ./Drivers/STM32F1xx_HAL_Driver/Src/stm32f1xx_hal.o
                              0x83e5b (size before relaxing)
 .debug_str     0x0008f022      0x294 ./Drivers/STM32F1xx_HAL_Driver/Src/stm32f1xx_hal_cortex.o
                              0x83da7 (size before relaxing)
 .debug_str     0x0008f2b6      0x235 ./Drivers/STM32F1xx_HAL_Driver/Src/stm32f1xx_hal_dma.o
                              0x83ad1 (size before relaxing)
 .debug_str     0x0008f4eb      0x2ca ./Drivers/STM32F1xx_HAL_Driver/Src/stm32f1xx_hal_gpio.o
                              0x83aae (size before relaxing)
 .debug_str     0x0008f7b5      0x229 ./Drivers/STM32F1xx_HAL_Driver/Src/stm32f1xx_hal_rcc.o
                              0x83b57 (size before relaxing)
 .debug_str     0x0008f9de      0xdb0 ./Drivers/STM32F1xx_HAL_Driver/Src/stm32f1xx_hal_tim.o
                              0x84b59 (size before relaxing)
 .debug_str     0x0009078e      0x493 ./Drivers/STM32F1xx_HAL_Driver/Src/stm32f1xx_hal_tim_ex.o
                              0x84365 (size before relaxing)
 .debug_str     0x00090c21      0x5b5 ./Drivers/STM32F1xx_HAL_Driver/Src/stm32f1xx_hal_uart.o
                              0x841c8 (size before relaxing)
 .debug_str     0x000911d6      0x258 ./FreeRTOS/FreeRTOS/Source/list.o
                              0x8a670 (size before relaxing)
 .debug_str     0x0009142e     0x1168 ./FreeRTOS/FreeRTOS/Source/queue.o
                              0x8cac4 (size before relaxing)
 .debug_str     0x00092596     0x1a81 ./FreeRTOS/FreeRTOS/Source/tasks.o
                              0x8d686 (size before relaxing)
 .debug_str     0x00094017      0x603 ./FreeRTOS/FreeRTOS/Source/timers.o
                              0x8cf76 (size before relaxing)
 .debug_str     0x0009461a      0x61a ./FreeRTOS/FreeRTOS/Source/portable/GCC/ARM_CM3/port.o
                              0x88d56 (size before relaxing)
 .debug_str     0x00094c34       0xd9 ./FreeRTOS/FreeRTOS/Source/portable/MemMang/heap_1.o
                              0x8b8ac (size before relaxing)

.comment        0x00000000       0x43
 .comment       0x00000000       0x43 ./BMS_Tests/BMS_tests.o
                                 0x44 (size before relaxing)
 .comment       0x00000043       0x44 ./Core/Src/bq79616_V2.o
 .comment       0x00000043       0x44 ./Core/Src/main.o
 .comment       0x00000043       0x44 ./Core/Src/stm32f1xx_hal_msp.o
 .comment       0x00000043       0x44 ./Core/Src/stm32f1xx_it.o
 .comment       0x00000043       0x44 ./Core/Src/system_stm32f1xx.o
 .comment       0x00000043       0x44 ./Drivers/STM32F1xx_HAL_Driver/Src/stm32f1xx_hal.o
 .comment       0x00000043       0x44 ./Drivers/STM32F1xx_HAL_Driver/Src/stm32f1xx_hal_cortex.o
 .comment       0x00000043       0x44 ./Drivers/STM32F1xx_HAL_Driver/Src/stm32f1xx_hal_dma.o
 .comment       0x00000043       0x44 ./Drivers/STM32F1xx_HAL_Driver/Src/stm32f1xx_hal_gpio.o
 .comment       0x00000043       0x44 ./Drivers/STM32F1xx_HAL_Driver/Src/stm32f1xx_hal_rcc.o
 .comment       0x00000043       0x44 ./Drivers/STM32F1xx_HAL_Driver/Src/stm32f1xx_hal_tim.o
 .comment       0x00000043       0x44 ./Drivers/STM32F1xx_HAL_Driver/Src/stm32f1xx_hal_tim_ex.o
 .comment       0x00000043       0x44 ./Drivers/STM32F1xx_HAL_Driver/Src/stm32f1xx_hal_uart.o
 .comment       0x00000043       0x44 ./FreeRTOS/FreeRTOS/Source/list.o
 .comment       0x00000043       0x44 ./FreeRTOS/FreeRTOS/Source/queue.o
 .comment       0x00000043       0x44 ./FreeRTOS/FreeRTOS/Source/tasks.o
 .comment       0x00000043       0x44 ./FreeRTOS/FreeRTOS/Source/timers.o
 .comment       0x00000043       0x44 ./FreeRTOS/FreeRTOS/Source/portable/GCC/ARM_CM3/port.o
 .comment       0x00000043       0x44 ./FreeRTOS/FreeRTOS/Source/portable/MemMang/heap_1.o

.debug_frame    0x00000000     0x4b78
 .debug_frame   0x00000000       0xa0 ./BMS_Tests/BMS_tests.o
 .debug_frame   0x000000a0      0x494 ./Core/Src/bq79616_V2.o
 .debug_frame   0x00000534      0x1e8 ./Core/Src/main.o
 .debug_frame   0x0000071c       0xc8 ./Core/Src/stm32f1xx_hal_msp.o
 .debug_frame   0x000007e4       0xe0 ./Core/Src/stm32f1xx_it.o
 .debug_frame   0x000008c4       0x58 ./Core/Src/system_stm32f1xx.o
 .debug_frame   0x0000091c      0x334 ./Drivers/STM32F1xx_HAL_Driver/Src/stm32f1xx_hal.o
 .debug_frame   0x00000c50      0x428 ./Drivers/STM32F1xx_HAL_Driver/Src/stm32f1xx_hal_cortex.o
 .debug_frame   0x00001078      0x208 ./Drivers/STM32F1xx_HAL_Driver/Src/stm32f1xx_hal_dma.o
 .debug_frame   0x00001280      0x14c ./Drivers/STM32F1xx_HAL_Driver/Src/stm32f1xx_hal_gpio.o
 .debug_frame   0x000013cc      0x218 ./Drivers/STM32F1xx_HAL_Driver/Src/stm32f1xx_hal_rcc.o
 .debug_frame   0x000015e4     0x11b8 ./Drivers/STM32F1xx_HAL_Driver/Src/stm32f1xx_hal_tim.o
 .debug_frame   0x0000279c      0x638 ./Drivers/STM32F1xx_HAL_Driver/Src/stm32f1xx_hal_tim_ex.o
 .debug_frame   0x00002dd4      0x944 ./Drivers/STM32F1xx_HAL_Driver/Src/stm32f1xx_hal_uart.o
 .debug_frame   0x00003718       0xd8 ./FreeRTOS/FreeRTOS/Source/list.o
 .debug_frame   0x000037f0      0x3d0 ./FreeRTOS/FreeRTOS/Source/queue.o
 .debug_frame   0x00003bc0      0x824 ./FreeRTOS/FreeRTOS/Source/tasks.o
 .debug_frame   0x000043e4      0x408 ./FreeRTOS/FreeRTOS/Source/timers.o
 .debug_frame   0x000047ec      0x15c ./FreeRTOS/FreeRTOS/Source/portable/GCC/ARM_CM3/port.o
 .debug_frame   0x00004948       0x9c ./FreeRTOS/FreeRTOS/Source/portable/MemMang/heap_1.o
 .debug_frame   0x000049e4       0x20 D:/Mina/Program_Files/ST/STM32CubeIDE_1.17.0/STM32CubeIDE/plugins/com.st.stm32cube.ide.mcu.externaltools.gnu-tools-for-stm32.12.3.rel1.win32_1.1.0.202410251130/tools/bin/../lib/gcc/arm-none-eabi/12.3.1/../../../../arm-none-eabi/lib/thumb/v7-m/nofp\libc_nano.a(libc_a-memset.o)
 .debug_frame   0x00004a04       0x2c D:/Mina/Program_Files/ST/STM32CubeIDE_1.17.0/STM32CubeIDE/plugins/com.st.stm32cube.ide.mcu.externaltools.gnu-tools-for-stm32.12.3.rel1.win32_1.1.0.202410251130/tools/bin/../lib/gcc/arm-none-eabi/12.3.1/../../../../arm-none-eabi/lib/thumb/v7-m/nofp\libc_nano.a(libc_a-init.o)
 .debug_frame   0x00004a30       0x28 D:/Mina/Program_Files/ST/STM32CubeIDE_1.17.0/STM32CubeIDE/plugins/com.st.stm32cube.ide.mcu.externaltools.gnu-tools-for-stm32.12.3.rel1.win32_1.1.0.202410251130/tools/bin/../lib/gcc/arm-none-eabi/12.3.1/../../../../arm-none-eabi/lib/thumb/v7-m/nofp\libc_nano.a(libc_a-memcpy-stub.o)
 .debug_frame   0x00004a58       0xac D:/Mina/Program_Files/ST/STM32CubeIDE_1.17.0/STM32CubeIDE/plugins/com.st.stm32cube.ide.mcu.externaltools.gnu-tools-for-stm32.12.3.rel1.win32_1.1.0.202410251130/tools/bin/../lib/gcc/arm-none-eabi/12.3.1/thumb/v7-m/nofp\libgcc.a(_arm_addsubdf3.o)
 .debug_frame   0x00004b04       0x50 D:/Mina/Program_Files/ST/STM32CubeIDE_1.17.0/STM32CubeIDE/plugins/com.st.stm32cube.ide.mcu.externaltools.gnu-tools-for-stm32.12.3.rel1.win32_1.1.0.202410251130/tools/bin/../lib/gcc/arm-none-eabi/12.3.1/thumb/v7-m/nofp\libgcc.a(_arm_muldivdf3.o)
 .debug_frame   0x00004b54       0x24 D:/Mina/Program_Files/ST/STM32CubeIDE_1.17.0/STM32CubeIDE/plugins/com.st.stm32cube.ide.mcu.externaltools.gnu-tools-for-stm32.12.3.rel1.win32_1.1.0.202410251130/tools/bin/../lib/gcc/arm-none-eabi/12.3.1/thumb/v7-m/nofp\libgcc.a(_arm_truncdfsf2.o)

.debug_line_str
                0x00000000       0x75
 .debug_line_str
                0x00000000       0x75 ./Core/Startup/startup_stm32f103c8tx.o
