Archive member included to satisfy reference by file (symbol)

D:/Mina/Program_Files/ST/STM32CubeIDE_1.17.0/STM32CubeIDE/plugins/com.st.stm32cube.ide.mcu.externaltools.gnu-tools-for-stm32.12.3.rel1.win32_1.1.0.202410251130/tools/bin/../lib/gcc/arm-none-eabi/12.3.1/../../../../arm-none-eabi/lib/thumb/v7-m/nofp\libc_nano.a(libc_a-exit.o)
                              D:/Mina/Program_Files/ST/STM32CubeIDE_1.17.0/STM32CubeIDE/plugins/com.st.stm32cube.ide.mcu.externaltools.gnu-tools-for-stm32.12.3.rel1.win32_1.1.0.202410251130/tools/bin/../lib/gcc/arm-none-eabi/12.3.1/../../../../arm-none-eabi/lib/thumb/v7-m/nofp/crt0.o (exit)
D:/Mina/Program_Files/ST/STM32CubeIDE_1.17.0/STM32CubeIDE/plugins/com.st.stm32cube.ide.mcu.externaltools.gnu-tools-for-stm32.12.3.rel1.win32_1.1.0.202410251130/tools/bin/../lib/gcc/arm-none-eabi/12.3.1/../../../../arm-none-eabi/lib/thumb/v7-m/nofp\libc_nano.a(libc_a-findfp.o)
                              D:/Mina/Program_Files/ST/STM32CubeIDE_1.17.0/STM32CubeIDE/plugins/com.st.stm32cube.ide.mcu.externaltools.gnu-tools-for-stm32.12.3.rel1.win32_1.1.0.202410251130/tools/bin/../lib/gcc/arm-none-eabi/12.3.1/../../../../arm-none-eabi/lib/thumb/v7-m/nofp\libc_nano.a(libc_a-exit.o) (__stdio_exit_handler)
D:/Mina/Program_Files/ST/STM32CubeIDE_1.17.0/STM32CubeIDE/plugins/com.st.stm32cube.ide.mcu.externaltools.gnu-tools-for-stm32.12.3.rel1.win32_1.1.0.202410251130/tools/bin/../lib/gcc/arm-none-eabi/12.3.1/../../../../arm-none-eabi/lib/thumb/v7-m/nofp\libc_nano.a(libc_a-fwalk.o)
                              D:/Mina/Program_Files/ST/STM32CubeIDE_1.17.0/STM32CubeIDE/plugins/com.st.stm32cube.ide.mcu.externaltools.gnu-tools-for-stm32.12.3.rel1.win32_1.1.0.202410251130/tools/bin/../lib/gcc/arm-none-eabi/12.3.1/../../../../arm-none-eabi/lib/thumb/v7-m/nofp\libc_nano.a(libc_a-findfp.o) (_fwalk_sglue)
D:/Mina/Program_Files/ST/STM32CubeIDE_1.17.0/STM32CubeIDE/plugins/com.st.stm32cube.ide.mcu.externaltools.gnu-tools-for-stm32.12.3.rel1.win32_1.1.0.202410251130/tools/bin/../lib/gcc/arm-none-eabi/12.3.1/../../../../arm-none-eabi/lib/thumb/v7-m/nofp\libc_nano.a(libc_a-stdio.o)
                              D:/Mina/Program_Files/ST/STM32CubeIDE_1.17.0/STM32CubeIDE/plugins/com.st.stm32cube.ide.mcu.externaltools.gnu-tools-for-stm32.12.3.rel1.win32_1.1.0.202410251130/tools/bin/../lib/gcc/arm-none-eabi/12.3.1/../../../../arm-none-eabi/lib/thumb/v7-m/nofp\libc_nano.a(libc_a-findfp.o) (__sread)
D:/Mina/Program_Files/ST/STM32CubeIDE_1.17.0/STM32CubeIDE/plugins/com.st.stm32cube.ide.mcu.externaltools.gnu-tools-for-stm32.12.3.rel1.win32_1.1.0.202410251130/tools/bin/../lib/gcc/arm-none-eabi/12.3.1/../../../../arm-none-eabi/lib/thumb/v7-m/nofp\libc_nano.a(libc_a-memset.o)
                              D:/Mina/Program_Files/ST/STM32CubeIDE_1.17.0/STM32CubeIDE/plugins/com.st.stm32cube.ide.mcu.externaltools.gnu-tools-for-stm32.12.3.rel1.win32_1.1.0.202410251130/tools/bin/../lib/gcc/arm-none-eabi/12.3.1/../../../../arm-none-eabi/lib/thumb/v7-m/nofp/crt0.o (memset)
D:/Mina/Program_Files/ST/STM32CubeIDE_1.17.0/STM32CubeIDE/plugins/com.st.stm32cube.ide.mcu.externaltools.gnu-tools-for-stm32.12.3.rel1.win32_1.1.0.202410251130/tools/bin/../lib/gcc/arm-none-eabi/12.3.1/../../../../arm-none-eabi/lib/thumb/v7-m/nofp\libc_nano.a(libc_a-closer.o)
                              D:/Mina/Program_Files/ST/STM32CubeIDE_1.17.0/STM32CubeIDE/plugins/com.st.stm32cube.ide.mcu.externaltools.gnu-tools-for-stm32.12.3.rel1.win32_1.1.0.202410251130/tools/bin/../lib/gcc/arm-none-eabi/12.3.1/../../../../arm-none-eabi/lib/thumb/v7-m/nofp\libc_nano.a(libc_a-stdio.o) (_close_r)
D:/Mina/Program_Files/ST/STM32CubeIDE_1.17.0/STM32CubeIDE/plugins/com.st.stm32cube.ide.mcu.externaltools.gnu-tools-for-stm32.12.3.rel1.win32_1.1.0.202410251130/tools/bin/../lib/gcc/arm-none-eabi/12.3.1/../../../../arm-none-eabi/lib/thumb/v7-m/nofp\libc_nano.a(libc_a-reent.o)
                              D:/Mina/Program_Files/ST/STM32CubeIDE_1.17.0/STM32CubeIDE/plugins/com.st.stm32cube.ide.mcu.externaltools.gnu-tools-for-stm32.12.3.rel1.win32_1.1.0.202410251130/tools/bin/../lib/gcc/arm-none-eabi/12.3.1/../../../../arm-none-eabi/lib/thumb/v7-m/nofp\libc_nano.a(libc_a-closer.o) (errno)
D:/Mina/Program_Files/ST/STM32CubeIDE_1.17.0/STM32CubeIDE/plugins/com.st.stm32cube.ide.mcu.externaltools.gnu-tools-for-stm32.12.3.rel1.win32_1.1.0.202410251130/tools/bin/../lib/gcc/arm-none-eabi/12.3.1/../../../../arm-none-eabi/lib/thumb/v7-m/nofp\libc_nano.a(libc_a-impure.o)
                              D:/Mina/Program_Files/ST/STM32CubeIDE_1.17.0/STM32CubeIDE/plugins/com.st.stm32cube.ide.mcu.externaltools.gnu-tools-for-stm32.12.3.rel1.win32_1.1.0.202410251130/tools/bin/../lib/gcc/arm-none-eabi/12.3.1/../../../../arm-none-eabi/lib/thumb/v7-m/nofp\libc_nano.a(libc_a-reent.o) (_impure_ptr)
[...]
Memory Configuration

Name             Origin             Length             Attributes
RAM              0x20000000         0x00005000         xrw
FLASH            0x08000000         0x00010000         xr
*default*        0x00000000         0xffffffff

Linker script and memory map

LOAD D:/Mina/Program_Files/ST/STM32CubeIDE_1.17.0/STM32CubeIDE/plugins/com.st.stm32cube.ide.mcu.externaltools.gnu-tools-for-stm32.12.3.rel1.win32_1.1.0.202410251130/tools/bin/../lib/gcc/arm-none-eabi/12.3.1/thumb/v7-m/nofp/crti.o
LOAD D:/Mina/Program_Files/ST/STM32CubeIDE_1.17.0/STM32CubeIDE/plugins/com.st.stm32cube.ide.mcu.externaltools.gnu-tools-for-stm32.12.3.rel1.win32_1.1.0.202410251130/tools/bin/../lib/gcc/arm-none-eabi/12.3.1/thumb/v7-m/nofp/crtbegin.o
LOAD D:/Mina/Program_Files/ST/STM32CubeIDE_1.17.0/STM32CubeIDE/plugins/com.st.stm32cube.ide.mcu.externaltools.gnu-tools-for-stm32.12.3.rel1.win32_1.1.0.202410251130/tools/bin/../lib/gcc/arm-none-eabi/12.3.1/../../../../arm-none-eabi/lib/thumb/v7-m/nofp/crt0.o
LOAD ./BMS_Tests/BMS_tests.o
LOAD ./Core/Src/bq79616_V2.o
LOAD ./Core/Src/main.o
LOAD ./Core/Src/stm32f1xx_hal_msp.o
LOAD ./Core/Src/stm32f1xx_it.o
LOAD ./Core/Src/syscalls.o
LOAD ./Core/Src/sysmem.o
LOAD ./Core/Src/system_stm32f1xx.o
LOAD ./Core/Startup/startup_stm32f103c8tx.o
LOAD ./Drivers/STM32F1xx_HAL_Driver/Src/stm32f1xx_hal.o
LOAD ./Drivers/STM32F1xx_HAL_Driver/Src/stm32f1xx_hal_cortex.o
LOAD ./Drivers/STM32F1xx_HAL_Driver/Src/stm32f1xx_hal_dma.o
LOAD ./Drivers/STM32F1xx_HAL_Driver/Src/stm32f1xx_hal_exti.o
LOAD ./Drivers/STM32F1xx_HAL_Driver/Src/stm32f1xx_hal_flash.o
LOAD ./Drivers/STM32F1xx_HAL_Driver/Src/stm32f1xx_hal_flash_ex.o
LOAD ./Drivers/STM32F1xx_HAL_Driver/Src/stm32f1xx_hal_gpio.o
LOAD ./Drivers/STM32F1xx_HAL_Driver/Src/stm32f1xx_hal_gpio_ex.o
LOAD ./Drivers/STM32F1xx_HAL_Driver/Src/stm32f1xx_hal_pwr.o
LOAD ./Drivers/STM32F1xx_HAL_Driver/Src/stm32f1xx_hal_rcc.o
LOAD ./Drivers/STM32F1xx_HAL_Driver/Src/stm32f1xx_hal_rcc_ex.o
LOAD ./Drivers/STM32F1xx_HAL_Driver/Src/stm32f1xx_hal_tim.o
LOAD ./Drivers/STM32F1xx_HAL_Driver/Src/stm32f1xx_hal_tim_ex.o
LOAD ./Drivers/STM32F1xx_HAL_Driver/Src/stm32f1xx_hal_uart.o
LOAD ./FreeRTOS/FreeRTOS/Source/croutine.o
LOAD ./FreeRTOS/FreeRTOS/Source/event_groups.o
LOAD ./FreeRTOS/FreeRTOS/Source/list.o
LOAD ./FreeRTOS/FreeRTOS/Source/queue.o
LOAD ./FreeRTOS/FreeRTOS/Source/stream_buffer.o
LOAD ./FreeRTOS/FreeRTOS/Source/tasks.o
LOAD ./FreeRTOS/FreeRTOS/Source/timers.o
LOAD ./FreeRTOS/FreeRTOS/Source/portable/GCC/ARM_CM3/port.o
LOAD ./FreeRTOS/FreeRTOS/Source/portable/MemMang/heap_1.o
START GROUP
LOAD D:/Mina/Program_Files/ST/STM32CubeIDE_1.17.0/STM32CubeIDE/plugins/com.st.stm32cube.ide.mcu.externaltools.gnu-tools-for-stm32.12.3.rel1.win32_1.1.0.202410251130/tools/bin/../lib/gcc/arm-none-eabi/12.3.1/../../../../arm-none-eabi/lib/thumb/v7-m/nofp\libc_nano.a
LOAD D:/Mina/Program_Files/ST/STM32CubeIDE_1.17.0/STM32CubeIDE/plugins/com.st.stm32cube.ide.mcu.externaltools.gnu-tools-for-stm32.12.3.rel1.win32_1.1.0.202410251130/tools/bin/../lib/gcc/arm-none-eabi/12.3.1/../../../../arm-none-eabi/lib/thumb/v7-m/nofp\libm.a
END GROUP
START GROUP
LOAD D:/Mina/Program_Files/ST/STM32CubeIDE_1.17.0/STM32CubeIDE/plugins/com.st.stm32cube.ide.mcu.externaltools.gnu-tools-for-stm32.12.3.rel1.win32_1.1.0.202410251130/tools/bin/../lib/gcc/arm-none-eabi/12.3.1/thumb/v7-m/nofp\libgcc.a
LOAD D:/Mina/Program_Files/ST/STM32CubeIDE_1.17.0/STM32CubeIDE/plugins/com.st.stm32cube.ide.mcu.externaltools.gnu-tools-for-stm32.12.3.rel1.win32_1.1.0.202410251130/tools/bin/../lib/gcc/arm-none-eabi/12.3.1/../../../../arm-none-eabi/lib/thumb/v7-m/nofp\libc_nano.a
END GROUP
START GROUP
LOAD D:/Mina/Program_Files/ST/STM32CubeIDE_1.17.0/STM32CubeIDE/plugins/com.st.stm32cube.ide.mcu.externaltools.gnu-tools-for-stm32.12.3.rel1.win32_1.1.0.202410251130/tools/bin/../lib/gcc/arm-none-eabi/12.3.1/thumb/v7-m/nofp\libgcc.a
LOAD D:/Mina/Program_Files/ST/STM32CubeIDE_1.17.0/STM32CubeIDE/plugins/com.st.stm32cube.ide.mcu.externaltools.gnu-tools-for-stm32.12.3.rel1.win32_1.1.0.202410251130/tools/bin/../lib/gcc/arm-none-eabi/12.3.1/../../../../arm-none-eabi/lib/thumb/v7-m/nofp\libc_nano.a
LOAD D:/Mina/Program_Files/ST/STM32CubeIDE_1.17.0/STM32CubeIDE/plugins/com.st.stm32cube.ide.mcu.externaltools.gnu-tools-for-stm32.12.3.rel1.win32_1.1.0.202410251130/tools/bin/../lib/gcc/arm-none-eabi/12.3.1/../../../../arm-none-eabi/lib/thumb/v7-m/nofp\libnosys.a
END GROUP
START GROUP
LOAD D:/Mina/Program_Files/ST/STM32CubeIDE_1.17.0/STM32CubeIDE/plugins/com.st.stm32cube.ide.mcu.externaltools.gnu-tools-for-stm32.12.3.rel1.win32_1.1.0.202410251130/tools/bin/../lib/gcc/arm-none-eabi/12.3.1/thumb/v7-m/nofp\libgcc.a
LOAD D:/Mina/Program_Files/ST/STM32CubeIDE_1.17.0/STM32CubeIDE/plugins/com.st.stm32cube.ide.mcu.externaltools.gnu-tools-for-stm32.12.3.rel1.win32_1.1.0.202410251130/tools/bin/../lib/gcc/arm-none-eabi/12.3.1/../../../../arm-none-eabi/lib/thumb/v7-m/nofp\libc_nano.a
LOAD D:/Mina/Program_Files/ST/STM32CubeIDE_1.17.0/STM32CubeIDE/plugins/com.st.stm32cube.ide.mcu.externaltools.gnu-tools-for-stm32.12.3.rel1.win32_1.1.0.202410251130/tools/bin/../lib/gcc/arm-none-eabi/12.3.1/../../../../arm-none-eabi/lib/thumb/v7-m/nofp\libnosys.a
END GROUP
LOAD D:/Mina/Program_Files/ST/STM32CubeIDE_1.17.0/STM32CubeIDE/plugins/com.st.stm32cube.ide.mcu.externaltools.gnu-tools-for-stm32.12.3.rel1.win32_1.1.0.202410251130/tools/bin/../lib/gcc/arm-none-eabi/12.3.1/thumb/v7-m/nofp/crtend.o
LOAD D:/Mina/Program_Files/ST/STM32CubeIDE_1.17.0/STM32CubeIDE/plugins/com.st.stm32cube.ide.mcu.externaltools.gnu-tools-for-stm32.12.3.rel1.win32_1.1.0.202410251130/tools/bin/../lib/gcc/arm-none-eabi/12.3.1/thumb/v7-m/nofp/crtn.o
                0x20005000                        _estack = (ORIGIN (RAM) + LENGTH (RAM))
                0x00000200                        _Min_Heap_Size = 0x200
                0x00000400                        _Min_Stack_Size = 0x400

.isr_vector     0x08000000      0x10c
                0x08000000                        . = ALIGN (0x4)
 *(.isr_vector)
 .isr_vector    0x08000000      0x10c ./Core/Startup/startup_stm32f103c8tx.o
                0x08000000                g_pfnVectors
                0x0800010c                        . = ALIGN (0x4)

.text           0x08000110     0x5df4
                0x08000110                        . = ALIGN (0x4)
 *(.text)
 .text          0x08000110       0x40 D:/Mina/Program_Files/ST/STM32CubeIDE_1.17.0/STM32CubeIDE/plugins/com.st.stm32cube.ide.mcu.externaltools.gnu-tools-for-stm32.12.3.rel1.win32_1.1.0.202410251130/tools/bin/../lib/gcc/arm-none-eabi/12.3.1/thumb/v7-m/nofp/crtbegin.o
 .text          0x08000150      0x378 D:/Mina/Program_Files/ST/STM32CubeIDE_1.17.0/STM32CubeIDE/plugins/com.st.stm32cube.ide.mcu.externaltools.gnu-tools-for-stm32.12.3.rel1.win32_1.1.0.202410251130/tools/bin/../lib/gcc/arm-none-eabi/12.3.1/thumb/v7-m/nofp\libgcc.a(_arm_addsubdf3.o)
                0x08000150                __aeabi_drsub
                0x08000158                __aeabi_dsub
                0x08000158                __subdf3
                0x0800015c                __aeabi_dadd
                0x0800015c                __adddf3
                0x080003d4                __floatunsidf
                0x080003d4                __aeabi_ui2d
                0x080003f4                __floatsidf
                0x080003f4                __aeabi_i2d
                0x08000418                __aeabi_f2d
                0x08000418                __extendsfdf2
                0x0800045c                __floatundidf
                0x0800045c                __aeabi_ul2d
                0x0800046c                __floatdidf
                0x0800046c                __aeabi_l2d
 .text          0x080004c8      0x424 D:/Mina/Program_Files/ST/STM32CubeIDE_1.17.0/STM32CubeIDE/plugins/com.st.stm32cube.ide.mcu.externaltools.gnu-tools-for-stm32.12.3.rel1.win32_1.1.0.202410251130/tools/bin/../lib/gcc/arm-none-eabi/12.3.1/thumb/v7-m/nofp\libgcc.a(_arm_muldivdf3.o)
                0x080004c8                __aeabi_dmul
                0x080004c8                __muldf3
                0x0800071c                __divdf3
                0x0800071c                __aeabi_ddiv
 .text          0x080008ec       0xa0 D:/Mina/Program_Files/ST/STM32CubeIDE_1.17.0/STM32CubeIDE/plugins/com.st.stm32cube.ide.mcu.externaltools.gnu-tools-for-stm32.12.3.rel1.win32_1.1.0.202410251130/tools/bin/../lib/gcc/arm-none-eabi/12.3.1/thumb/v7-m/nofp\libgcc.a(_arm_truncdfsf2.o)
                0x080008ec                __truncdfsf2
                0x080008ec                __aeabi_d2f
 *(.text*)
 *fill*         0x0800098c        0x4 
 .text.test2    0x08000990       0x7c ./BMS_Tests/BMS_tests.o
                0x08000990                test2
 .text.Wake79600
                0x08000a0c       0x8c ./Core/Src/bq79616_V2.o
                0x08000a0c                Wake79600
 .text.Bridge_AutoAddress
                0x08000a98      0x26c ./Core/Src/bq79616_V2.o
                0x08000a98                Bridge_AutoAddress
 .text.writeReg
                0x08000d04      0x414 ./Core/Src/bq79616_V2.o
                0x08000d04                writeReg
 .text.writeFrame
                0x08001118      0x110 ./Core/Src/bq79616_V2.o
                0x08001118                writeFrame
 .text.HAL_UART_RxCpltCallback
                0x08001228       0x40 ./Core/Src/bq79616_V2.o
                0x08001228                HAL_UART_RxCpltCallback
 .text.HAL_TIM_PeriodElapsedCallback
                0x08001268       0x2c ./Core/Src/bq79616_V2.o
                0x08001268                HAL_TIM_PeriodElapsedCallback
 .text.readReg  0x08001294      0x114 ./Core/Src/bq79616_V2.o
                0x08001294                readReg
 .text.readFrameReq
                0x080013a8       0x54 ./Core/Src/bq79616_V2.o
                0x080013a8                readFrameReq
 .text.CRC16    0x080013fc       0x58 ./Core/Src/bq79616_V2.o
                0x080013fc                CRC16
 .text.readBoardVoltages
                0x08001454       0xa8 ./Core/Src/bq79616_V2.o
                0x08001454                readBoardVoltages
 .text.enableTSREF
                0x080014fc       0x46 ./Core/Src/main.o
                0x080014fc                enableTSREF
 .text.configureGPIO8_ADC
                0x08001542       0x3c ./Core/Src/main.o
                0x08001542                configureGPIO8_ADC
 *fill*         0x0800157e        0x2 
 .text.readGPIO8Voltage
                0x08001580       0xac ./Core/Src/main.o
                0x08001580                readGPIO8Voltage
 .text.main     0x0800162c      0x13c ./Core/Src/main.o
                0x0800162c                main
 .text.SystemClock_Config
                0x08001768       0x8a ./Core/Src/main.o
                0x08001768                SystemClock_Config
 *fill*         0x080017f2        0x2 
 .text.MX_TIM2_Init
                0x080017f4       0x98 ./Core/Src/main.o
 .text.MX_USART1_UART_Init
                0x0800188c       0x54 ./Core/Src/main.o
 .text.MX_USART2_UART_Init
                0x080018e0       0x54 ./Core/Src/main.o
 .text.MX_GPIO_Init
                0x08001934       0x98 ./Core/Src/main.o
 .text.StartDefaultTask
                0x080019cc       0x38 ./Core/Src/main.o
                0x080019cc                StartDefaultTask
 .text.Error_Handler
                0x08001a04        0xc ./Core/Src/main.o
                0x08001a04                Error_Handler
 .text.HAL_MspInit
                0x08001a10       0x64 ./Core/Src/stm32f1xx_hal_msp.o
                0x08001a10                HAL_MspInit
 .text.HAL_TIM_Base_MspInit
                0x08001a74       0x48 ./Core/Src/stm32f1xx_hal_msp.o
                0x08001a74                HAL_TIM_Base_MspInit
 .text.HAL_UART_MspInit
                0x08001abc      0x118 ./Core/Src/stm32f1xx_hal_msp.o
                0x08001abc                HAL_UART_MspInit
 .text.HAL_UART_MspDeInit
                0x08001bd4       0x68 ./Core/Src/stm32f1xx_hal_msp.o
                0x08001bd4                HAL_UART_MspDeInit
 .text.NMI_Handler
                0x08001c3c        0x8 ./Core/Src/stm32f1xx_it.o
                0x08001c3c                NMI_Handler
 .text.HardFault_Handler
                0x08001c44        0x8 ./Core/Src/stm32f1xx_it.o
                0x08001c44                HardFault_Handler
 .text.MemManage_Handler
                0x08001c4c        0x8 ./Core/Src/stm32f1xx_it.o
                0x08001c4c                MemManage_Handler
 .text.BusFault_Handler
                0x08001c54        0x8 ./Core/Src/stm32f1xx_it.o
                0x08001c54                BusFault_Handler
 .text.UsageFault_Handler
                0x08001c5c        0x8 ./Core/Src/stm32f1xx_it.o
                0x08001c5c                UsageFault_Handler
 .text.DebugMon_Handler
                0x08001c64        0xc ./Core/Src/stm32f1xx_it.o
                0x08001c64                DebugMon_Handler
 .text.TIM2_IRQHandler
                0x08001c70       0x14 ./Core/Src/stm32f1xx_it.o
                0x08001c70                TIM2_IRQHandler
 .text.USART1_IRQHandler
                0x08001c84       0x14 ./Core/Src/stm32f1xx_it.o
                0x08001c84                USART1_IRQHandler
 .text.SystemInit
                0x08001c98        0xc ./Core/Src/system_stm32f1xx.o
                0x08001c98                SystemInit
 .text.Reset_Handler
                0x08001ca4       0x48 ./Core/Startup/startup_stm32f103c8tx.o
                0x08001ca4                Reset_Handler
 .text.Default_Handler
                0x08001cec        0x2 ./Core/Startup/startup_stm32f103c8tx.o
                0x08001cec                RTC_Alarm_IRQHandler
                0x08001cec                EXTI2_IRQHandler
                0x08001cec                TIM1_CC_IRQHandler
                0x08001cec                PVD_IRQHandler
                0x08001cec                EXTI3_IRQHandler
                0x08001cec                EXTI0_IRQHandler
                0x08001cec                I2C2_EV_IRQHandler
                0x08001cec                ADC1_2_IRQHandler
                0x08001cec                SPI1_IRQHandler
                0x08001cec                TAMPER_IRQHandler
                0x08001cec                DMA1_Channel4_IRQHandler
                0x08001cec                USART3_IRQHandler
                0x08001cec                RTC_IRQHandler
                0x08001cec                DMA1_Channel7_IRQHandler
                0x08001cec                CAN1_RX1_IRQHandler
                0x08001cec                TIM4_IRQHandler
                0x08001cec                I2C1_EV_IRQHandler
                0x08001cec                DMA1_Channel6_IRQHandler
                0x08001cec                TIM3_IRQHandler
                0x08001cec                RCC_IRQHandler
                0x08001cec                TIM1_TRG_COM_IRQHandler
                0x08001cec                DMA1_Channel1_IRQHandler
                0x08001cec                Default_Handler
                0x08001cec                EXTI15_10_IRQHandler
                0x08001cec                EXTI9_5_IRQHandler
                0x08001cec                SPI2_IRQHandler
                0x08001cec                DMA1_Channel5_IRQHandler
                0x08001cec                EXTI4_IRQHandler
                0x08001cec                USB_LP_CAN1_RX0_IRQHandler
                0x08001cec                USB_HP_CAN1_TX_IRQHandler
                0x08001cec                DMA1_Channel3_IRQHandler
                0x08001cec                TIM1_UP_IRQHandler
                0x08001cec                WWDG_IRQHandler
                0x08001cec                TIM1_BRK_IRQHandler
                0x08001cec                EXTI1_IRQHandler
                0x08001cec                USART2_IRQHandler
                0x08001cec                I2C2_ER_IRQHandler
                0x08001cec                DMA1_Channel2_IRQHandler
                0x08001cec                CAN1_SCE_IRQHandler
                0x08001cec                FLASH_IRQHandler
                0x08001cec                I2C1_ER_IRQHandler
                0x08001cec                USBWakeUp_IRQHandler
 *fill*         0x08001cee        0x2 
 .text.HAL_Init
                0x08001cf0       0x2c ./Drivers/STM32F1xx_HAL_Driver/Src/stm32f1xx_hal.o
                0x08001cf0                HAL_Init
 .text.HAL_InitTick
                0x08001d1c       0x60 ./Drivers/STM32F1xx_HAL_Driver/Src/stm32f1xx_hal.o
                0x08001d1c                HAL_InitTick
 .text.HAL_GetTick
                0x08001d7c       0x14 ./Drivers/STM32F1xx_HAL_Driver/Src/stm32f1xx_hal.o
                0x08001d7c                HAL_GetTick
 .text.HAL_Delay
                0x08001d90       0x48 ./Drivers/STM32F1xx_HAL_Driver/Src/stm32f1xx_hal.o
                0x08001d90                HAL_Delay
 .text.__NVIC_SetPriorityGrouping
                0x08001dd8       0x48 ./Drivers/STM32F1xx_HAL_Driver/Src/stm32f1xx_hal_cortex.o
 .text.__NVIC_GetPriorityGrouping
                0x08001e20       0x1c ./Drivers/STM32F1xx_HAL_Driver/Src/stm32f1xx_hal_cortex.o
 .text.__NVIC_EnableIRQ
                0x08001e3c       0x38 ./Drivers/STM32F1xx_HAL_Driver/Src/stm32f1xx_hal_cortex.o
 .text.__NVIC_DisableIRQ
                0x08001e74       0x48 ./Drivers/STM32F1xx_HAL_Driver/Src/stm32f1xx_hal_cortex.o
 .text.__NVIC_SetPriority
                0x08001ebc       0x54 ./Drivers/STM32F1xx_HAL_Driver/Src/stm32f1xx_hal_cortex.o
 .text.NVIC_EncodePriority
                0x08001f10       0x64 ./Drivers/STM32F1xx_HAL_Driver/Src/stm32f1xx_hal_cortex.o
 .text.SysTick_Config
                0x08001f74       0x44 ./Drivers/STM32F1xx_HAL_Driver/Src/stm32f1xx_hal_cortex.o
 .text.HAL_NVIC_SetPriorityGrouping
                0x08001fb8       0x16 ./Drivers/STM32F1xx_HAL_Driver/Src/stm32f1xx_hal_cortex.o
                0x08001fb8                HAL_NVIC_SetPriorityGrouping
 .text.HAL_NVIC_SetPriority
                0x08001fce       0x38 ./Drivers/STM32F1xx_HAL_Driver/Src/stm32f1xx_hal_cortex.o
                0x08001fce                HAL_NVIC_SetPriority
 .text.HAL_NVIC_EnableIRQ
                0x08002006       0x1c ./Drivers/STM32F1xx_HAL_Driver/Src/stm32f1xx_hal_cortex.o
                0x08002006                HAL_NVIC_EnableIRQ
 .text.HAL_NVIC_DisableIRQ
                0x08002022       0x1c ./Drivers/STM32F1xx_HAL_Driver/Src/stm32f1xx_hal_cortex.o
                0x08002022                HAL_NVIC_DisableIRQ
 .text.HAL_SYSTICK_Config
                0x0800203e       0x18 ./Drivers/STM32F1xx_HAL_Driver/Src/stm32f1xx_hal_cortex.o
                0x0800203e                HAL_SYSTICK_Config
 .text.HAL_DMA_Abort
                0x08002056       0x76 ./Drivers/STM32F1xx_HAL_Driver/Src/stm32f1xx_hal_dma.o
                0x08002056                HAL_DMA_Abort
 .text.HAL_DMA_Abort_IT
                0x080020cc       0xf0 ./Drivers/STM32F1xx_HAL_Driver/Src/stm32f1xx_hal_dma.o
                0x080020cc                HAL_DMA_Abort_IT
 .text.HAL_GPIO_Init
                0x080021bc      0x308 ./Drivers/STM32F1xx_HAL_Driver/Src/stm32f1xx_hal_gpio.o
                0x080021bc                HAL_GPIO_Init
 .text.HAL_GPIO_DeInit
                0x080024c4      0x178 ./Drivers/STM32F1xx_HAL_Driver/Src/stm32f1xx_hal_gpio.o
                0x080024c4                HAL_GPIO_DeInit
 .text.HAL_GPIO_WritePin
                0x0800263c       0x30 ./Drivers/STM32F1xx_HAL_Driver/Src/stm32f1xx_hal_gpio.o
                0x0800263c                HAL_GPIO_WritePin
 .text.HAL_RCC_OscConfig
                0x0800266c      0x504 ./Drivers/STM32F1xx_HAL_Driver/Src/stm32f1xx_hal_rcc.o
                0x0800266c                HAL_RCC_OscConfig
 .text.HAL_RCC_ClockConfig
                0x08002b70      0x1d4 ./Drivers/STM32F1xx_HAL_Driver/Src/stm32f1xx_hal_rcc.o
                0x08002b70                HAL_RCC_ClockConfig
 .text.HAL_RCC_GetSysClockFreq
                0x08002d44       0xa8 ./Drivers/STM32F1xx_HAL_Driver/Src/stm32f1xx_hal_rcc.o
                0x08002d44                HAL_RCC_GetSysClockFreq
 .text.HAL_RCC_GetHCLKFreq
                0x08002dec       0x14 ./Drivers/STM32F1xx_HAL_Driver/Src/stm32f1xx_hal_rcc.o
                0x08002dec                HAL_RCC_GetHCLKFreq
 .text.HAL_RCC_GetPCLK1Freq
                0x08002e00       0x28 ./Drivers/STM32F1xx_HAL_Driver/Src/stm32f1xx_hal_rcc.o
                0x08002e00                HAL_RCC_GetPCLK1Freq
 .text.HAL_RCC_GetPCLK2Freq
                0x08002e28       0x28 ./Drivers/STM32F1xx_HAL_Driver/Src/stm32f1xx_hal_rcc.o
                0x08002e28                HAL_RCC_GetPCLK2Freq
 .text.RCC_Delay
                0x08002e50       0x3c ./Drivers/STM32F1xx_HAL_Driver/Src/stm32f1xx_hal_rcc.o
 .text.HAL_TIM_Base_Init
                0x08002e8c       0x9e ./Drivers/STM32F1xx_HAL_Driver/Src/stm32f1xx_hal_tim.o
                0x08002e8c                HAL_TIM_Base_Init
 *fill*         0x08002f2a        0x2 
 .text.HAL_TIM_Base_Start_IT
                0x08002f2c       0xa4 ./Drivers/STM32F1xx_HAL_Driver/Src/stm32f1xx_hal_tim.o
                0x08002f2c                HAL_TIM_Base_Start_IT
 .text.HAL_TIM_IRQHandler
                0x08002fd0      0x1e0 ./Drivers/STM32F1xx_HAL_Driver/Src/stm32f1xx_hal_tim.o
                0x08002fd0                HAL_TIM_IRQHandler
 .text.HAL_TIM_ConfigClockSource
                0x080031b0      0x18e ./Drivers/STM32F1xx_HAL_Driver/Src/stm32f1xx_hal_tim.o
                0x080031b0                HAL_TIM_ConfigClockSource
 .text.HAL_TIM_OC_DelayElapsedCallback
                0x0800333e       0x12 ./Drivers/STM32F1xx_HAL_Driver/Src/stm32f1xx_hal_tim.o
                0x0800333e                HAL_TIM_OC_DelayElapsedCallback
 .text.HAL_TIM_IC_CaptureCallback
                0x08003350       0x12 ./Drivers/STM32F1xx_HAL_Driver/Src/stm32f1xx_hal_tim.o
                0x08003350                HAL_TIM_IC_CaptureCallback
 .text.HAL_TIM_PWM_PulseFinishedCallback
                0x08003362       0x12 ./Drivers/STM32F1xx_HAL_Driver/Src/stm32f1xx_hal_tim.o
                0x08003362                HAL_TIM_PWM_PulseFinishedCallback
 .text.HAL_TIM_TriggerCallback
                0x08003374       0x12 ./Drivers/STM32F1xx_HAL_Driver/Src/stm32f1xx_hal_tim.o
                0x08003374                HAL_TIM_TriggerCallback
 *fill*         0x08003386        0x2 
 .text.TIM_Base_SetConfig
                0x08003388       0xdc ./Drivers/STM32F1xx_HAL_Driver/Src/stm32f1xx_hal_tim.o
                0x08003388                TIM_Base_SetConfig
 .text.TIM_TI1_ConfigInputStage
                0x08003464       0x5c ./Drivers/STM32F1xx_HAL_Driver/Src/stm32f1xx_hal_tim.o
 .text.TIM_TI2_ConfigInputStage
                0x080034c0       0x5e ./Drivers/STM32F1xx_HAL_Driver/Src/stm32f1xx_hal_tim.o
 .text.TIM_ITRx_SetConfig
                0x0800351e       0x34 ./Drivers/STM32F1xx_HAL_Driver/Src/stm32f1xx_hal_tim.o
 .text.TIM_ETR_SetConfig
                0x08003552       0x3e ./Drivers/STM32F1xx_HAL_Driver/Src/stm32f1xx_hal_tim.o
                0x08003552                TIM_ETR_SetConfig
 .text.HAL_TIMEx_MasterConfigSynchronization
                0x08003590       0xbc ./Drivers/STM32F1xx_HAL_Driver/Src/stm32f1xx_hal_tim_ex.o
                0x08003590                HAL_TIMEx_MasterConfigSynchronization
 .text.HAL_TIMEx_CommutCallback
                0x0800364c       0x12 ./Drivers/STM32F1xx_HAL_Driver/Src/stm32f1xx_hal_tim_ex.o
                0x0800364c                HAL_TIMEx_CommutCallback
 .text.HAL_TIMEx_BreakCallback
                0x0800365e       0x12 ./Drivers/STM32F1xx_HAL_Driver/Src/stm32f1xx_hal_tim_ex.o
                0x0800365e                HAL_TIMEx_BreakCallback
 .text.HAL_UART_Init
                0x08003670       0xa0 ./Drivers/STM32F1xx_HAL_Driver/Src/stm32f1xx_hal_uart.o
                0x08003670                HAL_UART_Init
 .text.HAL_UART_DeInit
                0x08003710       0x64 ./Drivers/STM32F1xx_HAL_Driver/Src/stm32f1xx_hal_uart.o
                0x08003710                HAL_UART_DeInit
 .text.HAL_UART_Transmit
                0x08003774      0x116 ./Drivers/STM32F1xx_HAL_Driver/Src/stm32f1xx_hal_uart.o
                0x08003774                HAL_UART_Transmit
 .text.HAL_UART_Receive_IT
                0x0800388a       0x4a ./Drivers/STM32F1xx_HAL_Driver/Src/stm32f1xx_hal_uart.o
                0x0800388a                HAL_UART_Receive_IT
 .text.HAL_UART_IRQHandler
                0x080038d4      0x524 ./Drivers/STM32F1xx_HAL_Driver/Src/stm32f1xx_hal_uart.o
                0x080038d4                HAL_UART_IRQHandler
 .text.HAL_UART_TxCpltCallback
                0x08003df8       0x12 ./Drivers/STM32F1xx_HAL_Driver/Src/stm32f1xx_hal_uart.o
                0x08003df8                HAL_UART_TxCpltCallback
 .text.HAL_UART_ErrorCallback
                0x08003e0a       0x12 ./Drivers/STM32F1xx_HAL_Driver/Src/stm32f1xx_hal_uart.o
                0x08003e0a                HAL_UART_ErrorCallback
 .text.HAL_UARTEx_RxEventCallback
                0x08003e1c       0x16 ./Drivers/STM32F1xx_HAL_Driver/Src/stm32f1xx_hal_uart.o
                0x08003e1c                HAL_UARTEx_RxEventCallback
 .text.UART_WaitOnFlagUntilTimeout
                0x08003e32       0xb2 ./Drivers/STM32F1xx_HAL_Driver/Src/stm32f1xx_hal_uart.o
 .text.UART_Start_Receive_IT
                0x08003ee4       0x72 ./Drivers/STM32F1xx_HAL_Driver/Src/stm32f1xx_hal_uart.o
                0x08003ee4                UART_Start_Receive_IT
 .text.UART_EndRxTransfer
                0x08003f56       0xc4 ./Drivers/STM32F1xx_HAL_Driver/Src/stm32f1xx_hal_uart.o
 .text.UART_DMAAbortOnError
                0x0800401a       0x28 ./Drivers/STM32F1xx_HAL_Driver/Src/stm32f1xx_hal_uart.o
 .text.UART_Transmit_IT
                0x08004042       0x9e ./Drivers/STM32F1xx_HAL_Driver/Src/stm32f1xx_hal_uart.o
 .text.UART_EndTransmit_IT
                0x080040e0       0x30 ./Drivers/STM32F1xx_HAL_Driver/Src/stm32f1xx_hal_uart.o
 .text.UART_Receive_IT
                0x08004110      0x17c ./Drivers/STM32F1xx_HAL_Driver/Src/stm32f1xx_hal_uart.o
 .text.UART_SetConfig
                0x0800428c      0x11c ./Drivers/STM32F1xx_HAL_Driver/Src/stm32f1xx_hal_uart.o
 .text.vListInitialise
                0x080043a8       0x3e ./FreeRTOS/FreeRTOS/Source/list.o
                0x080043a8                vListInitialise
 .text.vListInitialiseItem
                0x080043e6       0x18 ./FreeRTOS/FreeRTOS/Source/list.o
                0x080043e6                vListInitialiseItem
 .text.vListInsert
                0x080043fe       0x70 ./FreeRTOS/FreeRTOS/Source/list.o
                0x080043fe                vListInsert
 .text.uxListRemove
                0x0800446e       0x52 ./FreeRTOS/FreeRTOS/Source/list.o
                0x0800446e                uxListRemove
 .text.xQueueGenericReset
                0x080044c0       0xe8 ./FreeRTOS/FreeRTOS/Source/queue.o
                0x080044c0                xQueueGenericReset
 .text.xQueueGenericCreate
                0x080045a8       0x7e ./FreeRTOS/FreeRTOS/Source/queue.o
                0x080045a8                xQueueGenericCreate
 .text.prvInitialiseNewQueue
                0x08004626       0x46 ./FreeRTOS/FreeRTOS/Source/queue.o
 .text.xQueueReceive
                0x0800466c      0x144 ./FreeRTOS/FreeRTOS/Source/queue.o
                0x0800466c                xQueueReceive
 .text.prvCopyDataFromQueue
                0x080047b0       0x4c ./FreeRTOS/FreeRTOS/Source/queue.o
 .text.prvUnlockQueue
                0x080047fc       0xa4 ./FreeRTOS/FreeRTOS/Source/queue.o
 .text.prvIsQueueEmpty
                0x080048a0       0x2c ./FreeRTOS/FreeRTOS/Source/queue.o
 .text.vQueueWaitForMessageRestricted
                0x080048cc       0x68 ./FreeRTOS/FreeRTOS/Source/queue.o
                0x080048cc                vQueueWaitForMessageRestricted
 .text.xTaskCreate
                0x08004934       0x8c ./FreeRTOS/FreeRTOS/Source/tasks.o
                0x08004934                xTaskCreate
 .text.prvInitialiseNewTask
                0x080049c0       0xda ./FreeRTOS/FreeRTOS/Source/tasks.o
 *fill*         0x08004a9a        0x2 
 .text.prvAddNewTaskToReadyList
                0x08004a9c      0x12c ./FreeRTOS/FreeRTOS/Source/tasks.o
 .text.vTaskDelay
                0x08004bc8       0x48 ./FreeRTOS/FreeRTOS/Source/tasks.o
                0x08004bc8                vTaskDelay
 .text.vTaskStartScheduler
                0x08004c10       0x84 ./FreeRTOS/FreeRTOS/Source/tasks.o
                0x08004c10                vTaskStartScheduler
 .text.vTaskSuspendAll
                0x08004c94       0x1c ./FreeRTOS/FreeRTOS/Source/tasks.o
                0x08004c94                vTaskSuspendAll
 .text.xTaskResumeAll
                0x08004cb0      0x1d8 ./FreeRTOS/FreeRTOS/Source/tasks.o
                0x08004cb0                xTaskResumeAll
 .text.xTaskGetTickCount
                0x08004e88       0x1c ./FreeRTOS/FreeRTOS/Source/tasks.o
                0x08004e88                xTaskGetTickCount
 .text.xTaskIncrementTick
                0x08004ea4      0x20c ./FreeRTOS/FreeRTOS/Source/tasks.o
                0x08004ea4                xTaskIncrementTick
 .text.vTaskSwitchContext
                0x080050b0       0x8c ./FreeRTOS/FreeRTOS/Source/tasks.o
                0x080050b0                vTaskSwitchContext
 .text.vTaskPlaceOnEventList
                0x0800513c       0x2c ./FreeRTOS/FreeRTOS/Source/tasks.o
                0x0800513c                vTaskPlaceOnEventList
 .text.vTaskPlaceOnEventListRestricted
                0x08005168       0x70 ./FreeRTOS/FreeRTOS/Source/tasks.o
                0x08005168                vTaskPlaceOnEventListRestricted
 .text.xTaskRemoveFromEventList
                0x080051d8      0x190 ./FreeRTOS/FreeRTOS/Source/tasks.o
                0x080051d8                xTaskRemoveFromEventList
 .text.vTaskInternalSetTimeOutState
                0x08005368       0x2c ./FreeRTOS/FreeRTOS/Source/tasks.o
                0x08005368                vTaskInternalSetTimeOutState
 .text.xTaskCheckForTimeOut
                0x08005394       0x94 ./FreeRTOS/FreeRTOS/Source/tasks.o
                0x08005394                xTaskCheckForTimeOut
 .text.vTaskMissedYield
                0x08005428       0x18 ./FreeRTOS/FreeRTOS/Source/tasks.o
                0x08005428                vTaskMissedYield
 .text.prvIdleTask
                0x08005440       0x30 ./FreeRTOS/FreeRTOS/Source/tasks.o
 .text.prvInitialiseTaskLists
                0x08005470       0x80 ./FreeRTOS/FreeRTOS/Source/tasks.o
 .text.prvCheckTasksWaitingTermination
                0x080054f0       0x5c ./FreeRTOS/FreeRTOS/Source/tasks.o
 .text.prvDeleteTCB
                0x0800554c       0x20 ./FreeRTOS/FreeRTOS/Source/tasks.o
 .text.prvResetNextTaskUnblockTime
                0x0800556c       0x34 ./FreeRTOS/FreeRTOS/Source/tasks.o
 .text.prvAddCurrentTaskToDelayedList
                0x080055a0      0x100 ./FreeRTOS/FreeRTOS/Source/tasks.o
 .text.xTimerCreateTimerTask
                0x080056a0       0x48 ./FreeRTOS/FreeRTOS/Source/timers.o
                0x080056a0                xTimerCreateTimerTask
 .text.prvReloadTimer
                0x080056e8       0x42 ./FreeRTOS/FreeRTOS/Source/timers.o
 *fill*         0x0800572a        0x2 
 .text.prvProcessExpiredTimer
                0x0800572c       0x60 ./FreeRTOS/FreeRTOS/Source/timers.o
 .text.prvTimerTask
                0x0800578c       0x26 ./FreeRTOS/FreeRTOS/Source/timers.o
 *fill*         0x080057b2        0x2 
 .text.prvProcessTimerOrBlockTask
                0x080057b4       0x9c ./FreeRTOS/FreeRTOS/Source/timers.o
 .text.prvGetNextExpireTime
                0x08005850       0x44 ./FreeRTOS/FreeRTOS/Source/timers.o
 .text.prvSampleTimeNow
                0x08005894       0x40 ./FreeRTOS/FreeRTOS/Source/timers.o
 .text.prvInsertTimerInActiveList
                0x080058d4       0x84 ./FreeRTOS/FreeRTOS/Source/timers.o
 .text.prvProcessReceivedCommands
                0x08005958      0x17c ./FreeRTOS/FreeRTOS/Source/timers.o
 .text.prvSwitchTimerLists
                0x08005ad4       0x4c ./FreeRTOS/FreeRTOS/Source/timers.o
 .text.prvCheckForValidListAndQueue
                0x08005b20       0x54 ./FreeRTOS/FreeRTOS/Source/timers.o
 .text.pxPortInitialiseStack
                0x08005b74       0x58 ./FreeRTOS/FreeRTOS/Source/portable/GCC/ARM_CM3/port.o
                0x08005b74                pxPortInitialiseStack
 .text.prvTaskExitError
                0x08005bcc       0x32 ./FreeRTOS/FreeRTOS/Source/portable/GCC/ARM_CM3/port.o
 *fill*         0x08005bfe        0x2 
 .text.SVC_Handler
                0x08005c00       0x28 ./FreeRTOS/FreeRTOS/Source/portable/GCC/ARM_CM3/port.o
                0x08005c00                SVC_Handler
 .text.prvPortStartFirstTask
                0x08005c28       0x24 ./FreeRTOS/FreeRTOS/Source/portable/GCC/ARM_CM3/port.o
 .text.xPortStartScheduler
                0x08005c4c       0x40 ./FreeRTOS/FreeRTOS/Source/portable/GCC/ARM_CM3/port.o
                0x08005c4c                xPortStartScheduler
 .text.vPortEnterCritical
                0x08005c8c       0x34 ./FreeRTOS/FreeRTOS/Source/portable/GCC/ARM_CM3/port.o
                0x08005c8c                vPortEnterCritical
 .text.vPortExitCritical
                0x08005cc0       0x34 ./FreeRTOS/FreeRTOS/Source/portable/GCC/ARM_CM3/port.o
                0x08005cc0                vPortExitCritical
 *fill*         0x08005cf4        0xc 
 .text.PendSV_Handler
                0x08005d00       0x48 ./FreeRTOS/FreeRTOS/Source/portable/GCC/ARM_CM3/port.o
                0x08005d00                PendSV_Handler
 .text.SysTick_Handler
                0x08005d48       0x44 ./FreeRTOS/FreeRTOS/Source/portable/GCC/ARM_CM3/port.o
                0x08005d48                SysTick_Handler
 .text.vPortSetupTimerInterrupt
                0x08005d8c       0x34 ./FreeRTOS/FreeRTOS/Source/portable/GCC/ARM_CM3/port.o
                0x08005d8c                vPortSetupTimerInterrupt
 .text.pvPortMalloc
                0x08005dc0       0xa4 ./FreeRTOS/FreeRTOS/Source/portable/MemMang/heap_1.o
                0x08005dc0                pvPortMalloc
 .text.vPortFree
                0x08005e64       0x12 ./FreeRTOS/FreeRTOS/Source/portable/MemMang/heap_1.o
                0x08005e64                vPortFree
 .text.memset   0x08005e76       0x10 D:/Mina/Program_Files/ST/STM32CubeIDE_1.17.0/STM32CubeIDE/plugins/com.st.stm32cube.ide.mcu.externaltools.gnu-tools-for-stm32.12.3.rel1.win32_1.1.0.202410251130/tools/bin/../lib/gcc/arm-none-eabi/12.3.1/../../../../arm-none-eabi/lib/thumb/v7-m/nofp\libc_nano.a(libc_a-memset.o)
                0x08005e76                memset
 *fill*         0x08005e86        0x2 
 .text.__libc_init_array
                0x08005e88       0x48 D:/Mina/Program_Files/ST/STM32CubeIDE_1.17.0/STM32CubeIDE/plugins/com.st.stm32cube.ide.mcu.externaltools.gnu-tools-for-stm32.12.3.rel1.win32_1.1.0.202410251130/tools/bin/../lib/gcc/arm-none-eabi/12.3.1/../../../../arm-none-eabi/lib/thumb/v7-m/nofp\libc_nano.a(libc_a-init.o)
                0x08005e88                __libc_init_array
 .text.memcpy   0x08005ed0       0x1c D:/Mina/Program_Files/ST/STM32CubeIDE_1.17.0/STM32CubeIDE/plugins/com.st.stm32cube.ide.mcu.externaltools.gnu-tools-for-stm32.12.3.rel1.win32_1.1.0.202410251130/tools/bin/../lib/gcc/arm-none-eabi/12.3.1/../../../../arm-none-eabi/lib/thumb/v7-m/nofp\libc_nano.a(libc_a-memcpy-stub.o)
                0x08005ed0                memcpy
 *(.glue_7)
 .glue_7        0x08005eec        0x0 linker stubs
 *(.glue_7t)
 .glue_7t       0x08005eec        0x0 linker stubs
 *(.eh_frame)
 .eh_frame      0x08005eec        0x0 D:/Mina/Program_Files/ST/STM32CubeIDE_1.17.0/STM32CubeIDE/plugins/com.st.stm32cube.ide.mcu.externaltools.gnu-tools-for-stm32.12.3.rel1.win32_1.1.0.202410251130/tools/bin/../lib/gcc/arm-none-eabi/12.3.1/thumb/v7-m/nofp/crtbegin.o
 *(.init)
 .init          0x08005eec        0x4 D:/Mina/Program_Files/ST/STM32CubeIDE_1.17.0/STM32CubeIDE/plugins/com.st.stm32cube.ide.mcu.externaltools.gnu-tools-for-stm32.12.3.rel1.win32_1.1.0.202410251130/tools/bin/../lib/gcc/arm-none-eabi/12.3.1/thumb/v7-m/nofp/crti.o
                0x08005eec                _init
 .init          0x08005ef0        0x8 D:/Mina/Program_Files/ST/STM32CubeIDE_1.17.0/STM32CubeIDE/plugins/com.st.stm32cube.ide.mcu.externaltools.gnu-tools-for-stm32.12.3.rel1.win32_1.1.0.202410251130/tools/bin/../lib/gcc/arm-none-eabi/12.3.1/thumb/v7-m/nofp/crtn.o
 *(.fini)
 .fini          0x08005ef8        0x4 D:/Mina/Program_Files/ST/STM32CubeIDE_1.17.0/STM32CubeIDE/plugins/com.st.stm32cube.ide.mcu.externaltools.gnu-tools-for-stm32.12.3.rel1.win32_1.1.0.202410251130/tools/bin/../lib/gcc/arm-none-eabi/12.3.1/thumb/v7-m/nofp/crti.o
                0x08005ef8                _fini
 .fini          0x08005efc        0x8 D:/Mina/Program_Files/ST/STM32CubeIDE_1.17.0/STM32CubeIDE/plugins/com.st.stm32cube.ide.mcu.externaltools.gnu-tools-for-stm32.12.3.rel1.win32_1.1.0.202410251130/tools/bin/../lib/gcc/arm-none-eabi/12.3.1/thumb/v7-m/nofp/crtn.o
                0x08005f04                        . = ALIGN (0x4)
                0x08005f04                        _etext = .

.vfp11_veneer   0x08005f04        0x0
 .vfp11_veneer  0x08005f04        0x0 linker stubs

.v4_bx          0x08005f04        0x0
 .v4_bx         0x08005f04        0x0 linker stubs

.iplt           0x08005f04        0x0
 .iplt          0x08005f04        0x0 D:/Mina/Program_Files/ST/STM32CubeIDE_1.17.0/STM32CubeIDE/plugins/com.st.stm32cube.ide.mcu.externaltools.gnu-tools-for-stm32.12.3.rel1.win32_1.1.0.202410251130/tools/bin/../lib/gcc/arm-none-eabi/12.3.1/thumb/v7-m/nofp/crtbegin.o

.rodata         0x08005f04      0x248
                0x08005f04                        . = ALIGN (0x4)
 *(.rodata)
 .rodata        0x08005f04        0xc ./Core/Src/main.o
 .rodata        0x08005f10        0x5 ./FreeRTOS/FreeRTOS/Source/tasks.o
 *fill*         0x08005f15        0x3 
 .rodata        0x08005f18        0x8 ./FreeRTOS/FreeRTOS/Source/timers.o
 *(.rodata*)
 .rodata.crc16_table
                0x08005f20      0x200 ./Core/Src/bq79616_V2.o
                0x08005f20                crc16_table
 .rodata.AHBPrescTable
                0x08006120       0x10 ./Core/Src/system_stm32f1xx.o
                0x08006120                AHBPrescTable
 .rodata.APBPrescTable
                0x08006130        0x8 ./Core/Src/system_stm32f1xx.o
                0x08006130                APBPrescTable
 .rodata.aPLLMULFactorTable.1
                0x08006138       0x10 ./Drivers/STM32F1xx_HAL_Driver/Src/stm32f1xx_hal_rcc.o
 .rodata.aPredivFactorTable.0
                0x08006148        0x2 ./Drivers/STM32F1xx_HAL_Driver/Src/stm32f1xx_hal_rcc.o
                0x0800614c                        . = ALIGN (0x4)
 *fill*         0x0800614a        0x2 

.ARM.extab      0x0800614c        0x0
                0x0800614c                        . = ALIGN (0x4)
 *(.ARM.extab* .gnu.linkonce.armextab.*)
                0x0800614c                        . = ALIGN (0x4)

.ARM            0x0800614c        0x0
                0x0800614c                        . = ALIGN (0x4)
                0x0800614c                        __exidx_start = .
 *(.ARM.exidx*)
                0x0800614c                        __exidx_end = .
                0x0800614c                        . = ALIGN (0x4)

.preinit_array  0x0800614c        0x0
                0x0800614c                        . = ALIGN (0x4)
                0x0800614c                        PROVIDE (__preinit_array_start = .)
 *(.preinit_array*)
                0x0800614c                        PROVIDE (__preinit_array_end = .)
                0x0800614c                        . = ALIGN (0x4)

.init_array     0x0800614c        0x4
                0x0800614c                        . = ALIGN (0x4)
                0x0800614c                        PROVIDE (__init_array_start = .)
 *(SORT_BY_NAME(.init_array.*))
 *(.init_array*)
 .init_array    0x0800614c        0x4 D:/Mina/Program_Files/ST/STM32CubeIDE_1.17.0/STM32CubeIDE/plugins/com.st.stm32cube.ide.mcu.externaltools.gnu-tools-for-stm32.12.3.rel1.win32_1.1.0.202410251130/tools/bin/../lib/gcc/arm-none-eabi/12.3.1/thumb/v7-m/nofp/crtbegin.o
                0x08006150                        PROVIDE (__init_array_end = .)
                0x08006150                        . = ALIGN (0x4)

.fini_array     0x08006150        0x4
                0x08006150                        . = ALIGN (0x4)
                [!provide]                        PROVIDE (__fini_array_start = .)
 *(SORT_BY_NAME(.fini_array.*))
 *(.fini_array*)
 .fini_array    0x08006150        0x4 D:/Mina/Program_Files/ST/STM32CubeIDE_1.17.0/STM32CubeIDE/plugins/com.st.stm32cube.ide.mcu.externaltools.gnu-tools-for-stm32.12.3.rel1.win32_1.1.0.202410251130/tools/bin/../lib/gcc/arm-none-eabi/12.3.1/thumb/v7-m/nofp/crtbegin.o
                [!provide]                        PROVIDE (__fini_array_end = .)
                0x08006154                        . = ALIGN (0x4)
                0x08006154                        _sidata = LOADADDR (.data)

.rel.dyn        0x08006154        0x0
 .rel.iplt      0x08006154        0x0 D:/Mina/Program_Files/ST/STM32CubeIDE_1.17.0/STM32CubeIDE/plugins/com.st.stm32cube.ide.mcu.externaltools.gnu-tools-for-stm32.12.3.rel1.win32_1.1.0.202410251130/tools/bin/../lib/gcc/arm-none-eabi/12.3.1/thumb/v7-m/nofp/crtbegin.o

.data           0x20000000       0x18 load address 0x08006154
                0x20000000                        . = ALIGN (0x4)
                0x20000000                        _sdata = .
 *(.data)
 *(.data*)
 .data.gpio8_voltage
                0x20000000        0x4 ./Core/Src/main.o
                0x20000000                gpio8_voltage
 .data.SystemCoreClock
                0x20000004        0x4 ./Core/Src/system_stm32f1xx.o
                0x20000004                SystemCoreClock
 .data.uwTickPrio
                0x20000008        0x4 ./Drivers/STM32F1xx_HAL_Driver/Src/stm32f1xx_hal.o
                0x20000008                uwTickPrio
 .data.uwTickFreq
                0x2000000c        0x1 ./Drivers/STM32F1xx_HAL_Driver/Src/stm32f1xx_hal.o
                0x2000000c                uwTickFreq
 *fill*         0x2000000d        0x3 
 .data.uxTopUsedPriority
                0x20000010        0x4 ./FreeRTOS/FreeRTOS/Source/tasks.o
                0x20000010                uxTopUsedPriority
 .data.uxCriticalNesting
                0x20000014        0x4 ./FreeRTOS/FreeRTOS/Source/portable/GCC/ARM_CM3/port.o
 *(.RamFunc)
 *(.RamFunc*)
                0x20000018                        . = ALIGN (0x4)
                0x20000018                        _edata = .

.igot.plt       0x20000018        0x0 load address 0x0800616c
 .igot.plt      0x20000018        0x0 D:/Mina/Program_Files/ST/STM32CubeIDE_1.17.0/STM32CubeIDE/plugins/com.st.stm32cube.ide.mcu.externaltools.gnu-tools-for-stm32.12.3.rel1.win32_1.1.0.202410251130/tools/bin/../lib/gcc/arm-none-eabi/12.3.1/thumb/v7-m/nofp/crtbegin.o
                0x20000018                        . = ALIGN (0x4)

.bss            0x20000018     0x48f8 load address 0x0800616c
                0x20000018                        _sbss = .
                0x20000018                        __bss_start__ = _sbss
 *(.bss)
 .bss           0x20000018       0x1c D:/Mina/Program_Files/ST/STM32CubeIDE_1.17.0/STM32CubeIDE/plugins/com.st.stm32cube.ide.mcu.externaltools.gnu-tools-for-stm32.12.3.rel1.win32_1.1.0.202410251130/tools/bin/../lib/gcc/arm-none-eabi/12.3.1/thumb/v7-m/nofp/crtbegin.o
 *(.bss*)
 .bss.response_frame2
                0x20000034       0x72 ./Core/Src/bq79616_V2.o
                0x20000034                response_frame2
 *fill*         0x200000a6        0x2 
 .bss.autoaddr_response_frame
                0x200000a8       0x15 ./Core/Src/bq79616_V2.o
                0x200000a8                autoaddr_response_frame
 *fill*         0x200000bd        0x3 
 .bss.fullBuffer
                0x200000c0       0x72 ./Core/Src/bq79616_V2.o
                0x200000c0                fullBuffer
 *fill*         0x20000132        0x2 
 .bss.currentBoard
                0x20000134        0x4 ./Core/Src/bq79616_V2.o
                0x20000134                currentBoard
 .bss.bReturn   0x20000138        0x1 ./Core/Src/bq79616_V2.o
                0x20000138                bReturn
 *fill*         0x20000139        0x3 
 .bss.bRes      0x2000013c        0x4 ./Core/Src/bq79616_V2.o
                0x2000013c                bRes
 .bss.bBuf      0x20000140        0x8 ./Core/Src/bq79616_V2.o
                0x20000140                bBuf
 .bss.pFrame    0x20000148       0x40 ./Core/Src/bq79616_V2.o
                0x20000148                pFrame
 .bss.wCRC      0x20000188        0x2 ./Core/Src/bq79616_V2.o
                0x20000188                wCRC
 .bss.int_ack   0x2000018a        0x1 ./Core/Src/bq79616_V2.o
                0x2000018a                int_ack
 *fill*         0x2000018b        0x1 
 .bss.ms_counter
                0x2000018c        0x4 ./Core/Src/bq79616_V2.o
                0x2000018c                ms_counter
 .bss.htim2     0x20000190       0x48 ./Core/Src/main.o
                0x20000190                htim2
 .bss.huart1    0x200001d8       0x48 ./Core/Src/main.o
                0x200001d8                huart1
 .bss.huart2    0x20000220       0x48 ./Core/Src/main.o
                0x20000220                huart2
 .bss.defaultTaskHandle
                0x20000268        0x4 ./Core/Src/main.o
                0x20000268                defaultTaskHandle
 .bss.received_data1
                0x2000026c        0x1 ./Core/Src/main.o
                0x2000026c                received_data1
 .bss.received_data2
                0x2000026d        0x1 ./Core/Src/main.o
                0x2000026d                received_data2
 *fill*         0x2000026e        0x2 
 .bss.totalV    0x20000270        0x4 ./Core/Src/main.o
                0x20000270                totalV
 .bss.final_value
                0x20000274        0x4 ./Core/Src/main.o
                0x20000274                final_value
 .bss.cellVoltages_board0
                0x20000278       0x40 ./Core/Src/main.o
                0x20000278                cellVoltages_board0
 .bss.cellVoltages_board1
                0x200002b8       0x40 ./Core/Src/main.o
                0x200002b8                cellVoltages_board1
 .bss.raw_value
                0x200002f8        0x2 ./Core/Src/main.o
                0x200002f8                raw_value
 *fill*         0x200002fa        0x2 
 .bss.uwTick    0x200002fc        0x4 ./Drivers/STM32F1xx_HAL_Driver/Src/stm32f1xx_hal.o
                0x200002fc                uwTick
 .bss.pxCurrentTCB
                0x20000300        0x4 ./FreeRTOS/FreeRTOS/Source/tasks.o
                0x20000300                pxCurrentTCB
 .bss.pxReadyTasksLists
                0x20000304      0x12c ./FreeRTOS/FreeRTOS/Source/tasks.o
 .bss.xDelayedTaskList1
                0x20000430       0x14 ./FreeRTOS/FreeRTOS/Source/tasks.o
 .bss.xDelayedTaskList2
                0x20000444       0x14 ./FreeRTOS/FreeRTOS/Source/tasks.o
 .bss.pxDelayedTaskList
                0x20000458        0x4 ./FreeRTOS/FreeRTOS/Source/tasks.o
 .bss.pxOverflowDelayedTaskList
                0x2000045c        0x4 ./FreeRTOS/FreeRTOS/Source/tasks.o
 .bss.xPendingReadyList
                0x20000460       0x14 ./FreeRTOS/FreeRTOS/Source/tasks.o
 .bss.xTasksWaitingTermination
                0x20000474       0x14 ./FreeRTOS/FreeRTOS/Source/tasks.o
 .bss.uxDeletedTasksWaitingCleanUp
                0x20000488        0x4 ./FreeRTOS/FreeRTOS/Source/tasks.o
 .bss.xSuspendedTaskList
                0x2000048c       0x14 ./FreeRTOS/FreeRTOS/Source/tasks.o
 .bss.uxCurrentNumberOfTasks
                0x200004a0        0x4 ./FreeRTOS/FreeRTOS/Source/tasks.o
 .bss.xTickCount
                0x200004a4        0x4 ./FreeRTOS/FreeRTOS/Source/tasks.o
 .bss.uxTopReadyPriority
                0x200004a8        0x4 ./FreeRTOS/FreeRTOS/Source/tasks.o
 .bss.xSchedulerRunning
                0x200004ac        0x4 ./FreeRTOS/FreeRTOS/Source/tasks.o
 .bss.xPendedTicks
                0x200004b0        0x4 ./FreeRTOS/FreeRTOS/Source/tasks.o
 .bss.xYieldPending
                0x200004b4        0x4 ./FreeRTOS/FreeRTOS/Source/tasks.o
 .bss.xNumOfOverflows
                0x200004b8        0x4 ./FreeRTOS/FreeRTOS/Source/tasks.o
 .bss.uxTaskNumber
                0x200004bc        0x4 ./FreeRTOS/FreeRTOS/Source/tasks.o
 .bss.xNextTaskUnblockTime
                0x200004c0        0x4 ./FreeRTOS/FreeRTOS/Source/tasks.o
 .bss.xIdleTaskHandle
                0x200004c4        0x4 ./FreeRTOS/FreeRTOS/Source/tasks.o
 .bss.uxSchedulerSuspended
                0x200004c8        0x4 ./FreeRTOS/FreeRTOS/Source/tasks.o
 .bss.xActiveTimerList1
                0x200004cc       0x14 ./FreeRTOS/FreeRTOS/Source/timers.o
 .bss.xActiveTimerList2
                0x200004e0       0x14 ./FreeRTOS/FreeRTOS/Source/timers.o
 .bss.pxCurrentTimerList
                0x200004f4        0x4 ./FreeRTOS/FreeRTOS/Source/timers.o
 .bss.pxOverflowTimerList
                0x200004f8        0x4 ./FreeRTOS/FreeRTOS/Source/timers.o
 .bss.xTimerQueue
                0x200004fc        0x4 ./FreeRTOS/FreeRTOS/Source/timers.o
 .bss.xTimerTaskHandle
                0x20000500        0x4 ./FreeRTOS/FreeRTOS/Source/timers.o
 .bss.xLastTime.0
                0x20000504        0x4 ./FreeRTOS/FreeRTOS/Source/timers.o
 .bss.ucHeap    0x20000508     0x4400 ./FreeRTOS/FreeRTOS/Source/portable/MemMang/heap_1.o
 .bss.xNextFreeByte
                0x20004908        0x4 ./FreeRTOS/FreeRTOS/Source/portable/MemMang/heap_1.o
 .bss.pucAlignedHeap.0
                0x2000490c        0x4 ./FreeRTOS/FreeRTOS/Source/portable/MemMang/heap_1.o
 *(COMMON)
                0x20004910                        . = ALIGN (0x4)
                0x20004910                        _ebss = .
                0x20004910                        __bss_end__ = _ebss

._user_heap_stack
                0x20004910      0x600 load address 0x0800616c
                0x20004910                        . = ALIGN (0x8)
                [!provide]                        PROVIDE (end = .)
                0x20004910                        PROVIDE (_end = .)
                0x20004b10                        . = (. + _Min_Heap_Size)
 *fill*         0x20004910      0x200 
                0x20004f10                        . = (. + _Min_Stack_Size)
 *fill*         0x20004b10      0x400 
                0x20004f10                        . = ALIGN (0x8)

/DISCARD/
 libc.a(*)
 libm.a(*)
 libgcc.a(*)

.ARM.attributes
                0x00000000       0x29
 *(.ARM.attributes)
 .ARM.attributes
                0x00000000       0x1d D:/Mina/Program_Files/ST/STM32CubeIDE_1.17.0/STM32CubeIDE/plugins/com.st.stm32cube.ide.mcu.externaltools.gnu-tools-for-stm32.12.3.rel1.win32_1.1.0.202410251130/tools/bin/../lib/gcc/arm-none-eabi/12.3.1/thumb/v7-m/nofp/crti.o
 .ARM.attributes
                0x0000001d       0x2d D:/Mina/Program_Files/ST/STM32CubeIDE_1.17.0/STM32CubeIDE/plugins/com.st.stm32cube.ide.mcu.externaltools.gnu-tools-for-stm32.12.3.rel1.win32_1.1.0.202410251130/tools/bin/../lib/gcc/arm-none-eabi/12.3.1/thumb/v7-m/nofp/crtbegin.o
 .ARM.attributes
                0x0000004a       0x2d ./BMS_Tests/BMS_tests.o
 .ARM.attributes
                0x00000077       0x2d ./Core/Src/bq79616_V2.o
 .ARM.attributes
                0x000000a4       0x2d ./Core/Src/main.o
 .ARM.attributes
                0x000000d1       0x2d ./Core/Src/stm32f1xx_hal_msp.o
 .ARM.attributes
                0x000000fe       0x2d ./Core/Src/stm32f1xx_it.o
 .ARM.attributes
                0x0000012b       0x2d ./Core/Src/system_stm32f1xx.o
 .ARM.attributes
                0x00000158       0x21 ./Core/Startup/startup_stm32f103c8tx.o
 .ARM.attributes
                0x00000179       0x2d ./Drivers/STM32F1xx_HAL_Driver/Src/stm32f1xx_hal.o
 .ARM.attributes
                0x000001a6       0x2d ./Drivers/STM32F1xx_HAL_Driver/Src/stm32f1xx_hal_cortex.o
 .ARM.attributes
                0x000001d3       0x2d ./Drivers/STM32F1xx_HAL_Driver/Src/stm32f1xx_hal_dma.o
 .ARM.attributes
                0x00000200       0x2d ./Drivers/STM32F1xx_HAL_Driver/Src/stm32f1xx_hal_gpio.o
 .ARM.attributes
                0x0000022d       0x2d ./Drivers/STM32F1xx_HAL_Driver/Src/stm32f1xx_hal_rcc.o
 .ARM.attributes
                0x0000025a       0x2d ./Drivers/STM32F1xx_HAL_Driver/Src/stm32f1xx_hal_tim.o
 .ARM.attributes
                0x00000287       0x2d ./Drivers/STM32F1xx_HAL_Driver/Src/stm32f1xx_hal_tim_ex.o
 .ARM.attributes
                0x000002b4       0x2d ./Drivers/STM32F1xx_HAL_Driver/Src/stm32f1xx_hal_uart.o
 .ARM.attributes
                0x000002e1       0x2d ./FreeRTOS/FreeRTOS/Source/list.o
 .ARM.attributes
                0x0000030e       0x2d ./FreeRTOS/FreeRTOS/Source/queue.o
 .ARM.attributes
                0x0000033b       0x2d ./FreeRTOS/FreeRTOS/Source/tasks.o
 .ARM.attributes
                0x00000368       0x2d ./FreeRTOS/FreeRTOS/Source/timers.o
 .ARM.attributes
                0x00000395       0x2d ./FreeRTOS/FreeRTOS/Source/portable/GCC/ARM_CM3/port.o
 .ARM.attributes
                0x000003c2       0x2d ./FreeRTOS/FreeRTOS/Source/portable/MemMang/heap_1.o
 .ARM.attributes
                0x000003ef       0x2d D:/Mina/Program_Files/ST/STM32CubeIDE_1.17.0/STM32CubeIDE/plugins/com.st.stm32cube.ide.mcu.externaltools.gnu-tools-for-stm32.12.3.rel1.win32_1.1.0.202410251130/tools/bin/../lib/gcc/arm-none-eabi/12.3.1/../../../../arm-none-eabi/lib/thumb/v7-m/nofp\libc_nano.a(libc_a-memset.o)
 .ARM.attributes
                0x0000041c       0x2d D:/Mina/Program_Files/ST/STM32CubeIDE_1.17.0/STM32CubeIDE/plugins/com.st.stm32cube.ide.mcu.externaltools.gnu-tools-for-stm32.12.3.rel1.win32_1.1.0.202410251130/tools/bin/../lib/gcc/arm-none-eabi/12.3.1/../../../../arm-none-eabi/lib/thumb/v7-m/nofp\libc_nano.a(libc_a-init.o)
 .ARM.attributes
                0x00000449       0x2d D:/Mina/Program_Files/ST/STM32CubeIDE_1.17.0/STM32CubeIDE/plugins/com.st.stm32cube.ide.mcu.externaltools.gnu-tools-for-stm32.12.3.rel1.win32_1.1.0.202410251130/tools/bin/../lib/gcc/arm-none-eabi/12.3.1/../../../../arm-none-eabi/lib/thumb/v7-m/nofp\libc_nano.a(libc_a-memcpy-stub.o)
 .ARM.attributes
                0x00000476       0x1d D:/Mina/Program_Files/ST/STM32CubeIDE_1.17.0/STM32CubeIDE/plugins/com.st.stm32cube.ide.mcu.externaltools.gnu-tools-for-stm32.12.3.rel1.win32_1.1.0.202410251130/tools/bin/../lib/gcc/arm-none-eabi/12.3.1/thumb/v7-m/nofp\libgcc.a(_arm_addsubdf3.o)
 .ARM.attributes
                0x00000493       0x1d D:/Mina/Program_Files/ST/STM32CubeIDE_1.17.0/STM32CubeIDE/plugins/com.st.stm32cube.ide.mcu.externaltools.gnu-tools-for-stm32.12.3.rel1.win32_1.1.0.202410251130/tools/bin/../lib/gcc/arm-none-eabi/12.3.1/thumb/v7-m/nofp\libgcc.a(_arm_muldivdf3.o)
 .ARM.attributes
                0x000004b0       0x1d D:/Mina/Program_Files/ST/STM32CubeIDE_1.17.0/STM32CubeIDE/plugins/com.st.stm32cube.ide.mcu.externaltools.gnu-tools-for-stm32.12.3.rel1.win32_1.1.0.202410251130/tools/bin/../lib/gcc/arm-none-eabi/12.3.1/thumb/v7-m/nofp\libgcc.a(_arm_truncdfsf2.o)
 .ARM.attributes
                0x000004cd       0x1d D:/Mina/Program_Files/ST/STM32CubeIDE_1.17.0/STM32CubeIDE/plugins/com.st.stm32cube.ide.mcu.externaltools.gnu-tools-for-stm32.12.3.rel1.win32_1.1.0.202410251130/tools/bin/../lib/gcc/arm-none-eabi/12.3.1/thumb/v7-m/nofp/crtn.o
OUTPUT(qb79616.elf elf32-littlearm)
LOAD linker stubs
LOAD D:/Mina/Program_Files/ST/STM32CubeIDE_1.17.0/STM32CubeIDE/plugins/com.st.stm32cube.ide.mcu.externaltools.gnu-tools-for-stm32.12.3.rel1.win32_1.1.0.202410251130/tools/bin/../lib/gcc/arm-none-eabi/12.3.1/../../../../arm-none-eabi/lib/thumb/v7-m/nofp\libc.a
LOAD D:/Mina/Program_Files/ST/STM32CubeIDE_1.17.0/STM32CubeIDE/plugins/com.st.stm32cube.ide.mcu.externaltools.gnu-tools-for-stm32.12.3.rel1.win32_1.1.0.202410251130/tools/bin/../lib/gcc/arm-none-eabi/12.3.1/../../../../arm-none-eabi/lib/thumb/v7-m/nofp\libm.a
LOAD D:/Mina/Program_Files/ST/STM32CubeIDE_1.17.0/STM32CubeIDE/plugins/com.st.stm32cube.ide.mcu.externaltools.gnu-tools-for-stm32.12.3.rel1.win32_1.1.0.202410251130/tools/bin/../lib/gcc/arm-none-eabi/12.3.1/thumb/v7-m/nofp\libgcc.a

.debug_info     0x00000000    0x11edf
 .debug_info    0x00000000      0x7df ./BMS_Tests/BMS_tests.o
 .debug_info    0x000007df     0x16ea ./Core/Src/bq79616_V2.o
 .debug_info    0x00001ec9     0x11a8 ./Core/Src/main.o
 .debug_info    0x00003071      0xd65 ./Core/Src/stm32f1xx_hal_msp.o
 .debug_info    0x00003dd6      0x913 ./Core/Src/stm32f1xx_it.o
 .debug_info    0x000046e9      0x222 ./Core/Src/system_stm32f1xx.o
 .debug_info    0x0000490b       0x30 ./Core/Startup/startup_stm32f103c8tx.o
 .debug_info    0x0000493b      0x704 ./Drivers/STM32F1xx_HAL_Driver/Src/stm32f1xx_hal.o
 .debug_info    0x0000503f      0xa87 ./Drivers/STM32F1xx_HAL_Driver/Src/stm32f1xx_hal_cortex.o
 .debug_info    0x00005ac6      0x6d2 ./Drivers/STM32F1xx_HAL_Driver/Src/stm32f1xx_hal_dma.o
 .debug_info    0x00006198      0x5ab ./Drivers/STM32F1xx_HAL_Driver/Src/stm32f1xx_hal_gpio.o
 .debug_info    0x00006743      0x7d5 ./Drivers/STM32F1xx_HAL_Driver/Src/stm32f1xx_hal_rcc.o
 .debug_info    0x00006f18     0x2959 ./Drivers/STM32F1xx_HAL_Driver/Src/stm32f1xx_hal_tim.o
 .debug_info    0x00009871     0x149b ./Drivers/STM32F1xx_HAL_Driver/Src/stm32f1xx_hal_tim_ex.o
 .debug_info    0x0000ad0c     0x2eed ./Drivers/STM32F1xx_HAL_Driver/Src/stm32f1xx_hal_uart.o
 .debug_info    0x0000dbf9      0x2af ./FreeRTOS/FreeRTOS/Source/list.o
 .debug_info    0x0000dea8     0x1031 ./FreeRTOS/FreeRTOS/Source/queue.o
 .debug_info    0x0000eed9     0x1d56 ./FreeRTOS/FreeRTOS/Source/tasks.o
 .debug_info    0x00010c2f      0xe1f ./FreeRTOS/FreeRTOS/Source/timers.o
 .debug_info    0x00011a4e      0x2e7 ./FreeRTOS/FreeRTOS/Source/portable/GCC/ARM_CM3/port.o
 .debug_info    0x00011d35      0x1aa ./FreeRTOS/FreeRTOS/Source/portable/MemMang/heap_1.o

.debug_abbrev   0x00000000     0x2e91
 .debug_abbrev  0x00000000      0x223 ./BMS_Tests/BMS_tests.o
 .debug_abbrev  0x00000223      0x3c8 ./Core/Src/bq79616_V2.o
 .debug_abbrev  0x000005eb      0x358 ./Core/Src/main.o
 .debug_abbrev  0x00000943      0x1dd ./Core/Src/stm32f1xx_hal_msp.o
 .debug_abbrev  0x00000b20      0x188 ./Core/Src/stm32f1xx_it.o
 .debug_abbrev  0x00000ca8      0x13f ./Core/Src/system_stm32f1xx.o
 .debug_abbrev  0x00000de7       0x24 ./Core/Startup/startup_stm32f103c8tx.o
 .debug_abbrev  0x00000e0b      0x201 ./Drivers/STM32F1xx_HAL_Driver/Src/stm32f1xx_hal.o
 .debug_abbrev  0x0000100c      0x2f8 ./Drivers/STM32F1xx_HAL_Driver/Src/stm32f1xx_hal_cortex.o
 .debug_abbrev  0x00001304      0x20b ./Drivers/STM32F1xx_HAL_Driver/Src/stm32f1xx_hal_dma.o
 .debug_abbrev  0x0000150f      0x1ca ./Drivers/STM32F1xx_HAL_Driver/Src/stm32f1xx_hal_gpio.o
 .debug_abbrev  0x000016d9      0x2b3 ./Drivers/STM32F1xx_HAL_Driver/Src/stm32f1xx_hal_rcc.o
 .debug_abbrev  0x0000198c      0x277 ./Drivers/STM32F1xx_HAL_Driver/Src/stm32f1xx_hal_tim.o
 .debug_abbrev  0x00001c03      0x282 ./Drivers/STM32F1xx_HAL_Driver/Src/stm32f1xx_hal_tim_ex.o
 .debug_abbrev  0x00001e85      0x2f8 ./Drivers/STM32F1xx_HAL_Driver/Src/stm32f1xx_hal_uart.o
 .debug_abbrev  0x0000217d       0xf5 ./FreeRTOS/FreeRTOS/Source/list.o
 .debug_abbrev  0x00002272      0x2bf ./FreeRTOS/FreeRTOS/Source/queue.o
 .debug_abbrev  0x00002531      0x37d ./FreeRTOS/FreeRTOS/Source/tasks.o
 .debug_abbrev  0x000028ae      0x2b4 ./FreeRTOS/FreeRTOS/Source/timers.o
 .debug_abbrev  0x00002b62      0x20c ./FreeRTOS/FreeRTOS/Source/portable/GCC/ARM_CM3/port.o
 .debug_abbrev  0x00002d6e      0x123 ./FreeRTOS/FreeRTOS/Source/portable/MemMang/heap_1.o

.debug_aranges  0x00000000     0x11c0
 .debug_aranges
                0x00000000       0x38 ./BMS_Tests/BMS_tests.o
 .debug_aranges
                0x00000038      0x100 ./Core/Src/bq79616_V2.o
 .debug_aranges
                0x00000138       0x78 ./Core/Src/main.o
 .debug_aranges
                0x000001b0       0x40 ./Core/Src/stm32f1xx_hal_msp.o
 .debug_aranges
                0x000001f0       0x58 ./Core/Src/stm32f1xx_it.o
 .debug_aranges
                0x00000248       0x28 ./Core/Src/system_stm32f1xx.o
 .debug_aranges
                0x00000270       0x28 ./Core/Startup/startup_stm32f103c8tx.o
 .debug_aranges
                0x00000298       0xe0 ./Drivers/STM32F1xx_HAL_Driver/Src/stm32f1xx_hal.o
 .debug_aranges
                0x00000378      0x100 ./Drivers/STM32F1xx_HAL_Driver/Src/stm32f1xx_hal_cortex.o
 .debug_aranges
                0x00000478       0x80 ./Drivers/STM32F1xx_HAL_Driver/Src/stm32f1xx_hal_dma.o
 .debug_aranges
                0x000004f8       0x58 ./Drivers/STM32F1xx_HAL_Driver/Src/stm32f1xx_hal_gpio.o
 .debug_aranges
                0x00000550       0x90 ./Drivers/STM32F1xx_HAL_Driver/Src/stm32f1xx_hal_rcc.o
 .debug_aranges
                0x000005e0      0x3d0 ./Drivers/STM32F1xx_HAL_Driver/Src/stm32f1xx_hal_tim.o
 .debug_aranges
                0x000009b0      0x168 ./Drivers/STM32F1xx_HAL_Driver/Src/stm32f1xx_hal_tim_ex.o
 .debug_aranges
                0x00000b18      0x208 ./Drivers/STM32F1xx_HAL_Driver/Src/stm32f1xx_hal_uart.o
 .debug_aranges
                0x00000d20       0x40 ./FreeRTOS/FreeRTOS/Source/list.o
 .debug_aranges
                0x00000d60       0xe8 ./FreeRTOS/FreeRTOS/Source/queue.o
 .debug_aranges
                0x00000e48      0x1d8 ./FreeRTOS/FreeRTOS/Source/tasks.o
 .debug_aranges
                0x00001020       0xf8 ./FreeRTOS/FreeRTOS/Source/timers.o
 .debug_aranges
                0x00001118       0x70 ./FreeRTOS/FreeRTOS/Source/portable/GCC/ARM_CM3/port.o
 .debug_aranges
                0x00001188       0x38 ./FreeRTOS/FreeRTOS/Source/portable/MemMang/heap_1.o

.debug_rnglists
                0x00000000      0xdec
 .debug_rnglists
                0x00000000       0x26 ./BMS_Tests/BMS_tests.o
 .debug_rnglists
                0x00000026       0xe3 ./Core/Src/bq79616_V2.o
 .debug_rnglists
                0x00000109       0x5b ./Core/Src/main.o
 .debug_rnglists
                0x00000164       0x2c ./Core/Src/stm32f1xx_hal_msp.o
 .debug_rnglists
                0x00000190       0x3d ./Core/Src/stm32f1xx_it.o
 .debug_rnglists
                0x000001cd       0x1a ./Core/Src/system_stm32f1xx.o
 .debug_rnglists
                0x000001e7       0x19 ./Core/Startup/startup_stm32f103c8tx.o
 .debug_rnglists
                0x00000200       0xa3 ./Drivers/STM32F1xx_HAL_Driver/Src/stm32f1xx_hal.o
 .debug_rnglists
                0x000002a3       0xbb ./Drivers/STM32F1xx_HAL_Driver/Src/stm32f1xx_hal_cortex.o
 .debug_rnglists
                0x0000035e       0x64 ./Drivers/STM32F1xx_HAL_Driver/Src/stm32f1xx_hal_dma.o
 .debug_rnglists
                0x000003c2       0x3f ./Drivers/STM32F1xx_HAL_Driver/Src/stm32f1xx_hal_gpio.o
 .debug_rnglists
                0x00000401       0x6c ./Drivers/STM32F1xx_HAL_Driver/Src/stm32f1xx_hal_rcc.o
 .debug_rnglists
                0x0000046d      0x31a ./Drivers/STM32F1xx_HAL_Driver/Src/stm32f1xx_hal_tim.o
 .debug_rnglists
                0x00000787      0x125 ./Drivers/STM32F1xx_HAL_Driver/Src/stm32f1xx_hal_tim_ex.o
 .debug_rnglists
                0x000008ac      0x1bc ./Drivers/STM32F1xx_HAL_Driver/Src/stm32f1xx_hal_uart.o
 .debug_rnglists
                0x00000a68       0x2b ./FreeRTOS/FreeRTOS/Source/list.o
 .debug_rnglists
                0x00000a93       0xb3 ./FreeRTOS/FreeRTOS/Source/queue.o
 .debug_rnglists
                0x00000b46      0x178 ./FreeRTOS/FreeRTOS/Source/tasks.o
 .debug_rnglists
                0x00000cbe       0xb9 ./FreeRTOS/FreeRTOS/Source/timers.o
 .debug_rnglists
                0x00000d77       0x4f ./FreeRTOS/FreeRTOS/Source/portable/GCC/ARM_CM3/port.o
 .debug_rnglists
                0x00000dc6       0x26 ./FreeRTOS/FreeRTOS/Source/portable/MemMang/heap_1.o

.debug_macro    0x00000000    0x1a3c2
 .debug_macro   0x00000000      0x1c9 ./BMS_Tests/BMS_tests.o
 .debug_macro   0x000001c9      0xaa8 ./BMS_Tests/BMS_tests.o
 .debug_macro   0x00000c71      0x21b ./BMS_Tests/BMS_tests.o
 .debug_macro   0x00000e8c       0x2e ./BMS_Tests/BMS_tests.o
 .debug_macro   0x00000eba       0x22 ./BMS_Tests/BMS_tests.o
 .debug_macro   0x00000edc       0x22 ./BMS_Tests/BMS_tests.o
 .debug_macro   0x00000efe       0x8e ./BMS_Tests/BMS_tests.o
 .debug_macro   0x00000f8c       0x51 ./BMS_Tests/BMS_tests.o
 .debug_macro   0x00000fdd      0x103 ./BMS_Tests/BMS_tests.o
 .debug_macro   0x000010e0       0x6a ./BMS_Tests/BMS_tests.o
 .debug_macro   0x0000114a      0x1df ./BMS_Tests/BMS_tests.o
 .debug_macro   0x00001329       0x1c ./BMS_Tests/BMS_tests.o
 .debug_macro   0x00001345       0x22 ./BMS_Tests/BMS_tests.o
 .debug_macro   0x00001367       0xbd ./BMS_Tests/BMS_tests.o
 .debug_macro   0x00001424      0xd23 ./BMS_Tests/BMS_tests.o
 .debug_macro   0x00002147     0xe09e ./BMS_Tests/BMS_tests.o
 .debug_macro   0x000101e5       0x6d ./BMS_Tests/BMS_tests.o
 .debug_macro   0x00010252     0x34a2 ./BMS_Tests/BMS_tests.o
 .debug_macro   0x000136f4      0x189 ./BMS_Tests/BMS_tests.o
 .debug_macro   0x0001387d       0x5c ./BMS_Tests/BMS_tests.o
 .debug_macro   0x000138d9      0x5bc ./BMS_Tests/BMS_tests.o
 .debug_macro   0x00013e95      0x289 ./BMS_Tests/BMS_tests.o
 .debug_macro   0x0001411e      0x1cb ./BMS_Tests/BMS_tests.o
 .debug_macro   0x000142e9      0x114 ./BMS_Tests/BMS_tests.o
 .debug_macro   0x000143fd      0x1b2 ./BMS_Tests/BMS_tests.o
 .debug_macro   0x000145af       0x27 ./BMS_Tests/BMS_tests.o
 .debug_macro   0x000145d6      0x136 ./BMS_Tests/BMS_tests.o
 .debug_macro   0x0001470c      0x1bc ./BMS_Tests/BMS_tests.o
 .debug_macro   0x000148c8       0x34 ./BMS_Tests/BMS_tests.o
 .debug_macro   0x000148fc       0x3c ./BMS_Tests/BMS_tests.o
 .debug_macro   0x00014938       0x57 ./BMS_Tests/BMS_tests.o
 .debug_macro   0x0001498f       0x87 ./BMS_Tests/BMS_tests.o
 .debug_macro   0x00014a16      0x240 ./BMS_Tests/BMS_tests.o
 .debug_macro   0x00014c56      0x140 ./BMS_Tests/BMS_tests.o
 .debug_macro   0x00014d96      0x8ed ./BMS_Tests/BMS_tests.o
 .debug_macro   0x00015683      0x28e ./BMS_Tests/BMS_tests.o
 .debug_macro   0x00015911       0x83 ./BMS_Tests/BMS_tests.o
 .debug_macro   0x00015994      0x814 ./BMS_Tests/BMS_tests.o
 .debug_macro   0x000161a8       0xe2 ./BMS_Tests/BMS_tests.o
 .debug_macro   0x0001628a      0x283 ./Core/Src/bq79616_V2.o
 .debug_macro   0x0001650d       0x61 ./Core/Src/bq79616_V2.o
 .debug_macro   0x0001656e       0x24 ./Core/Src/bq79616_V2.o
 .debug_macro   0x00016592       0x43 ./Core/Src/bq79616_V2.o
 .debug_macro   0x000165d5       0x34 ./Core/Src/bq79616_V2.o
 .debug_macro   0x00016609       0x16 ./Core/Src/bq79616_V2.o
 .debug_macro   0x0001661f       0x43 ./Core/Src/bq79616_V2.o
 .debug_macro   0x00016662       0x34 ./Core/Src/bq79616_V2.o
 .debug_macro   0x00016696       0x10 ./Core/Src/bq79616_V2.o
 .debug_macro   0x000166a6       0x58 ./Core/Src/bq79616_V2.o
 .debug_macro   0x000166fe       0x8e ./Core/Src/bq79616_V2.o
 .debug_macro   0x0001678c       0x1c ./Core/Src/bq79616_V2.o
 .debug_macro   0x000167a8      0x177 ./Core/Src/bq79616_V2.o
 .debug_macro   0x0001691f      0x369 ./Core/Src/bq79616_V2.o
 .debug_macro   0x00016c88       0x10 ./Core/Src/bq79616_V2.o
 .debug_macro   0x00016c98       0x35 ./Core/Src/bq79616_V2.o
 .debug_macro   0x00016ccd       0x20 ./Core/Src/bq79616_V2.o
 .debug_macro   0x00016ced      0x35c ./Core/Src/main.o
 .debug_macro   0x00017049       0x16 ./Core/Src/main.o
 .debug_macro   0x0001705f       0x10 ./Core/Src/main.o
 .debug_macro   0x0001706f       0x16 ./Core/Src/main.o
 .debug_macro   0x00017085       0x16 ./Core/Src/main.o
 .debug_macro   0x0001709b      0x146 ./Core/Src/main.o
 .debug_macro   0x000171e1       0xca ./Core/Src/main.o
 .debug_macro   0x000172ab      0x15a ./Core/Src/main.o
 .debug_macro   0x00017405       0xe3 ./Core/Src/main.o
 .debug_macro   0x000174e8       0x28 ./Core/Src/main.o
 .debug_macro   0x00017510       0x1f ./Core/Src/main.o
 .debug_macro   0x0001752f       0x12 ./Core/Src/main.o
 .debug_macro   0x00017541      0x57a ./Core/Src/main.o
 .debug_macro   0x00017abb       0xc3 ./Core/Src/main.o
 .debug_macro   0x00017b7e      0x120 ./Core/Src/main.o
 .debug_macro   0x00017c9e      0x1ad ./Core/Src/stm32f1xx_hal_msp.o
 .debug_macro   0x00017e4b      0x1b7 ./Core/Src/stm32f1xx_it.o
 .debug_macro   0x00018002      0x1a3 ./Core/Src/system_stm32f1xx.o
 .debug_macro   0x000181a5      0x1c7 ./Drivers/STM32F1xx_HAL_Driver/Src/stm32f1xx_hal.o
 .debug_macro   0x0001836c      0x1a3 ./Drivers/STM32F1xx_HAL_Driver/Src/stm32f1xx_hal_cortex.o
 .debug_macro   0x0001850f      0x1a3 ./Drivers/STM32F1xx_HAL_Driver/Src/stm32f1xx_hal_dma.o
 .debug_macro   0x000186b2      0x20e ./Drivers/STM32F1xx_HAL_Driver/Src/stm32f1xx_hal_gpio.o
 .debug_macro   0x000188c0      0x1b5 ./Drivers/STM32F1xx_HAL_Driver/Src/stm32f1xx_hal_rcc.o
 .debug_macro   0x00018a75      0x1a4 ./Drivers/STM32F1xx_HAL_Driver/Src/stm32f1xx_hal_tim.o
 .debug_macro   0x00018c19      0x1a3 ./Drivers/STM32F1xx_HAL_Driver/Src/stm32f1xx_hal_tim_ex.o
 .debug_macro   0x00018dbc      0x1a4 ./Drivers/STM32F1xx_HAL_Driver/Src/stm32f1xx_hal_uart.o
 .debug_macro   0x00018f60      0x2e3 ./FreeRTOS/FreeRTOS/Source/list.o
 .debug_macro   0x00019243      0x37a ./FreeRTOS/FreeRTOS/Source/queue.o
 .debug_macro   0x000195bd       0x16 ./FreeRTOS/FreeRTOS/Source/queue.o
 .debug_macro   0x000195d3       0x80 ./FreeRTOS/FreeRTOS/Source/queue.o
 .debug_macro   0x00019653      0x3c9 ./FreeRTOS/FreeRTOS/Source/tasks.o
 .debug_macro   0x00019a1c       0x17 ./FreeRTOS/FreeRTOS/Source/tasks.o
 .debug_macro   0x00019a33      0x332 ./FreeRTOS/FreeRTOS/Source/timers.o
 .debug_macro   0x00019d65       0x97 ./FreeRTOS/FreeRTOS/Source/timers.o
 .debug_macro   0x00019dfc      0x2ce ./FreeRTOS/FreeRTOS/Source/portable/GCC/ARM_CM3/port.o
 .debug_macro   0x0001a0ca      0x2f8 ./FreeRTOS/FreeRTOS/Source/portable/MemMang/heap_1.o

.debug_line     0x00000000    0x16171
 .debug_line    0x00000000      0x8a7 ./BMS_Tests/BMS_tests.o
 .debug_line    0x000008a7     0x12a1 ./Core/Src/bq79616_V2.o
 .debug_line    0x00001b48      0xeb3 ./Core/Src/main.o
 .debug_line    0x000029fb      0x86f ./Core/Src/stm32f1xx_hal_msp.o
 .debug_line    0x0000326a      0x859 ./Core/Src/stm32f1xx_it.o
 .debug_line    0x00003ac3      0x823 ./Core/Src/system_stm32f1xx.o
 .debug_line    0x000042e6       0x78 ./Core/Startup/startup_stm32f103c8tx.o
 .debug_line    0x0000435e      0xa50 ./Drivers/STM32F1xx_HAL_Driver/Src/stm32f1xx_hal.o
 .debug_line    0x00004dae      0xc3c ./Drivers/STM32F1xx_HAL_Driver/Src/stm32f1xx_hal_cortex.o
 .debug_line    0x000059ea      0xea9 ./Drivers/STM32F1xx_HAL_Driver/Src/stm32f1xx_hal_dma.o
 .debug_line    0x00006893      0xae9 ./Drivers/STM32F1xx_HAL_Driver/Src/stm32f1xx_hal_gpio.o
 .debug_line    0x0000737c      0xe59 ./Drivers/STM32F1xx_HAL_Driver/Src/stm32f1xx_hal_rcc.o
 .debug_line    0x000081d5     0x3575 ./Drivers/STM32F1xx_HAL_Driver/Src/stm32f1xx_hal_tim.o
 .debug_line    0x0000b74a     0x199f ./Drivers/STM32F1xx_HAL_Driver/Src/stm32f1xx_hal_tim_ex.o
 .debug_line    0x0000d0e9     0x292f ./Drivers/STM32F1xx_HAL_Driver/Src/stm32f1xx_hal_uart.o
 .debug_line    0x0000fa18      0xcb2 ./FreeRTOS/FreeRTOS/Source/list.o
 .debug_line    0x000106ca     0x148c ./FreeRTOS/FreeRTOS/Source/queue.o
 .debug_line    0x00011b56     0x1d70 ./FreeRTOS/FreeRTOS/Source/tasks.o
 .debug_line    0x000138c6     0x1125 ./FreeRTOS/FreeRTOS/Source/timers.o
 .debug_line    0x000149eb      0xb29 ./FreeRTOS/FreeRTOS/Source/portable/GCC/ARM_CM3/port.o
 .debug_line    0x00015514      0xc5d ./FreeRTOS/FreeRTOS/Source/portable/MemMang/heap_1.o

.debug_str      0x00000000    0x94cbf
 .debug_str     0x00000000    0x8543e ./BMS_Tests/BMS_tests.o
                              0x857ee (size before relaxing)
 .debug_str     0x0008543e     0x38a6 ./Core/Src/bq79616_V2.o
                              0x89082 (size before relaxing)
 .debug_str     0x00088ce4     0x5a64 ./Core/Src/main.o
                              0x8e653 (size before relaxing)
 .debug_str     0x0008e748      0x36e ./Core/Src/stm32f1xx_hal_msp.o
                              0x841b0 (size before relaxing)
 .debug_str     0x0008eab6       0xdb ./Core/Src/stm32f1xx_it.o
                              0x83e1c (size before relaxing)
 .debug_str     0x0008eb91       0x7e ./Core/Src/system_stm32f1xx.o
                              0x83728 (size before relaxing)
 .debug_str     0x0008ec0f       0x44 ./Core/Startup/startup_stm32f103c8tx.o
                                 0x91 (size before relaxing)
 .debug_str     0x0008ec53      0x378 ./Drivers/STM32F1xx_HAL_Driver/Src/stm32f1xx_hal.o
                              0x83e5b (size before relaxing)
 .debug_str     0x0008efcb      0x294 ./Drivers/STM32F1xx_HAL_Driver/Src/stm32f1xx_hal_cortex.o
                              0x83da7 (size before relaxing)
 .debug_str     0x0008f25f      0x235 ./Drivers/STM32F1xx_HAL_Driver/Src/stm32f1xx_hal_dma.o
                              0x83ad1 (size before relaxing)
 .debug_str     0x0008f494      0x2ca ./Drivers/STM32F1xx_HAL_Driver/Src/stm32f1xx_hal_gpio.o
                              0x83aae (size before relaxing)
 .debug_str     0x0008f75e      0x229 ./Drivers/STM32F1xx_HAL_Driver/Src/stm32f1xx_hal_rcc.o
                              0x83b57 (size before relaxing)
 .debug_str     0x0008f987      0xdad ./Drivers/STM32F1xx_HAL_Driver/Src/stm32f1xx_hal_tim.o
                              0x84b59 (size before relaxing)
 .debug_str     0x00090734      0x493 ./Drivers/STM32F1xx_HAL_Driver/Src/stm32f1xx_hal_tim_ex.o
                              0x84365 (size before relaxing)
 .debug_str     0x00090bc7      0x5b5 ./Drivers/STM32F1xx_HAL_Driver/Src/stm32f1xx_hal_uart.o
                              0x841c8 (size before relaxing)
 .debug_str     0x0009117c      0x258 ./FreeRTOS/FreeRTOS/Source/list.o
                              0x8a670 (size before relaxing)
 .debug_str     0x000913d4     0x1168 ./FreeRTOS/FreeRTOS/Source/queue.o
                              0x8cac4 (size before relaxing)
 .debug_str     0x0009253c     0x1a8d ./FreeRTOS/FreeRTOS/Source/tasks.o
                              0x8d686 (size before relaxing)
 .debug_str     0x00093fc9      0x603 ./FreeRTOS/FreeRTOS/Source/timers.o
                              0x8cf76 (size before relaxing)
 .debug_str     0x000945cc      0x61a ./FreeRTOS/FreeRTOS/Source/portable/GCC/ARM_CM3/port.o
                              0x88cef (size before relaxing)
 .debug_str     0x00094be6       0xd9 ./FreeRTOS/FreeRTOS/Source/portable/MemMang/heap_1.o
                              0x8b8ac (size before relaxing)

.comment        0x00000000       0x43
 .comment       0x00000000       0x43 ./BMS_Tests/BMS_tests.o
                                 0x44 (size before relaxing)
 .comment       0x00000043       0x44 ./Core/Src/bq79616_V2.o
 .comment       0x00000043       0x44 ./Core/Src/main.o
 .comment       0x00000043       0x44 ./Core/Src/stm32f1xx_hal_msp.o
 .comment       0x00000043       0x44 ./Core/Src/stm32f1xx_it.o
 .comment       0x00000043       0x44 ./Core/Src/system_stm32f1xx.o
 .comment       0x00000043       0x44 ./Drivers/STM32F1xx_HAL_Driver/Src/stm32f1xx_hal.o
 .comment       0x00000043       0x44 ./Drivers/STM32F1xx_HAL_Driver/Src/stm32f1xx_hal_cortex.o
 .comment       0x00000043       0x44 ./Drivers/STM32F1xx_HAL_Driver/Src/stm32f1xx_hal_dma.o
 .comment       0x00000043       0x44 ./Drivers/STM32F1xx_HAL_Driver/Src/stm32f1xx_hal_gpio.o
 .comment       0x00000043       0x44 ./Drivers/STM32F1xx_HAL_Driver/Src/stm32f1xx_hal_rcc.o
 .comment       0x00000043       0x44 ./Drivers/STM32F1xx_HAL_Driver/Src/stm32f1xx_hal_tim.o
 .comment       0x00000043       0x44 ./Drivers/STM32F1xx_HAL_Driver/Src/stm32f1xx_hal_tim_ex.o
 .comment       0x00000043       0x44 ./Drivers/STM32F1xx_HAL_Driver/Src/stm32f1xx_hal_uart.o
 .comment       0x00000043       0x44 ./FreeRTOS/FreeRTOS/Source/list.o
 .comment       0x00000043       0x44 ./FreeRTOS/FreeRTOS/Source/queue.o
 .comment       0x00000043       0x44 ./FreeRTOS/FreeRTOS/Source/tasks.o
 .comment       0x00000043       0x44 ./FreeRTOS/FreeRTOS/Source/timers.o
 .comment       0x00000043       0x44 ./FreeRTOS/FreeRTOS/Source/portable/GCC/ARM_CM3/port.o
 .comment       0x00000043       0x44 ./FreeRTOS/FreeRTOS/Source/portable/MemMang/heap_1.o

.debug_frame    0x00000000     0x4b10
 .debug_frame   0x00000000       0xa0 ./BMS_Tests/BMS_tests.o
 .debug_frame   0x000000a0      0x470 ./Core/Src/bq79616_V2.o
 .debug_frame   0x00000510      0x1a0 ./Core/Src/main.o
 .debug_frame   0x000006b0       0xc8 ./Core/Src/stm32f1xx_hal_msp.o
 .debug_frame   0x00000778       0xe0 ./Core/Src/stm32f1xx_it.o
 .debug_frame   0x00000858       0x58 ./Core/Src/system_stm32f1xx.o
 .debug_frame   0x000008b0      0x334 ./Drivers/STM32F1xx_HAL_Driver/Src/stm32f1xx_hal.o
 .debug_frame   0x00000be4      0x428 ./Drivers/STM32F1xx_HAL_Driver/Src/stm32f1xx_hal_cortex.o
 .debug_frame   0x0000100c      0x208 ./Drivers/STM32F1xx_HAL_Driver/Src/stm32f1xx_hal_dma.o
 .debug_frame   0x00001214      0x14c ./Drivers/STM32F1xx_HAL_Driver/Src/stm32f1xx_hal_gpio.o
 .debug_frame   0x00001360      0x218 ./Drivers/STM32F1xx_HAL_Driver/Src/stm32f1xx_hal_rcc.o
 .debug_frame   0x00001578     0x11b8 ./Drivers/STM32F1xx_HAL_Driver/Src/stm32f1xx_hal_tim.o
 .debug_frame   0x00002730      0x638 ./Drivers/STM32F1xx_HAL_Driver/Src/stm32f1xx_hal_tim_ex.o
 .debug_frame   0x00002d68      0x944 ./Drivers/STM32F1xx_HAL_Driver/Src/stm32f1xx_hal_uart.o
 .debug_frame   0x000036ac       0xd8 ./FreeRTOS/FreeRTOS/Source/list.o
 .debug_frame   0x00003784      0x3d0 ./FreeRTOS/FreeRTOS/Source/queue.o
 .debug_frame   0x00003b54      0x824 ./FreeRTOS/FreeRTOS/Source/tasks.o
 .debug_frame   0x00004378      0x408 ./FreeRTOS/FreeRTOS/Source/timers.o
 .debug_frame   0x00004780      0x160 ./FreeRTOS/FreeRTOS/Source/portable/GCC/ARM_CM3/port.o
 .debug_frame   0x000048e0       0x9c ./FreeRTOS/FreeRTOS/Source/portable/MemMang/heap_1.o
 .debug_frame   0x0000497c       0x20 D:/Mina/Program_Files/ST/STM32CubeIDE_1.17.0/STM32CubeIDE/plugins/com.st.stm32cube.ide.mcu.externaltools.gnu-tools-for-stm32.12.3.rel1.win32_1.1.0.202410251130/tools/bin/../lib/gcc/arm-none-eabi/12.3.1/../../../../arm-none-eabi/lib/thumb/v7-m/nofp\libc_nano.a(libc_a-memset.o)
 .debug_frame   0x0000499c       0x2c D:/Mina/Program_Files/ST/STM32CubeIDE_1.17.0/STM32CubeIDE/plugins/com.st.stm32cube.ide.mcu.externaltools.gnu-tools-for-stm32.12.3.rel1.win32_1.1.0.202410251130/tools/bin/../lib/gcc/arm-none-eabi/12.3.1/../../../../arm-none-eabi/lib/thumb/v7-m/nofp\libc_nano.a(libc_a-init.o)
 .debug_frame   0x000049c8       0x28 D:/Mina/Program_Files/ST/STM32CubeIDE_1.17.0/STM32CubeIDE/plugins/com.st.stm32cube.ide.mcu.externaltools.gnu-tools-for-stm32.12.3.rel1.win32_1.1.0.202410251130/tools/bin/../lib/gcc/arm-none-eabi/12.3.1/../../../../arm-none-eabi/lib/thumb/v7-m/nofp\libc_nano.a(libc_a-memcpy-stub.o)
 .debug_frame   0x000049f0       0xac D:/Mina/Program_Files/ST/STM32CubeIDE_1.17.0/STM32CubeIDE/plugins/com.st.stm32cube.ide.mcu.externaltools.gnu-tools-for-stm32.12.3.rel1.win32_1.1.0.202410251130/tools/bin/../lib/gcc/arm-none-eabi/12.3.1/thumb/v7-m/nofp\libgcc.a(_arm_addsubdf3.o)
 .debug_frame   0x00004a9c       0x50 D:/Mina/Program_Files/ST/STM32CubeIDE_1.17.0/STM32CubeIDE/plugins/com.st.stm32cube.ide.mcu.externaltools.gnu-tools-for-stm32.12.3.rel1.win32_1.1.0.202410251130/tools/bin/../lib/gcc/arm-none-eabi/12.3.1/thumb/v7-m/nofp\libgcc.a(_arm_muldivdf3.o)
 .debug_frame   0x00004aec       0x24 D:/Mina/Program_Files/ST/STM32CubeIDE_1.17.0/STM32CubeIDE/plugins/com.st.stm32cube.ide.mcu.externaltools.gnu-tools-for-stm32.12.3.rel1.win32_1.1.0.202410251130/tools/bin/../lib/gcc/arm-none-eabi/12.3.1/thumb/v7-m/nofp\libgcc.a(_arm_truncdfsf2.o)

.debug_line_str
                0x00000000       0x75
 .debug_line_str
                0x00000000       0x75 ./Core/Startup/startup_stm32f103c8tx.o
